Jul 25 00:01:51 10.44.11.231 stm[3550]:  <501093> <NOTI> |AP EXT-SoTF-AP375-2@10.44.11.231 stm|  Auth success: c0:ee:fb:e3:78:fa: AP 10.44.11.231-48:4a:e9:d5:5c:f1-EXT-SoTF-AP375-2
Jul 25 00:01:51 10.44.11.231 stm[3550]:  <501095> <NOTI> |AP EXT-SoTF-AP375-2@10.44.11.231 stm|  Assoc request @ 00:01:51.423410: c0:ee:fb:e3:78:fa (SN 0): AP 10.44.11.231-48:4a:e9:d5:5c:f1-EXT-SoTF-AP375-2
Jul 25 00:01:51 10.47.0.32 stm[1897]: <501218> <1897> <NOTI> < 10.47.0.32>  stm_sta_assign_vlan 21120: VLAN: sta c0:ee:fb:e3:78:fa, STM assigns MAC based vlan_id 1
Jul 25 00:01:51 10.44.11.231 stm[3550]:  <501100> <NOTI> |AP EXT-SoTF-AP375-2@10.44.11.231 stm|  Assoc success @ 00:01:51.427440: c0:ee:fb:e3:78:fa: AP 10.44.11.231-48:4a:e9:d5:5c:f1-EXT-SoTF-AP375-2
Jul 25 00:01:51 10.47.0.32 stm[1897]: <501080> <1897> <NOTI> < 10.47.0.32>  Deauth to sta: c0:ee:fb:e3:78:fa: Ageout AP 10.44.10.231-20:a6:cd:21:b5:d1-EXT-BaTF-1 STA has roamed to another AP
Jul 25 00:01:51 10.47.0.32 stm[1897]: <501100> <1897> <NOTI> < 10.47.0.32>  Assoc success @ 00:01:51.423156: c0:ee:fb:e3:78:fa: AP 10.44.11.231-48:4a:e9:d5:5c:f1-EXT-SoTF-AP375-2
Jul 25 00:01:51 10.44.10.231 stm[2528]:  <501105> <NOTI> |AP EXT-BaTF-1@10.44.10.231 stm|  Deauth from sta: c0:ee:fb:e3:78:fa: AP 10.44.10.231-20:a6:cd:21:b5:d1-EXT-BaTF-1 Reason STA has roamed to another AP
Jul 25 00:01:51 10.44.128.142 stm[2528]:  <501093> <NOTI> |AP EXT-Robi109-AP275-1@10.44.128.142 stm|  Auth success: b2:ba:98:2f:22:7d: AP 10.44.128.142-b4:5d:50:13:78:90-EXT-Robi109-AP275-1
Jul 25 00:01:51 10.44.128.142 stm[2528]:  <501095> <NOTI> |AP EXT-Robi109-AP275-1@10.44.128.142 stm|  Assoc request @ 00:01:51.951566: b2:ba:98:2f:22:7d (SN 966): AP 10.44.128.142-b4:5d:50:13:78:90-EXT-Robi109-AP275-1
Jul 25 00:01:51 10.47.0.23 stm[1897]: <501218> <1897> <NOTI> < 10.47.0.23>  stm_sta_assign_vlan 21120: VLAN: sta b2:ba:98:2f:22:7d, STM assigns MAC based vlan_id 1
Jul 25 00:01:51 10.47.0.23 stm[1897]: <501080> <1897> <NOTI> < 10.47.0.23>  Deauth to sta: b2:ba:98:2f:22:7d: Ageout AP 10.44.132.163-f0:5c:19:b8:46:00-EXT-Rowe111-AP275-1 STA has roamed to another AP
Jul 25 00:01:51 10.44.128.142 stm[2528]:  <501100> <NOTI> |AP EXT-Robi109-AP275-1@10.44.128.142 stm|  Assoc success @ 00:01:51.956003: b2:ba:98:2f:22:7d: AP 10.44.128.142-b4:5d:50:13:78:90-EXT-Robi109-AP275-1
Jul 25 00:01:51 10.47.0.23 stm[1897]: <501100> <1897> <NOTI> < 10.47.0.23>  Assoc success @ 00:01:51.962485: b2:ba:98:2f:22:7d: AP 10.44.128.142-b4:5d:50:13:78:90-EXT-Robi109-AP275-1
Jul 25 00:01:51 10.44.132.163 stm[2528]:  <501105> <NOTI> |AP EXT-Rowe111-AP275-1@10.44.132.163 stm|  Deauth from sta: b2:ba:98:2f:22:7d: AP 10.44.132.163-f0:5c:19:b8:46:00-EXT-Rowe111-AP275-1 Reason STA has roamed to another AP
Jul 25 00:01:52 10.47.0.23 dot1x-proc:3[2750]: <522038> <2750> <NOTI> < 10.47.0.23>  username=w4XDlcOGwpTCklHCn8KmwrTDpcOhwp3Ckl3DiMOHw55N MAC=b2:ba:98:2f:22:7d IP=0.0.0.0 Result=Successful method=802.1x server=radius-rup2-et5020-2-10.23.0.41
Jul 25 00:01:52 10.47.0.23 authmgr[1864]: <522008> <1864> <NOTI> < 10.47.0.23>  User Authentication Successful: username=w4XDlcOGwpTCklHCn8KmwrTDpcOhwp3Ckl3DiMOHw55N MAC=b2:ba:98:2f:22:7d IP=fe80::1cba:67fc:5bf9:10ea role=ur_student_personal_device VLAN=309 AP=EXT-Robi109-AP275-1 SSID=eduroam AAA profile=aaa-uncc-dot1x auth method=802.1x auth server=radius-rup2-et5020-2-10.23.0.41
Jul 25 00:01:52 10.47.0.23 authmgr[1864]: <522008> <1864> <NOTI> < 10.47.0.23>  User Authentication Successful: username=w4XDlcOGwpTCklHCn8KmwrTDpcOhwp3Ckl3DiMOHw55N MAC=b2:ba:98:2f:22:7d IP=10.216.41.145 role=ur_student_personal_device VLAN=309 AP=EXT-Robi109-AP275-1 SSID=eduroam AAA profile=aaa-uncc-dot1x auth method=802.1x auth server=radius-rup2-et5020-2-10.23.0.41
Jul 25 00:01:52 10.47.0.32 stm[1897]: <501106> <4008> <NOTI> < 10.47.0.32>  Deauth to sta: 24:f6:77:09:2c:94: Ageout AP 10.45.83.5-90:4c:81:8e:fd:50-Wood390-AP345-2 wifi_deauth_sta
Jul 25 00:01:52 10.47.0.32 stm[1897]: <501080> <4008> <NOTI> < 10.47.0.32>  Deauth to sta: 24:f6:77:09:2c:94: Ageout AP 10.45.83.5-90:4c:81:8e:fd:50-Wood390-AP345-2 APAE Disconnect
Jul 25 00:01:52 10.45.83.5 stm[2863]:  <501105> <NOTI> |AP Wood390-AP345-2@10.45.83.5 stm|  Deauth from sta: 24:f6:77:09:2c:94: AP 10.45.83.5-90:4c:81:8e:fd:50-Wood390-AP345-2 Reason APAE Disconnect
Jul 25 00:01:52 10.47.0.32 authmgr[1863]: <124006> <1863> <WARN> < 10.47.0.32>  {289216} UDP srcip=10.22.29.157 srcport=138 dstip=10.22.31.255 dstport=138, action=deny, role=ur_facstaff_uncc_device, policy=block_netbios
Jul 25 00:01:53 10.44.4.50 stm[2526]:  <501093> <NOTI> |AP EXT-MilH200-AP275-1@10.44.4.50 stm|  Auth success: d0:81:7a:be:93:14: AP 10.44.4.50-b4:5d:50:13:79:d1-EXT-MilH200-AP275-1
Jul 25 00:01:53 10.44.4.50 stm[2526]:  <501095> <NOTI> |AP EXT-MilH200-AP275-1@10.44.4.50 stm|  Assoc request @ 00:01:53.230904: d0:81:7a:be:93:14 (SN 3288): AP 10.44.4.50-b4:5d:50:13:79:d1-EXT-MilH200-AP275-1
Jul 25 00:01:53 10.47.0.33 stm[1910]: <501218> <1910> <NOTI> < 10.47.0.33>  stm_sta_assign_vlan 21120: VLAN: sta d0:81:7a:be:93:14, STM assigns MAC based vlan_id 1
Jul 25 00:01:53 10.47.0.33 stm[1910]: <501100> <1910> <NOTI> < 10.47.0.33>  Assoc success @ 00:01:53.238834: d0:81:7a:be:93:14: AP 10.44.4.50-b4:5d:50:13:79:d1-EXT-MilH200-AP275-1
Jul 25 00:01:53 10.44.4.50 stm[2526]:  <501100> <NOTI> |AP EXT-MilH200-AP275-1@10.44.4.50 stm|  Assoc success @ 00:01:53.235254: d0:81:7a:be:93:14: AP 10.44.4.50-b4:5d:50:13:79:d1-EXT-MilH200-AP275-1
Jul 25 00:01:53 10.44.4.50 stm[2526]:  <501093> <NOTI> |AP EXT-MilH200-AP275-1@10.44.4.50 stm|  Auth success: c6:9d:42:5b:ac:5f: AP 10.44.4.50-b4:5d:50:13:79:d1-EXT-MilH200-AP275-1
Jul 25 00:01:53 10.44.4.50 stm[2526]:  <501095> <NOTI> |AP EXT-MilH200-AP275-1@10.44.4.50 stm|  Assoc request @ 00:01:53.817249: c6:9d:42:5b:ac:5f (SN 2980): AP 10.44.4.50-b4:5d:50:13:79:d1-EXT-MilH200-AP275-1
Jul 25 00:01:53 10.47.0.32 stm[1897]: <501218> <1897> <NOTI> < 10.47.0.32>  stm_sta_assign_vlan 21120: VLAN: sta c6:9d:42:5b:ac:5f, STM assigns MAC based vlan_id 1
Jul 25 00:01:53 10.47.0.32 stm[1897]: <501100> <1897> <NOTI> < 10.47.0.32>  Assoc success @ 00:01:53.827635: c6:9d:42:5b:ac:5f: AP 10.44.4.50-b4:5d:50:13:79:d1-EXT-MilH200-AP275-1
Jul 25 00:01:53 10.44.4.50 stm[2526]:  <501080> <NOTI> |AP EXT-MilH200-AP275-1@10.44.4.50 stm|  Deauth to sta: c6:9d:42:5b:ac:5f: Ageout AP 10.44.4.50-b4:5d:50:13:79:c1-EXT-MilH200-AP275-1 STA has roamed to another AP
Jul 25 00:01:53 10.44.4.50 stm[2526]:  <501100> <NOTI> |AP EXT-MilH200-AP275-1@10.44.4.50 stm|  Assoc success @ 00:01:53.827162: c6:9d:42:5b:ac:5f: AP 10.44.4.50-b4:5d:50:13:79:d1-EXT-MilH200-AP275-1
Jul 25 00:01:55 10.44.132.163 stm[2528]:  <501093> <NOTI> |AP EXT-Rowe111-AP275-1@10.44.132.163 stm|  Auth success: b2:ba:98:2f:22:7d: AP 10.44.132.163-f0:5c:19:b8:46:00-EXT-Rowe111-AP275-1
Jul 25 00:01:55 10.44.132.163 stm[2528]:  <501095> <NOTI> |AP EXT-Rowe111-AP275-1@10.44.132.163 stm|  Assoc request @ 00:01:55.209902: b2:ba:98:2f:22:7d (SN 173): AP 10.44.132.163-f0:5c:19:b8:46:00-EXT-Rowe111-AP275-1
Jul 25 00:01:55 10.47.0.23 stm[1897]: <501218> <1897> <NOTI> < 10.47.0.23>  stm_sta_assign_vlan 21120: VLAN: sta b2:ba:98:2f:22:7d, STM assigns MAC based vlan_id 1
Jul 25 00:01:55 10.47.0.23 stm[1897]: <501080> <1897> <NOTI> < 10.47.0.23>  Deauth to sta: b2:ba:98:2f:22:7d: Ageout AP 10.44.128.142-b4:5d:50:13:78:90-EXT-Robi109-AP275-1 STA has roamed to another AP
Jul 25 00:01:55 10.44.132.163 stm[2528]:  <501100> <NOTI> |AP EXT-Rowe111-AP275-1@10.44.132.163 stm|  Assoc success @ 00:01:55.216671: b2:ba:98:2f:22:7d: AP 10.44.132.163-f0:5c:19:b8:46:00-EXT-Rowe111-AP275-1
Jul 25 00:01:55 10.47.0.23 stm[1897]: <501100> <1897> <NOTI> < 10.47.0.23>  Assoc success @ 00:01:55.229407: b2:ba:98:2f:22:7d: AP 10.44.132.163-f0:5c:19:b8:46:00-EXT-Rowe111-AP275-1
Jul 25 00:01:55 10.47.0.23 authmgr[1864]: <522008> <3628> <NOTI> < 10.47.0.23>  User Authentication Successful: username=w4XDlcOGwpTCklHCn8KmwrTDpcOhwp3Ckl3DiMOHw55N MAC=b2:ba:98:2f:22:7d IP=fe80::1cba:67fc:5bf9:10ea role=ur_student_personal_device VLAN=309 AP=EXT-Rowe111-AP275-1 SSID=eduroam AAA profile=aaa-uncc-dot1x auth method=802.1x auth server=radius-rup2-et5020-2-10.23.0.41
Jul 25 00:01:55 10.47.0.23 authmgr[1864]: <522008> <3628> <NOTI> < 10.47.0.23>  User Authentication Successful: username=w4XDlcOGwpTCklHCn8KmwrTDpcOhwp3Ckl3DiMOHw55N MAC=b2:ba:98:2f:22:7d IP=10.216.41.145 role=ur_student_personal_device VLAN=309 AP=EXT-Rowe111-AP275-1 SSID=eduroam AAA profile=aaa-uncc-dot1x auth method=802.1x auth server=radius-rup2-et5020-2-10.23.0.41
Jul 25 00:01:55 10.44.128.142 stm[2528]:  <501105> <NOTI> |AP EXT-Robi109-AP275-1@10.44.128.142 stm|  Deauth from sta: b2:ba:98:2f:22:7d: AP 10.44.128.142-b4:5d:50:13:78:90-EXT-Robi109-AP275-1 Reason STA has roamed to another AP
Jul 25 00:01:55 10.45.14.97 sapd[2899]: <326268> <ERRS> |AP Winn211-AP345-1@10.45.14.97 sapd|  An internal system error has occurred at file amon.c function amon_mcell_add_max_ssids_table line 2023 error invalid max_ssids 20 for 90:4c:81:8c:2b:70 .
Jul 25 00:01:56 10.44.4.48 stm[2526]:  <501093> <NOTI> |AP EXT-MilH100-AP275-1@10.44.4.48 stm|  Auth success: 62:45:1d:fb:f2:34: AP 10.44.4.48-b4:5d:50:13:73:11-EXT-MilH100-AP275-1
Jul 25 00:01:56 10.44.4.48 stm[2526]:  <501095> <NOTI> |AP EXT-MilH100-AP275-1@10.44.4.48 stm|  Assoc request @ 00:01:56.571614: 62:45:1d:fb:f2:34 (SN 1099): AP 10.44.4.48-b4:5d:50:13:73:11-EXT-MilH100-AP275-1
Jul 25 00:01:56 10.44.4.48 stm[2526]:  <501080> <NOTI> |AP EXT-MilH100-AP275-1@10.44.4.48 stm|  Deauth to sta: 62:45:1d:fb:f2:34: Ageout AP 10.44.4.48-b4:5d:50:13:73:01-EXT-MilH100-AP275-1 STA has roamed to another AP
Jul 25 00:01:56 10.47.0.33 stm[1910]: <501218> <1910> <NOTI> < 10.47.0.33>  stm_sta_assign_vlan 21120: VLAN: sta 62:45:1d:fb:f2:34, STM assigns MAC based vlan_id 1
Jul 25 00:01:56 10.47.0.33 stm[1910]: <501100> <1910> <NOTI> < 10.47.0.33>  Assoc success @ 00:01:56.589272: 62:45:1d:fb:f2:34: AP 10.44.4.48-b4:5d:50:13:73:11-EXT-MilH100-AP275-1
Jul 25 00:01:56 10.44.4.48 stm[2526]:  <501100> <NOTI> |AP EXT-MilH100-AP275-1@10.44.4.48 stm|  Assoc success @ 00:01:56.584717: 62:45:1d:fb:f2:34: AP 10.44.4.48-b4:5d:50:13:73:11-EXT-MilH100-AP275-1
Jul 25 00:01:56 10.44.28.23 stm[2591]:  <501106> <NOTI> |AP EXT-BelH201-AP275-1@10.44.28.23 stm|  Deauth to sta: 00:fa:21:55:cc:4d: Ageout AP 10.44.28.23-b4:5d:50:13:79:21-EXT-BelH201-AP275-1 handle_sapcp
Jul 25 00:01:56 10.44.28.23 stm[2591]:  <501080> <NOTI> |AP EXT-BelH201-AP275-1@10.44.28.23 stm|  Deauth to sta: 00:fa:21:55:cc:4d: Ageout AP 10.44.28.23-b4:5d:50:13:79:21-EXT-BelH201-AP275-1 Sapcp Ageout (internal ageout) 
Jul 25 00:01:57 10.44.60.17 stm[2526]:  <501093> <NOTI> |AP EXT-Lync101-AP275-1@10.44.60.17 stm|  Auth success: 2a:79:d9:e8:15:87: AP 10.44.60.17-b4:5d:50:13:7a:21-EXT-Lync101-AP275-1
Jul 25 00:01:57 10.44.60.17 stm[2526]:  <501095> <NOTI> |AP EXT-Lync101-AP275-1@10.44.60.17 stm|  Assoc request @ 00:01:57.171059: 2a:79:d9:e8:15:87 (SN 472): AP 10.44.60.17-b4:5d:50:13:7a:21-EXT-Lync101-AP275-1
Jul 25 00:01:57 10.44.60.17 stm[2526]:  <501100> <NOTI> |AP EXT-Lync101-AP275-1@10.44.60.17 stm|  Assoc success @ 00:01:57.178451: 2a:79:d9:e8:15:87: AP 10.44.60.17-b4:5d:50:13:7a:21-EXT-Lync101-AP275-1
Jul 25 00:01:57 10.47.0.32 stm[1897]: <501218> <1897> <NOTI> < 10.47.0.32>  stm_sta_assign_vlan 21120: VLAN: sta 2a:79:d9:e8:15:87, STM assigns MAC based vlan_id 1
Jul 25 00:01:57 10.47.0.32 stm[1897]: <501100> <1897> <NOTI> < 10.47.0.32>  Assoc success @ 00:01:57.189638: 2a:79:d9:e8:15:87: AP 10.44.60.17-b4:5d:50:13:7a:21-EXT-Lync101-AP275-1
Jul 25 00:01:57 10.47.0.33 stm[1910]: <501106> <4021> <NOTI> < 10.47.0.33>  Deauth to sta: d8:30:62:64:d0:1b: Ageout AP 10.44.208.149-70:3a:0e:50:79:90-Smit133-AP335-1 wifi_deauth_sta
Jul 25 00:01:57 10.47.0.33 stm[1910]: <501080> <4021> <NOTI> < 10.47.0.33>  Deauth to sta: d8:30:62:64:d0:1b: Ageout AP 10.44.208.149-70:3a:0e:50:79:90-Smit133-AP335-1 APAE Disconnect
Jul 25 00:01:57 10.44.208.149 stm[2969]:  <501105> <NOTI> |AP Smit133-AP335-1@10.44.208.149 stm|  Deauth from sta: d8:30:62:64:d0:1b: AP 10.44.208.149-70:3a:0e:50:79:90-Smit133-AP335-1 Reason APAE Disconnect
Jul 25 00:01:57 10.44.4.50 stm[2526]:  <501093> <NOTI> |AP EXT-MilH200-AP275-1@10.44.4.50 stm|  Auth success: d0:81:7a:be:93:14: AP 10.44.4.50-b4:5d:50:13:79:d1-EXT-MilH200-AP275-1
Jul 25 00:01:58 10.47.0.32 mdns[2271]: <343005> <2271> <INFO> < 10.47.0.32>  3929618192 ag_flush_wired_users 5046 Flush all wired users 
Jul 25 00:01:58 Aruba-MM-01 wms[6492]: <126065> <6492> <WARN> <Aruba-MM-01 10.47.128.140> |ids| AP(ac:a3:1e:5b:ac:30@CoEd034-AP325-1): Valid Client Not Using Encryption: An AP detected an unencrypted frame between a valid client (00:12:cc:00:24:07) and access point (BSSID ac:a3:1e:5b:ac:31), with source 00:12:cc:00:24:07 and receiver b4:0c:25:e0:40:57. SNR value is 36.
Jul 25 00:01:59 10.44.208.151 stm[2967]:  <501093> <NOTI> |AP Smit134-AP335-1@10.44.208.151 stm|  Auth success: d8:30:62:64:d0:1b: AP 10.44.208.151-70:3a:0e:50:7b:90-Smit134-AP335-1
Jul 25 00:01:59 10.44.208.151 stm[2967]:  <501095> <NOTI> |AP Smit134-AP335-1@10.44.208.151 stm|  Assoc request @ 00:01:59.404473: d8:30:62:64:d0:1b (SN 0): AP 10.44.208.151-70:3a:0e:50:7b:90-Smit134-AP335-1
Jul 25 00:01:59 10.47.0.33 stm[1910]: <501218> <1910> <NOTI> < 10.47.0.33>  stm_sta_assign_vlan 21120: VLAN: sta d8:30:62:64:d0:1b, STM assigns MAC based vlan_id 1
Jul 25 00:01:59 10.47.0.33 stm[1910]: <501100> <1910> <NOTI> < 10.47.0.33>  Assoc success @ 00:01:59.413864: d8:30:62:64:d0:1b: AP 10.44.208.151-70:3a:0e:50:7b:90-Smit134-AP335-1
Jul 25 00:01:59 10.44.208.151 stm[2967]:  <501100> <NOTI> |AP Smit134-AP335-1@10.44.208.151 stm|  Assoc success @ 00:01:59.409266: d8:30:62:64:d0:1b: AP 10.44.208.151-70:3a:0e:50:7b:90-Smit134-AP335-1
Jul 25 00:01:59 10.44.204.39 stm[2593]:  <501106> <NOTI> |AP EXT-StuH118G-AP275-1@10.44.204.39 stm|  Deauth to sta: d6:2e:d6:a0:9a:e0: Ageout AP 10.44.204.39-b4:5d:50:13:32:d1-EXT-StuH118G-AP275-1 handle_sapcp
Jul 25 00:01:59 10.44.204.39 stm[2593]:  <501080> <NOTI> |AP EXT-StuH118G-AP275-1@10.44.204.39 stm|  Deauth to sta: d6:2e:d6:a0:9a:e0: Ageout AP 10.44.204.39-b4:5d:50:13:32:d1-EXT-StuH118G-AP275-1 Sapcp Ageout (internal ageout) 
Jul 25 00:02:00 10.44.6.63 stm[3644]:  <501105> <NOTI> |AP Faci228-AP325-1@10.44.6.63 stm|  Deauth from sta: 64:51:06:66:77:c4: AP 10.44.6.63-40:e3:d6:54:d6:20-Faci228-AP325-1 Reason STA has left and is deauthenticated
Jul 25 00:02:01 10.44.6.57 stm[3681]:  <501093> <NOTI> |AP Faci217-AP325-1@10.44.6.57 stm|  Auth success: 64:51:06:66:77:c4: AP 10.44.6.57-ac:a3:1e:5a:68:e0-Faci217-AP325-1
Jul 25 00:02:01 10.47.0.32 stm[1897]: <501218> <1897> <NOTI> < 10.47.0.32>  stm_sta_assign_vlan 21120: VLAN: sta 64:51:06:66:77:c4, STM assigns MAC based vlan_id 1
Jul 25 00:02:01 10.44.6.57 stm[3681]:  <501095> <NOTI> |AP Faci217-AP325-1@10.44.6.57 stm|  Assoc request @ 00:02:01.580289: 64:51:06:66:77:c4 (SN 0): AP 10.44.6.57-ac:a3:1e:5a:68:e0-Faci217-AP325-1
Jul 25 00:02:01 10.47.0.32 stm[1897]: <501100> <1897> <NOTI> < 10.47.0.32>  Assoc success @ 00:02:01.587128: 64:51:06:66:77:c4: AP 10.44.6.57-ac:a3:1e:5a:68:e0-Faci217-AP325-1
Jul 25 00:02:01 10.44.6.57 stm[3681]:  <501100> <NOTI> |AP Faci217-AP325-1@10.44.6.57 stm|  Assoc success @ 00:02:01.584943: 64:51:06:66:77:c4: AP 10.44.6.57-ac:a3:1e:5a:68:e0-Faci217-AP325-1
Jul 25 00:02:02 10.44.15.142 stm[3653]:  <501093> <NOTI> |AP EPICG282-AP325-1@10.44.15.142 stm|  Auth success: 8a:72:30:f3:6e:af: AP 10.44.15.142-40:e3:d6:50:76:30-EPICG282-AP325-1
Jul 25 00:02:02 10.47.0.32 stm[1897]: <501218> <1897> <NOTI> < 10.47.0.32>  stm_sta_assign_vlan 21120: VLAN: sta 8a:72:30:f3:6e:af, STM assigns MAC based vlan_id 1
Jul 25 00:02:02 10.47.0.32 stm[1897]: <501080> <1897> <NOTI> < 10.47.0.32>  Deauth to sta: 8a:72:30:f3:6e:af: Ageout AP 10.44.15.152-b4:5d:50:13:78:30-EXT-EPIC1250-AP275-1 STA has roamed to another AP
Jul 25 00:02:02 10.44.15.142 stm[3653]:  <501095> <NOTI> |AP EPICG282-AP325-1@10.44.15.142 stm|  Assoc request @ 00:02:02.204924: 8a:72:30:f3:6e:af (SN 0): AP 10.44.15.142-40:e3:d6:50:76:30-EPICG282-AP325-1
Jul 25 00:02:02 10.47.0.32 stm[1897]: <501100> <1897> <NOTI> < 10.47.0.32>  Assoc success @ 00:02:02.210861: 8a:72:30:f3:6e:af: AP 10.44.15.142-40:e3:d6:50:76:30-EPICG282-AP325-1
Jul 25 00:02:02 10.44.15.142 stm[3653]:  <501100> <NOTI> |AP EPICG282-AP325-1@10.44.15.142 stm|  Assoc success @ 00:02:02.208829: 8a:72:30:f3:6e:af: AP 10.44.15.142-40:e3:d6:50:76:30-EPICG282-AP325-1
Jul 25 00:02:02 10.44.15.152 stm[2506]:  <501105> <NOTI> |AP EXT-EPIC1250-AP275-1@10.44.15.152 stm|  Deauth from sta: 8a:72:30:f3:6e:af: AP 10.44.15.152-b4:5d:50:13:78:30-EXT-EPIC1250-AP275-1 Reason STA has roamed to another AP
Jul 25 00:02:02 10.44.4.50 stm[2526]:  <501093> <NOTI> |AP EXT-MilH200-AP275-1@10.44.4.50 stm|  Auth success: 00:fa:21:55:cc:4d: AP 10.44.4.50-b4:5d:50:13:79:c1-EXT-MilH200-AP275-1
Jul 25 00:02:02 10.44.4.50 stm[2526]:  <501095> <NOTI> |AP EXT-MilH200-AP275-1@10.44.4.50 stm|  Assoc request @ 00:02:02.321156: 00:fa:21:55:cc:4d (SN 151): AP 10.44.4.50-b4:5d:50:13:79:c1-EXT-MilH200-AP275-1
Jul 25 00:02:02 10.44.4.50 stm[2526]:  <501080> <NOTI> |AP EXT-MilH200-AP275-1@10.44.4.50 stm|  Deauth to sta: 00:fa:21:55:cc:4d: Ageout AP 10.44.4.50-b4:5d:50:13:79:d1-EXT-MilH200-AP275-1 STA has roamed to another AP
Jul 25 00:02:02 10.47.0.33 stm[1910]: <501218> <1910> <NOTI> < 10.47.0.33>  stm_sta_assign_vlan 21120: VLAN: sta 00:fa:21:55:cc:4d, STM assigns MAC based vlan_id 1
Jul 25 00:02:02 10.47.0.33 stm[1910]: <501100> <1910> <NOTI> < 10.47.0.33>  Assoc success @ 00:02:02.334808: 00:fa:21:55:cc:4d: AP 10.44.4.50-b4:5d:50:13:79:c1-EXT-MilH200-AP275-1
Jul 25 00:02:02 10.44.4.50 stm[2526]:  <501100> <NOTI> |AP EXT-MilH200-AP275-1@10.44.4.50 stm|  Assoc success @ 00:02:02.331150: 00:fa:21:55:cc:4d: AP 10.44.4.50-b4:5d:50:13:79:c1-EXT-MilH200-AP275-1
Jul 25 00:02:04 10.47.0.32 dot1x-proc:3[2749]: <522038> <2749> <NOTI> < 10.47.0.32>  username=w4nDnsOMwoXCnMKQwqjDm8Kiw5PDosKgwpJdw4jDh8OeTQ== MAC=8a:72:30:f3:6e:af IP=0.0.0.0 Result=Successful method=802.1x server=radius-atki-et5020-2-10.23.0.40
Jul 25 00:02:04 10.47.0.32 authmgr[1863]: <522008> <1863> <NOTI> < 10.47.0.32>  User Authentication Successful: username=w4nDnsOMwoXCnMKQwqjDm8Kiw5PDosKgwpJdw4jDh8OeTQ== MAC=8a:72:30:f3:6e:af IP=10.220.85.109 role=ur_eduroam_guest VLAN=310 AP=EPICG282-AP325-1 SSID=eduroam AAA profile=aaa-uncc-dot1x auth method=802.1x auth server=radius-atki-et5020-2-10.23.0.40
Jul 25 00:02:04 10.47.0.32 authmgr[1863]: <522008> <1863> <NOTI> < 10.47.0.32>  User Authentication Successful: username=w4nDnsOMwoXCnMKQwqjDm8Kiw5PDosKgwpJdw4jDh8OeTQ== MAC=8a:72:30:f3:6e:af IP=fe80::1486:a6a1:25d8:ec62 role=ur_eduroam_guest VLAN=310 AP=EPICG282-AP325-1 SSID=eduroam AAA profile=aaa-uncc-dot1x auth method=802.1x auth server=radius-atki-et5020-2-10.23.0.40
Jul 25 00:02:04 10.44.60.17 stm[2526]:  <501093> <NOTI> |AP EXT-Lync101-AP275-1@10.44.60.17 stm|  Auth success: 2a:79:d9:e8:15:87: AP 10.44.60.17-b4:5d:50:13:7a:31-EXT-Lync101-AP275-1
Jul 25 00:02:04 10.44.60.17 stm[2526]:  <501095> <NOTI> |AP EXT-Lync101-AP275-1@10.44.60.17 stm|  Assoc request @ 00:02:04.403185: 2a:79:d9:e8:15:87 (SN 893): AP 10.44.60.17-b4:5d:50:13:7a:31-EXT-Lync101-AP275-1
Jul 25 00:02:04 10.44.60.17 stm[2526]:  <501080> <NOTI> |AP EXT-Lync101-AP275-1@10.44.60.17 stm|  Deauth to sta: 2a:79:d9:e8:15:87: Ageout AP 10.44.60.17-b4:5d:50:13:7a:21-EXT-Lync101-AP275-1 STA has roamed to another AP
Jul 25 00:02:04 10.47.0.32 stm[1897]: <501218> <1897> <NOTI> < 10.47.0.32>  stm_sta_assign_vlan 21120: VLAN: sta 2a:79:d9:e8:15:87, STM assigns MAC based vlan_id 1
Jul 25 00:02:04 10.47.0.32 stm[1897]: <501100> <1897> <NOTI> < 10.47.0.32>  Assoc success @ 00:02:04.421103: 2a:79:d9:e8:15:87: AP 10.44.60.17-b4:5d:50:13:7a:31-EXT-Lync101-AP275-1
Jul 25 00:02:04 10.44.60.17 stm[2526]:  <501100> <NOTI> |AP EXT-Lync101-AP275-1@10.44.60.17 stm|  Assoc success @ 00:02:04.416224: 2a:79:d9:e8:15:87: AP 10.44.60.17-b4:5d:50:13:7a:31-EXT-Lync101-AP275-1
Jul 25 00:02:05 10.44.132.163 stm[2528]:  <501093> <NOTI> |AP EXT-Rowe111-AP275-1@10.44.132.163 stm|  Auth success: b2:ba:98:2f:22:7d: AP 10.44.132.163-f0:5c:19:b8:46:10-EXT-Rowe111-AP275-1
Jul 25 00:02:05 10.44.132.163 stm[2528]:  <501095> <NOTI> |AP EXT-Rowe111-AP275-1@10.44.132.163 stm|  Assoc request @ 00:02:05.773059: b2:ba:98:2f:22:7d (SN 1037): AP 10.44.132.163-f0:5c:19:b8:46:10-EXT-Rowe111-AP275-1
Jul 25 00:02:05 10.44.132.163 stm[2528]:  <501080> <NOTI> |AP EXT-Rowe111-AP275-1@10.44.132.163 stm|  Deauth to sta: b2:ba:98:2f:22:7d: Ageout AP 10.44.132.163-f0:5c:19:b8:46:00-EXT-Rowe111-AP275-1 STA has roamed to another AP
Jul 25 00:02:05 10.47.0.23 stm[1897]: <501218> <1897> <NOTI> < 10.47.0.23>  stm_sta_assign_vlan 21120: VLAN: sta b2:ba:98:2f:22:7d, STM assigns MAC based vlan_id 1
Jul 25 00:02:05 10.47.0.23 stm[1897]: <501100> <1897> <NOTI> < 10.47.0.23>  Assoc success @ 00:02:05.792984: b2:ba:98:2f:22:7d: AP 10.44.132.163-f0:5c:19:b8:46:10-EXT-Rowe111-AP275-1
Jul 25 00:02:05 10.44.132.163 stm[2528]:  <501100> <NOTI> |AP EXT-Rowe111-AP275-1@10.44.132.163 stm|  Assoc success @ 00:02:05.786334: b2:ba:98:2f:22:7d: AP 10.44.132.163-f0:5c:19:b8:46:10-EXT-Rowe111-AP275-1
Jul 25 00:02:05 10.47.0.23 dot1x-proc:3[2750]: <522038> <2750> <NOTI> < 10.47.0.23>  username=w4XDlcOGwpTCklHCn8KmwrTDpcOhwp3Ckl3DiMOHw55N MAC=b2:ba:98:2f:22:7d IP=0.0.0.0 Result=Successful method=802.1x server=radius-rup2-et5020-2-10.23.0.41
Jul 25 00:02:05 10.47.0.23 authmgr[1864]: <522008> <1864> <NOTI> < 10.47.0.23>  User Authentication Successful: username=w4XDlcOGwpTCklHCn8KmwrTDpcOhwp3Ckl3DiMOHw55N MAC=b2:ba:98:2f:22:7d IP=fe80::1cba:67fc:5bf9:10ea role=ur_student_personal_device VLAN=309 AP=EXT-Rowe111-AP275-1 SSID=eduroam AAA profile=aaa-uncc-dot1x auth method=802.1x auth server=radius-rup2-et5020-2-10.23.0.41
Jul 25 00:02:05 10.47.0.23 authmgr[1864]: <522008> <1864> <NOTI> < 10.47.0.23>  User Authentication Successful: username=w4XDlcOGwpTCklHCn8KmwrTDpcOhwp3Ckl3DiMOHw55N MAC=b2:ba:98:2f:22:7d IP=10.216.41.145 role=ur_student_personal_device VLAN=309 AP=EXT-Rowe111-AP275-1 SSID=eduroam AAA profile=aaa-uncc-dot1x auth method=802.1x auth server=radius-rup2-et5020-2-10.23.0.41
Jul 25 00:02:06 10.47.0.33 authmgr[1886]: <124006> <1886> <WARN> < 10.47.0.33>  {1380878} UDP srcip=10.22.30.92 srcport=137 dstip=10.22.31.255 dstport=137, action=deny, role=ur_facstaff_uncc_device, policy=block_netbios
Jul 25 00:02:07 10.44.76.109 stm[3639]:  <501093> <NOTI> |AP Rees140-AP325-1@10.44.76.109 stm|  Auth success: d4:6a:6a:65:bc:c7: AP 10.44.76.109-ac:a3:1e:5a:5f:e0-Rees140-AP325-1
Jul 25 00:02:07 10.44.76.109 stm[3639]:  <501095> <NOTI> |AP Rees140-AP325-1@10.44.76.109 stm|  Assoc request @ 00:02:07.099467: d4:6a:6a:65:bc:c7 (SN 0): AP 10.44.76.109-ac:a3:1e:5a:5f:e0-Rees140-AP325-1
Jul 25 00:02:07 10.44.76.109 stm[3639]:  <501068> <WARN> |AP Rees140-AP325-1@10.44.76.109 stm|  Source: d4:6a:6a:65:bc:c7 Failed AP 10.44.76.109-ac:a3:1e:5a:5f:e0-Rees140-AP325-1 Multicast Encryption Mismatch
Jul 25 00:02:07 10.44.76.109 stm[3639]:  <501101> <NOTI> |AP Rees140-AP325-1@10.44.76.109 stm|  Assoc failure: d4:6a:6a:65:bc:c7: AP 10.44.76.109-ac:a3:1e:5a:5f:e0-Rees140-AP325-1 Reason Capability requested by STA unsupported by AP
Jul 25 00:02:07 10.44.76.109 stm[3639]:  <501080> <NOTI> |AP Rees140-AP325-1@10.44.76.109 stm|  Deauth to sta: d4:6a:6a:65:bc:c7: Ageout AP 10.44.76.109-ac:a3:1e:5a:5f:e0-Rees140-AP325-1 Capability requested by STA unsupported by AP
Jul 25 00:02:07 10.45.14.97 sapd[2899]: <326268> <ERRS> |AP Winn211-AP345-1@10.45.14.97 sapd|  An internal system error has occurred at file amon.c function amon_mcell_add_max_ssids_table line 2023 error invalid max_ssids 20 for 90:4c:81:8c:2b:70 .
Jul 25 00:02:08 10.47.0.33 stm[1910]: <305061> <1910> <WARN> < 10.47.0.33>  sapm_proc_hello_req: AP 10.44.242.222 90:4c:81:c0:bc:08 GSM CLUSTER_AAC is not copied to assigned A-AAC, ignore HELLO
Jul 25 00:02:08 10.44.4.50 stm[2526]:  <501093> <NOTI> |AP EXT-MilH200-AP275-1@10.44.4.50 stm|  Auth success: 00:fa:21:55:cc:4d: AP 10.44.4.50-b4:5d:50:13:79:d1-EXT-MilH200-AP275-1
Jul 25 00:02:08 10.44.4.50 stm[2526]:  <501095> <NOTI> |AP EXT-MilH200-AP275-1@10.44.4.50 stm|  Assoc request @ 00:02:08.307106: 00:fa:21:55:cc:4d (SN 189): AP 10.44.4.50-b4:5d:50:13:79:d1-EXT-MilH200-AP275-1
Jul 25 00:02:08 10.44.4.50 stm[2526]:  <501080> <NOTI> |AP EXT-MilH200-AP275-1@10.44.4.50 stm|  Deauth to sta: 00:fa:21:55:cc:4d: Ageout AP 10.44.4.50-b4:5d:50:13:79:c1-EXT-MilH200-AP275-1 STA has roamed to another AP
Jul 25 00:02:08 10.47.0.33 stm[1910]: <501218> <1910> <NOTI> < 10.47.0.33>  stm_sta_assign_vlan 21120: VLAN: sta 00:fa:21:55:cc:4d, STM assigns MAC based vlan_id 1
Jul 25 00:02:08 10.47.0.33 stm[1910]: <501100> <1910> <NOTI> < 10.47.0.33>  Assoc success @ 00:02:08.321077: 00:fa:21:55:cc:4d: AP 10.44.4.50-b4:5d:50:13:79:d1-EXT-MilH200-AP275-1
Jul 25 00:02:08 10.44.4.50 stm[2526]:  <501100> <NOTI> |AP EXT-MilH200-AP275-1@10.44.4.50 stm|  Assoc success @ 00:02:08.319177: 00:fa:21:55:cc:4d: AP 10.44.4.50-b4:5d:50:13:79:d1-EXT-MilH200-AP275-1
Jul 25 00:02:08 10.47.0.33 authmgr[1886]: <124006> <1886> <WARN> < 10.47.0.33>  {1380879} UDP srcip=10.22.30.92 srcport=137 dstip=10.22.31.255 dstport=137, action=deny, role=ur_facstaff_uncc_device, policy=block_netbios
Jul 25 00:02:08 10.47.0.32 stm[1897]: <501106> <4008> <NOTI> < 10.47.0.32>  Deauth to sta: 68:14:01:26:b9:ed: Ageout AP 10.44.134.153-ac:a3:1e:5a:a0:c0-Colv4035-AP325-1 wifi_deauth_sta
Jul 25 00:02:08 10.47.0.32 stm[1897]: <501080> <4008> <NOTI> < 10.47.0.32>  Deauth to sta: 68:14:01:26:b9:ed: Ageout AP 10.44.134.153-ac:a3:1e:5a:a0:c0-Colv4035-AP325-1 APAE Disconnect
Jul 25 00:02:08 10.44.134.153 stm[3650]:  <501105> <NOTI> |AP Colv4035-AP325-1@10.44.134.153 stm|  Deauth from sta: 68:14:01:26:b9:ed: AP 10.44.134.153-ac:a3:1e:5a:a0:c0-Colv4035-AP325-1 Reason APAE Disconnect
Jul 25 00:02:08 Aruba-MM-01 wms[6492]: <126068> <6492> <WARN> <Aruba-MM-01 10.47.128.140> |ids| AP(38:17:c3:84:9c:30@Grig360-AP345-1): Adhoc Network Using Valid SSID: An AP detected an adhoc node d6:99:88:00:2a:01 (BSSID 38:17:c3:82:b9:d0 and SSID eduroam on CHANNEL 161) using a valid/protected SSID. SNR is 0.
Jul 25 00:02:08 Aruba-MM-01 wms[6492]: <126068> <6492> <WARN> <Aruba-MM-01 10.47.128.140> |ids| AP(38:17:c3:84:9c:30@Grig360-AP345-1): Adhoc Network Using Valid SSID: An AP detected an adhoc node 00:00:25:08:0f:01 (BSSID 38:17:c3:82:b9:d0 and SSID eduroam on CHANNEL 161) using a valid/protected SSID. SNR is 10.
Jul 25 00:02:09 10.44.132.163 stm[2528]:  <501093> <NOTI> |AP EXT-Rowe111-AP275-1@10.44.132.163 stm|  Auth success: b2:ba:98:2f:22:7d: AP 10.44.132.163-f0:5c:19:b8:46:00-EXT-Rowe111-AP275-1
Jul 25 00:02:09 10.44.132.163 stm[2528]:  <501095> <NOTI> |AP EXT-Rowe111-AP275-1@10.44.132.163 stm|  Assoc request @ 00:02:09.062091: b2:ba:98:2f:22:7d (SN 335): AP 10.44.132.163-f0:5c:19:b8:46:00-EXT-Rowe111-AP275-1
Jul 25 00:02:09 10.44.134.153 stm[3650]:  <501093> <NOTI> |AP Colv4035-AP325-1@10.44.134.153 stm|  Auth success: 68:14:01:26:b9:ed: AP 10.44.134.153-ac:a3:1e:5a:a0:c0-Colv4035-AP325-1
Jul 25 00:02:09 10.47.0.32 stm[1897]: <501218> <1897> <NOTI> < 10.47.0.32>  stm_sta_assign_vlan 21120: VLAN: sta 68:14:01:26:b9:ed, STM assigns MAC based vlan_id 1
Jul 25 00:02:09 10.44.134.153 stm[3650]:  <501095> <NOTI> |AP Colv4035-AP325-1@10.44.134.153 stm|  Assoc request @ 00:02:09.069732: 68:14:01:26:b9:ed (SN 0): AP 10.44.134.153-ac:a3:1e:5a:a0:c0-Colv4035-AP325-1
Jul 25 00:02:09 10.47.0.23 stm[1897]: <501218> <1897> <NOTI> < 10.47.0.23>  stm_sta_assign_vlan 21120: VLAN: sta b2:ba:98:2f:22:7d, STM assigns MAC based vlan_id 1
Jul 25 00:02:09 10.47.0.32 stm[1897]: <501100> <1897> <NOTI> < 10.47.0.32>  Assoc success @ 00:02:09.075922: 68:14:01:26:b9:ed: AP 10.44.134.153-ac:a3:1e:5a:a0:c0-Colv4035-AP325-1
Jul 25 00:02:09 10.44.132.163 stm[2528]:  <501080> <NOTI> |AP EXT-Rowe111-AP275-1@10.44.132.163 stm|  Deauth to sta: b2:ba:98:2f:22:7d: Ageout AP 10.44.132.163-f0:5c:19:b8:46:10-EXT-Rowe111-AP275-1 STA has roamed to another AP
Jul 25 00:02:09 10.47.0.23 stm[1897]: <501100> <1897> <NOTI> < 10.47.0.23>  Assoc success @ 00:02:09.077287: b2:ba:98:2f:22:7d: AP 10.44.132.163-f0:5c:19:b8:46:00-EXT-Rowe111-AP275-1
Jul 25 00:02:09 10.44.134.153 stm[3650]:  <501100> <NOTI> |AP Colv4035-AP325-1@10.44.134.153 stm|  Assoc success @ 00:02:09.074418: 68:14:01:26:b9:ed: AP 10.44.134.153-ac:a3:1e:5a:a0:c0-Colv4035-AP325-1
Jul 25 00:02:09 10.47.0.23 authmgr[1864]: <522008> <3628> <NOTI> < 10.47.0.23>  User Authentication Successful: username=w4XDlcOGwpTCklHCn8KmwrTDpcOhwp3Ckl3DiMOHw55N MAC=b2:ba:98:2f:22:7d IP=fe80::1cba:67fc:5bf9:10ea role=ur_student_personal_device VLAN=309 AP=EXT-Rowe111-AP275-1 SSID=eduroam AAA profile=aaa-uncc-dot1x auth method=802.1x auth server=radius-rup2-et5020-2-10.23.0.41
Jul 25 00:02:09 10.47.0.23 authmgr[1864]: <522008> <3628> <NOTI> < 10.47.0.23>  User Authentication Successful: username=w4XDlcOGwpTCklHCn8KmwrTDpcOhwp3Ckl3DiMOHw55N MAC=b2:ba:98:2f:22:7d IP=10.216.41.145 role=ur_student_personal_device VLAN=309 AP=EXT-Rowe111-AP275-1 SSID=eduroam AAA profile=aaa-uncc-dot1x auth method=802.1x auth server=radius-rup2-et5020-2-10.23.0.41
Jul 25 00:02:09 10.44.132.163 stm[2528]:  <501100> <NOTI> |AP EXT-Rowe111-AP275-1@10.44.132.163 stm|  Assoc success @ 00:02:09.071188: b2:ba:98:2f:22:7d: AP 10.44.132.163-f0:5c:19:b8:46:00-EXT-Rowe111-AP275-1
Jul 25 00:02:09 10.44.4.50 stm[2526]:  <501093> <NOTI> |AP EXT-MilH200-AP275-1@10.44.4.50 stm|  Auth success: 00:fa:21:55:cc:4d: AP 10.44.4.50-b4:5d:50:13:79:c1-EXT-MilH200-AP275-1
Jul 25 00:02:09 10.44.4.50 stm[2526]:  <501095> <NOTI> |AP EXT-MilH200-AP275-1@10.44.4.50 stm|  Assoc request @ 00:02:09.508123: 00:fa:21:55:cc:4d (SN 208): AP 10.44.4.50-b4:5d:50:13:79:c1-EXT-MilH200-AP275-1
Jul 25 00:02:09 10.47.0.33 stm[1910]: <501218> <1910> <NOTI> < 10.47.0.33>  stm_sta_assign_vlan 21120: VLAN: sta 00:fa:21:55:cc:4d, STM assigns MAC based vlan_id 1
Jul 25 00:02:09 10.47.0.33 stm[1910]: <501100> <1910> <NOTI> < 10.47.0.33>  Assoc success @ 00:02:09.521778: 00:fa:21:55:cc:4d: AP 10.44.4.50-b4:5d:50:13:79:c1-EXT-MilH200-AP275-1
Jul 25 00:02:09 10.44.4.50 stm[2526]:  <501080> <NOTI> |AP EXT-MilH200-AP275-1@10.44.4.50 stm|  Deauth to sta: 00:fa:21:55:cc:4d: Ageout AP 10.44.4.50-b4:5d:50:13:79:d1-EXT-MilH200-AP275-1 STA has roamed to another AP
Jul 25 00:02:09 10.44.4.50 stm[2526]:  <501100> <NOTI> |AP EXT-MilH200-AP275-1@10.44.4.50 stm|  Assoc success @ 00:02:09.520903: 00:fa:21:55:cc:4d: AP 10.44.4.50-b4:5d:50:13:79:c1-EXT-MilH200-AP275-1
Jul 25 00:02:09 10.44.4.48 stm[2526]:  <501093> <NOTI> |AP EXT-MilH100-AP275-1@10.44.4.48 stm|  Auth success: 62:45:1d:fb:f2:34: AP 10.44.4.48-b4:5d:50:13:73:01-EXT-MilH100-AP275-1
Jul 25 00:02:09 10.44.4.48 stm[2526]:  <501095> <NOTI> |AP EXT-MilH100-AP275-1@10.44.4.48 stm|  Assoc request @ 00:02:09.803868: 62:45:1d:fb:f2:34 (SN 3759): AP 10.44.4.48-b4:5d:50:13:73:01-EXT-MilH100-AP275-1
Jul 25 00:02:09 10.44.4.48 stm[2526]:  <501080> <NOTI> |AP EXT-MilH100-AP275-1@10.44.4.48 stm|  Deauth to sta: 62:45:1d:fb:f2:34: Ageout AP 10.44.4.48-b4:5d:50:13:73:11-EXT-MilH100-AP275-1 STA has roamed to another AP
Jul 25 00:02:09 10.47.0.33 stm[1910]: <501218> <1910> <NOTI> < 10.47.0.33>  stm_sta_assign_vlan 21120: VLAN: sta 62:45:1d:fb:f2:34, STM assigns MAC based vlan_id 1
Jul 25 00:02:09 10.47.0.33 stm[1910]: <501100> <1910> <NOTI> < 10.47.0.33>  Assoc success @ 00:02:09.819935: 62:45:1d:fb:f2:34: AP 10.44.4.48-b4:5d:50:13:73:01-EXT-MilH100-AP275-1
Jul 25 00:02:09 10.44.4.48 stm[2526]:  <501100> <NOTI> |AP EXT-MilH100-AP275-1@10.44.4.48 stm|  Assoc success @ 00:02:09.816461: 62:45:1d:fb:f2:34: AP 10.44.4.48-b4:5d:50:13:73:01-EXT-MilH100-AP275-1
Jul 25 00:02:09 10.44.76.109 stm[3639]:  <501093> <NOTI> |AP Rees140-AP325-1@10.44.76.109 stm|  Auth success: d4:6a:6a:65:bc:c7: AP 10.44.76.109-ac:a3:1e:5a:5f:e0-Rees140-AP325-1
Jul 25 00:02:09 10.44.76.109 stm[3639]:  <501095> <NOTI> |AP Rees140-AP325-1@10.44.76.109 stm|  Assoc request @ 00:02:09.928427: d4:6a:6a:65:bc:c7 (SN 0): AP 10.44.76.109-ac:a3:1e:5a:5f:e0-Rees140-AP325-1
Jul 25 00:02:09 10.44.76.109 stm[3639]:  <501068> <WARN> |AP Rees140-AP325-1@10.44.76.109 stm|  Source: d4:6a:6a:65:bc:c7 Failed AP 10.44.76.109-ac:a3:1e:5a:5f:e0-Rees140-AP325-1 Multicast Encryption Mismatch
Jul 25 00:02:09 10.44.76.109 stm[3639]:  <501101> <NOTI> |AP Rees140-AP325-1@10.44.76.109 stm|  Assoc failure: d4:6a:6a:65:bc:c7: AP 10.44.76.109-ac:a3:1e:5a:5f:e0-Rees140-AP325-1 Reason Capability requested by STA unsupported by AP
Jul 25 00:02:09 10.44.76.109 stm[3639]:  <501080> <NOTI> |AP Rees140-AP325-1@10.44.76.109 stm|  Deauth to sta: d4:6a:6a:65:bc:c7: Ageout AP 10.44.76.109-ac:a3:1e:5a:5f:e0-Rees140-AP325-1 Capability requested by STA unsupported by AP
Jul 25 00:02:09 Aruba-MM-01 wms[6492]: <126068> <6492> <WARN> <Aruba-MM-01 10.47.128.140> |ids| AP(38:17:c3:84:9c:30@Grig360-AP345-1): Adhoc Network Using Valid SSID: An AP detected an adhoc node 00:00:c3:82:ce:70 (BSSID 38:17:c3:82:ce:70 and SSID eduroam on CHANNEL 48) using a valid/protected SSID. SNR is 0.
Jul 25 00:02:10 10.45.14.97 sapd[2899]: <326268> <ERRS> |AP Winn211-AP345-1@10.45.14.97 sapd|  An internal system error has occurred at file amon.c function amon_mcell_add_max_ssids_table line 2023 error invalid max_ssids 20 for 90:4c:81:8c:2b:70 .
Jul 25 00:02:12 10.44.76.109 stm[3639]:  <501093> <NOTI> |AP Rees140-AP325-1@10.44.76.109 stm|  Auth success: d4:6a:6a:65:bc:c7: AP 10.44.76.109-ac:a3:1e:5a:5f:e0-Rees140-AP325-1
Jul 25 00:02:12 10.44.76.109 stm[3639]:  <501095> <NOTI> |AP Rees140-AP325-1@10.44.76.109 stm|  Assoc request @ 00:02:12.934081: d4:6a:6a:65:bc:c7 (SN 0): AP 10.44.76.109-ac:a3:1e:5a:5f:e0-Rees140-AP325-1
Jul 25 00:02:12 10.44.76.109 stm[3639]:  <501068> <WARN> |AP Rees140-AP325-1@10.44.76.109 stm|  Source: d4:6a:6a:65:bc:c7 Failed AP 10.44.76.109-ac:a3:1e:5a:5f:e0-Rees140-AP325-1 Multicast Encryption Mismatch
Jul 25 00:02:12 10.44.76.109 stm[3639]:  <501101> <NOTI> |AP Rees140-AP325-1@10.44.76.109 stm|  Assoc failure: d4:6a:6a:65:bc:c7: AP 10.44.76.109-ac:a3:1e:5a:5f:e0-Rees140-AP325-1 Reason Capability requested by STA unsupported by AP
Jul 25 00:02:12 10.44.76.109 stm[3639]:  <501080> <NOTI> |AP Rees140-AP325-1@10.44.76.109 stm|  Deauth to sta: d4:6a:6a:65:bc:c7: Ageout AP 10.44.76.109-ac:a3:1e:5a:5f:e0-Rees140-AP325-1 Capability requested by STA unsupported by AP
Jul 25 00:02:13 10.44.4.50 stm[2526]:  <501093> <NOTI> |AP EXT-MilH200-AP275-1@10.44.4.50 stm|  Auth success: 00:fa:21:55:cc:4d: AP 10.44.4.50-b4:5d:50:13:79:d1-EXT-MilH200-AP275-1
Jul 25 00:02:13 10.44.4.50 stm[2526]:  <501095> <NOTI> |AP EXT-MilH200-AP275-1@10.44.4.50 stm|  Assoc request @ 00:02:13.826968: 00:fa:21:55:cc:4d (SN 230): AP 10.44.4.50-b4:5d:50:13:79:d1-EXT-MilH200-AP275-1
Jul 25 00:02:13 10.44.4.50 stm[2526]:  <501080> <NOTI> |AP EXT-MilH200-AP275-1@10.44.4.50 stm|  Deauth to sta: 00:fa:21:55:cc:4d: Ageout AP 10.44.4.50-b4:5d:50:13:79:c1-EXT-MilH200-AP275-1 STA has roamed to another AP
Jul 25 00:02:13 10.47.0.33 stm[1910]: <501218> <1910> <NOTI> < 10.47.0.33>  stm_sta_assign_vlan 21120: VLAN: sta 00:fa:21:55:cc:4d, STM assigns MAC based vlan_id 1
Jul 25 00:02:13 10.47.0.33 stm[1910]: <501100> <1910> <NOTI> < 10.47.0.33>  Assoc success @ 00:02:13.844567: 00:fa:21:55:cc:4d: AP 10.44.4.50-b4:5d:50:13:79:d1-EXT-MilH200-AP275-1
Jul 25 00:02:13 10.44.4.50 stm[2526]:  <501100> <NOTI> |AP EXT-MilH200-AP275-1@10.44.4.50 stm|  Assoc success @ 00:02:13.842118: 00:fa:21:55:cc:4d: AP 10.44.4.50-b4:5d:50:13:79:d1-EXT-MilH200-AP275-1
Jul 25 00:02:13 10.44.15.212 stm[2530]:  <501093> <NOTI> |AP EXT-EPICG280-AP275-1@10.44.15.212 stm|  Auth success: 8a:72:30:f3:6e:af: AP 10.44.15.212-b4:5d:50:13:73:30-EXT-EPICG280-AP275-1
Jul 25 00:02:13 10.44.15.212 stm[2530]:  <501095> <NOTI> |AP EXT-EPICG280-AP275-1@10.44.15.212 stm|  Assoc request @ 00:02:13.857465: 8a:72:30:f3:6e:af (SN 823): AP 10.44.15.212-b4:5d:50:13:73:30-EXT-EPICG280-AP275-1
Jul 25 00:02:13 10.47.0.32 stm[1897]: <501218> <1897> <NOTI> < 10.47.0.32>  stm_sta_assign_vlan 21120: VLAN: sta 8a:72:30:f3:6e:af, STM assigns MAC based vlan_id 1
Jul 25 00:02:13 10.47.0.32 stm[1897]: <501080> <1897> <NOTI> < 10.47.0.32>  Deauth to sta: 8a:72:30:f3:6e:af: Ageout AP 10.44.15.142-40:e3:d6:50:76:30-EPICG282-AP325-1 STA has roamed to another AP
Jul 25 00:02:13 10.47.0.32 stm[1897]: <501100> <1897> <NOTI> < 10.47.0.32>  Assoc success @ 00:02:13.869600: 8a:72:30:f3:6e:af: AP 10.44.15.212-b4:5d:50:13:73:30-EXT-EPICG280-AP275-1
Jul 25 00:02:13 10.44.15.212 stm[2530]:  <501100> <NOTI> |AP EXT-EPICG280-AP275-1@10.44.15.212 stm|  Assoc success @ 00:02:13.864279: 8a:72:30:f3:6e:af: AP 10.44.15.212-b4:5d:50:13:73:30-EXT-EPICG280-AP275-1
Jul 25 00:02:13 10.44.15.142 stm[3653]:  <501105> <NOTI> |AP EPICG282-AP325-1@10.44.15.142 stm|  Deauth from sta: 8a:72:30:f3:6e:af: AP 10.44.15.142-40:e3:d6:50:76:30-EPICG282-AP325-1 Reason STA has roamed to another AP
Jul 25 00:02:14 10.44.255.25 stm[2593]:  <501093> <NOTI> |AP EXT-McMi009-AP275-1@10.44.255.25 stm|  Auth success: 8c:aa:b5:f2:0b:16: AP 10.44.255.25-f0:5c:19:b8:45:41-EXT-McMi009-AP275-1
Jul 25 00:02:14 10.44.255.25 stm[2593]:  <501095> <NOTI> |AP EXT-McMi009-AP275-1@10.44.255.25 stm|  Assoc request @ 00:02:14.221685: 8c:aa:b5:f2:0b:16 (SN 1326): AP 10.44.255.25-f0:5c:19:b8:45:41-EXT-McMi009-AP275-1
Jul 25 00:02:14 10.47.0.33 stm[1910]: <501218> <1910> <NOTI> < 10.47.0.33>  stm_sta_assign_vlan 21120: VLAN: sta 8c:aa:b5:f2:0b:16, STM assigns MAC based vlan_id 1
Jul 25 00:02:14 10.47.0.33 stm[1910]: <501100> <1910> <NOTI> < 10.47.0.33>  Assoc success @ 00:02:14.234420: 8c:aa:b5:f2:0b:16: AP 10.44.255.25-f0:5c:19:b8:45:41-EXT-McMi009-AP275-1
Jul 25 00:02:14 10.44.255.25 stm[2593]:  <501100> <NOTI> |AP EXT-McMi009-AP275-1@10.44.255.25 stm|  Assoc success @ 00:02:14.228398: 8c:aa:b5:f2:0b:16: AP 10.44.255.25-f0:5c:19:b8:45:41-EXT-McMi009-AP275-1
Jul 25 00:02:14 10.47.0.32 dot1x-proc:3[2749]: <522038> <2749> <NOTI> < 10.47.0.32>  username=w4nDnsOMwoXCnMKQwqjDm8Kiw5PDosKgwpJdw4jDh8OeTQ== MAC=8a:72:30:f3:6e:af IP=0.0.0.0 Result=Successful method=802.1x server=radius-atki-et5020-2-10.23.0.40
Jul 25 00:02:14 10.47.0.32 authmgr[1863]: <522008> <1863> <NOTI> < 10.47.0.32>  User Authentication Successful: username=w4nDnsOMwoXCnMKQwqjDm8Kiw5PDosKgwpJdw4jDh8OeTQ== MAC=8a:72:30:f3:6e:af IP=10.220.85.109 role=ur_eduroam_guest VLAN=310 AP=EXT-EPICG280-AP275-1 SSID=eduroam AAA profile=aaa-uncc-dot1x auth method=802.1x auth server=radius-atki-et5020-2-10.23.0.40
Jul 25 00:02:14 10.47.0.32 authmgr[1863]: <522008> <1863> <NOTI> < 10.47.0.32>  User Authentication Successful: username=w4nDnsOMwoXCnMKQwqjDm8Kiw5PDosKgwpJdw4jDh8OeTQ== MAC=8a:72:30:f3:6e:af IP=fe80::1486:a6a1:25d8:ec62 role=ur_eduroam_guest VLAN=310 AP=EXT-EPICG280-AP275-1 SSID=eduroam AAA profile=aaa-uncc-dot1x auth method=802.1x auth server=radius-atki-et5020-2-10.23.0.40
Jul 25 00:02:14 < 10.47.0.33> stm[1910]: PAPI RxPacketFromSibyte: ACK to invalid packet SN = 0x0000eb84 opcode=0x17 
Jul 25 00:02:14 10.44.4.50 stm[2526]:  <501093> <NOTI> |AP EXT-MilH200-AP275-1@10.44.4.50 stm|  Auth success: 00:fa:21:55:cc:4d: AP 10.44.4.50-b4:5d:50:13:79:c1-EXT-MilH200-AP275-1
Jul 25 00:02:14 10.44.4.50 stm[2526]:  <501095> <NOTI> |AP EXT-MilH200-AP275-1@10.44.4.50 stm|  Assoc request @ 00:02:14.932915: 00:fa:21:55:cc:4d (SN 250): AP 10.44.4.50-b4:5d:50:13:79:c1-EXT-MilH200-AP275-1
Jul 25 00:02:14 10.44.4.50 stm[2526]:  <501080> <NOTI> |AP EXT-MilH200-AP275-1@10.44.4.50 stm|  Deauth to sta: 00:fa:21:55:cc:4d: Ageout AP 10.44.4.50-b4:5d:50:13:79:d1-EXT-MilH200-AP275-1 STA has roamed to another AP
Jul 25 00:02:14 10.47.0.33 stm[1910]: <501218> <1910> <NOTI> < 10.47.0.33>  stm_sta_assign_vlan 21120: VLAN: sta 00:fa:21:55:cc:4d, STM assigns MAC based vlan_id 1
Jul 25 00:02:14 10.47.0.33 stm[1910]: <501100> <1910> <NOTI> < 10.47.0.33>  Assoc success @ 00:02:14.947855: 00:fa:21:55:cc:4d: AP 10.44.4.50-b4:5d:50:13:79:c1-EXT-MilH200-AP275-1
Jul 25 00:02:14 10.44.4.50 stm[2526]:  <501100> <NOTI> |AP EXT-MilH200-AP275-1@10.44.4.50 stm|  Assoc success @ 00:02:14.941821: 00:fa:21:55:cc:4d: AP 10.44.4.50-b4:5d:50:13:79:c1-EXT-MilH200-AP275-1
Jul 25 00:02:14 10.44.255.25 stm[2593]:  <501102> <NOTI> |AP EXT-McMi009-AP275-1@10.44.255.25 stm|  Disassoc from sta: 8c:aa:b5:f2:0b:16: AP 10.44.255.25-f0:5c:19:b8:45:41-EXT-McMi009-AP275-1 Reason STA has left and is disassociated
Jul 25 00:02:15 Aruba-MM-01 wms[6492]: <126005> <6492> <WARN> <Aruba-MM-01 10.47.128.140> |ids| Interfering AP: The system classified an access point (BSSID 5a:2b:da:03:64:81 and SSID iPhone on CHANNEL 6) as interfering. Additional Info: Detector-AP-Name:Foun211A-AP325-1; Detector-AP-MAC:40:e3:d6:54:db:00; Detector-AP-Radio:2.
Jul 25 00:02:15 10.47.0.33 authmgr[1886]: <522038> <1886> <NOTI> < 10.47.0.33>  username=wrvDlMOYwpRceMKqwr3Dg8K8wqZvYmjClMKxwpvChMK8w4vCm8KSw67DnMKRw5jCnMOIw4fCo8KUw5bDmsKT MAC=34:41:5d:a7:7e:16 IP=fe80::96b:cd7e:58ea:df3c Result=Successful method=radius-accounting server=radius-rup2-et5020-2-10.23.0.41
Jul 25 00:02:15 10.44.76.109 stm[3639]:  <501093> <NOTI> |AP Rees140-AP325-1@10.44.76.109 stm|  Auth success: d4:6a:6a:65:bc:c7: AP 10.44.76.109-ac:a3:1e:5a:5f:e0-Rees140-AP325-1
Jul 25 00:02:15 10.44.76.109 stm[3639]:  <501095> <NOTI> |AP Rees140-AP325-1@10.44.76.109 stm|  Assoc request @ 00:02:15.937330: d4:6a:6a:65:bc:c7 (SN 0): AP 10.44.76.109-ac:a3:1e:5a:5f:e0-Rees140-AP325-1
Jul 25 00:02:15 10.44.76.109 stm[3639]:  <501068> <WARN> |AP Rees140-AP325-1@10.44.76.109 stm|  Source: d4:6a:6a:65:bc:c7 Failed AP 10.44.76.109-ac:a3:1e:5a:5f:e0-Rees140-AP325-1 Multicast Encryption Mismatch
Jul 25 00:02:15 10.44.76.109 stm[3639]:  <501101> <NOTI> |AP Rees140-AP325-1@10.44.76.109 stm|  Assoc failure: d4:6a:6a:65:bc:c7: AP 10.44.76.109-ac:a3:1e:5a:5f:e0-Rees140-AP325-1 Reason Capability requested by STA unsupported by AP
Jul 25 00:02:15 10.44.76.109 stm[3639]:  <501080> <NOTI> |AP Rees140-AP325-1@10.44.76.109 stm|  Deauth to sta: d4:6a:6a:65:bc:c7: Ageout AP 10.44.76.109-ac:a3:1e:5a:5f:e0-Rees140-AP325-1 Capability requested by STA unsupported by AP
Jul 25 00:02:15 Aruba-MM-01 wms[6492]: <126005> <6492> <WARN> <Aruba-MM-01 10.47.128.140> |ids| Interfering AP: The system classified an access point (BSSID 48:a9:d2:d3:0d:ae and SSID Audi_MMI_1839 on CHANNEL 1) as interfering. Additional Info: Detector-AP-Name:CenC601-AP325-2; Detector-AP-MAC:ac:a3:1e:5a:f0:60; Detector-AP-Radio:2.
Jul 25 00:02:16 10.47.0.33 authmgr[1886]: <522038> <1886> <NOTI> < 10.47.0.33>  username=wr3DmMOIwojCksKGw47CtMOpw57DlsKdXcKUw4fDmMKJ MAC=88:66:5a:03:41:02 IP=10.22.33.155 Result=Successful method=radius-accounting server=radius-rup2-et5020-2-10.23.0.41
Jul 25 00:02:16 10.47.0.33 authmgr[1886]: <522038> <1886> <NOTI> < 10.47.0.33>  username=wrTDi8OKwozCnMKDw5PCtMOpw57DlsKdXcKUw4fDmMKJ MAC=3a:28:bd:04:d5:e4 IP=fe80::42d:a4a4:64c8:8236 Result=Successful method=radius-accounting server=radius-rup2-et5020-2-10.23.0.41
Jul 25 00:02:16 10.47.0.33 authmgr[1886]: <522038> <1886> <NOTI> < 10.47.0.33>  username=wrvDlMOYwpRcYsKpwrrDgcK6w4x8woF8wpbClcOAecOEwqXDkcKnw6PCnMOYw5HCkcOIwpLDmsKTw6fChQ== MAC=d8:fc:93:9e:83:92 IP=10.22.95.56 Result=Successful method=radius-accounting server=radius-atki-et5020-2-10.23.0.40
Jul 25 00:02:16 10.47.0.33 authmgr[1886]: <522038> <1886> <NOTI> < 10.47.0.33>  username=w4bDicOawpbCo8KVw5rDncK0w6XDocKdwpJdw4jDh8OeTQ== MAC=86:04:de:a9:82:10 IP=fe80::c44:b1f2:45c8:6f2e Result=Successful method=radius-accounting server=radius-rup2-et5020-2-10.47.128.42
Jul 25 00:02:16 10.47.0.33 authmgr[1886]: <522038> <1886> <NOTI> < 10.47.0.33>  username=wrvDlMOYwpRcZsK1wrrCp8KjwqjChmJiwrrCr8K9W8OUw7DDm1zDqsOcw4bDhlzDisOIw6pP MAC=3c:58:c2:50:b0:db IP=10.22.52.153 Result=Successful method=radius-accounting server=radius-atki-et5020-2-10.47.128.40
Jul 25 00:02:16 10.47.0.33 authmgr[1886]: <522038> <1886> <NOTI> < 10.47.0.33>  username=wrvDlMOYwpRcwpjCtcK9w4DDg8K6bGJ_wrnCtcKawqTDnMOrwpvCksOuw5zCkcOYwpzDiMOHwqPClMOWw5rCkw== MAC=28:16:ad:1a:ce:a3 IP=10.22.19.112 Result=Successful method=radius-accounting server=radius-atki-et5020-2-10.47.128.40
Jul 25 00:02:16 10.47.0.33 authmgr[1886]: <522038> <1886> <NOTI> < 10.47.0.33>  username=wrTDh8OXwo_CnMKLwp7Cq8K0w6XDocKdwpJdw4jDh8OeTQ== MAC=b4:0e:de:8d:5a:09 IP=10.216.45.188 Result=Successful method=radius-accounting server=radius-atki-et5020-2-10.47.128.40
Jul 25 00:02:16 10.47.0.33 authmgr[1886]: <522038> <1886> <NOTI> < 10.47.0.33>  username=w4jDk8OIwoPClcKBw5rDoMOjw6TDp8KfXMKdw5fCv8OKwqHDmMOjw5LCosOew5HCkMOWwpHDhsOSw6PClMOkw5jCkw== MAC=00:24:06:f4:ce:0a IP=10.22.7.244 Result=Successful method=radius-accounting server=radius-atki-et5020-2-10.23.0.40
Jul 25 00:02:16 10.47.0.33 authmgr[1886]: <522038> <1886> <NOTI> < 10.47.0.33>  username=wrvDlMOYwpRcZsK1wrrCp8KjwqjChmJiwrrCr8K9W8OUw7DDm1zDqsOcw4bDhlzDisOIw6pP MAC=3c:58:c2:50:b0:db IP=fe80::c5bd:503c:acc8:ec77 Result=Successful method=radius-accounting server=radius-atki-et5020-2-10.47.128.40
Jul 25 00:02:17 10.47.0.32 authmgr[1863]: <124006> <1863> <WARN> < 10.47.0.32>  {289217} UDP srcip=10.22.82.141 srcport=137 dstip=10.22.95.255 dstport=137, action=deny, role=ur_facstaff_uncc_device, policy=block_netbios
Jul 25 00:02:17 10.47.0.33 authmgr[1886]: <522038> <1886> <NOTI> < 10.47.0.33>  username=w4jDk8OIwoPClcKBw5rDoMOjw6TDp8KfXMKdw5fCv8OKwqHDmMOjw5LCosOew5HCkMOWwpHDhsOSw6PClMOkw5jCkw== MAC=00:24:06:f4:70:98 IP=10.22.95.193 Result=Successful method=radius-accounting server=radius-rup2-et5020-2-10.47.128.42
Jul 25 00:02:17 10.47.0.33 authmgr[1886]: <522038> <1886> <NOTI> < 10.47.0.33>  username=wrvDlMOYwpRccMKpw4bCv8KhwqfCkMKDZMKWwpbDgHnDhMKlw5HCp8OjwpzDmMORwpHDiMKSw5rCk8OnwoU= MAC=3c:58:c2:e1:9c:ea IP=fe80::90b0:f5c7:cb74:ebaf Result=Successful method=radius-accounting server=radius-atki-et5020-2-10.23.0.40
Jul 25 00:02:17 10.47.0.33 authmgr[1886]: <522038> <1886> <NOTI> < 10.47.0.33>  username=wrvDlMOYwpRcb8Krw4fDiMK1w4DCil9lwpDCusK1woHCnsObw6bCnMKjw6PDkcOGwpHCk8OJw5nCpMKS MAC=7c:76:35:2e:04:91 IP=10.22.6.189 Result=Successful method=radius-accounting server=radius-atki-et5020-2-10.23.0.40
Jul 25 00:02:17 10.47.0.33 authmgr[1886]: <522038> <1886> <NOTI> < 10.47.0.33>  username=w4jDk8OIwoPClcKBw5rDoMOjw6TDp8KfXMKdw5fCv8OKwqHDmMOjw5LCosOew5HCkMOWwpHDhsOSw6PClMOkw5jCkw== MAC=00:24:06:f4:cd:e5 IP=10.22.83.160 Result=Successful method=radius-accounting server=radius-atki-et5020-2-10.47.128.40
Jul 25 00:02:17 10.47.0.33 authmgr[1886]: <522038> <1886> <NOTI> < 10.47.0.33>  username=wrbDlMOTwoTCnMKOw4vDm8K0w5fCocKdwp7ClcOGwpHDjsKRw6XClw== MAC=d6:f0:50:49:78:52 IP=10.220.56.122 Result=Successful method=radius-accounting server=radius-atki-et5020-2-10.47.128.40
Jul 25 00:02:17 10.44.72.202 stm[3639]:  <501093> <NOTI> |AP Cone3COR1-AP325-1@10.44.72.202 stm|  Auth success: 5e:65:db:59:15:92: AP 10.44.72.202-ac:a3:1e:58:43:51-Cone3COR1-AP325-1
Jul 25 00:02:17 10.44.72.202 stm[3639]:  <501095> <NOTI> |AP Cone3COR1-AP325-1@10.44.72.202 stm|  Assoc request @ 00:02:17.891339: 5e:65:db:59:15:92 (SN 0): AP 10.44.72.202-ac:a3:1e:58:43:51-Cone3COR1-AP325-1
Jul 25 00:02:17 10.47.0.32 stm[1897]: <501218> <1897> <NOTI> < 10.47.0.32>  stm_sta_assign_vlan 21120: VLAN: sta 5e:65:db:59:15:92, STM assigns MAC based vlan_id 1
Jul 25 00:02:17 10.44.72.202 stm[3639]:  <501100> <NOTI> |AP Cone3COR1-AP325-1@10.44.72.202 stm|  Assoc success @ 00:02:17.894338: 5e:65:db:59:15:92: AP 10.44.72.202-ac:a3:1e:58:43:51-Cone3COR1-AP325-1
Jul 25 00:02:17 10.47.0.32 stm[1897]: <501100> <1897> <NOTI> < 10.47.0.32>  Assoc success @ 00:02:17.899292: 5e:65:db:59:15:92: AP 10.44.72.202-ac:a3:1e:58:43:51-Cone3COR1-AP325-1
Jul 25 00:02:18 10.45.83.5 stm[2863]:  <501093> <NOTI> |AP Wood390-AP345-2@10.45.83.5 stm|  Auth success: 24:f6:77:09:2c:94: AP 10.45.83.5-90:4c:81:8e:fd:50-Wood390-AP345-2
Jul 25 00:02:18 10.45.83.5 stm[2863]:  <501095> <NOTI> |AP Wood390-AP345-2@10.45.83.5 stm|  Assoc request @ 00:02:18.207225: 24:f6:77:09:2c:94 (SN 1117): AP 10.45.83.5-90:4c:81:8e:fd:50-Wood390-AP345-2
Jul 25 00:02:18 10.45.83.5 stm[2863]:  <501100> <NOTI> |AP Wood390-AP345-2@10.45.83.5 stm|  Assoc success @ 00:02:18.211517: 24:f6:77:09:2c:94: AP 10.45.83.5-90:4c:81:8e:fd:50-Wood390-AP345-2
Jul 25 00:02:18 10.47.0.32 stm[1897]: <501218> <1897> <NOTI> < 10.47.0.32>  stm_sta_assign_vlan 21120: VLAN: sta 24:f6:77:09:2c:94, STM assigns MAC based vlan_id 1
Jul 25 00:02:18 10.47.0.32 stm[1897]: <501100> <1897> <NOTI> < 10.47.0.32>  Assoc success @ 00:02:18.270709: 24:f6:77:09:2c:94: AP 10.45.83.5-90:4c:81:8e:fd:50-Wood390-AP345-2
Jul 25 00:02:18 10.44.76.109 stm[3639]:  <501093> <NOTI> |AP Rees140-AP325-1@10.44.76.109 stm|  Auth success: d4:6a:6a:65:bc:c7: AP 10.44.76.109-ac:a3:1e:5a:5f:e0-Rees140-AP325-1
Jul 25 00:02:18 10.44.76.109 stm[3639]:  <501095> <NOTI> |AP Rees140-AP325-1@10.44.76.109 stm|  Assoc request @ 00:02:18.937143: d4:6a:6a:65:bc:c7 (SN 0): AP 10.44.76.109-ac:a3:1e:5a:5f:e0-Rees140-AP325-1
Jul 25 00:02:18 10.44.76.109 stm[3639]:  <501068> <WARN> |AP Rees140-AP325-1@10.44.76.109 stm|  Source: d4:6a:6a:65:bc:c7 Failed AP 10.44.76.109-ac:a3:1e:5a:5f:e0-Rees140-AP325-1 Multicast Encryption Mismatch
Jul 25 00:02:18 10.44.76.109 stm[3639]:  <501101> <NOTI> |AP Rees140-AP325-1@10.44.76.109 stm|  Assoc failure: d4:6a:6a:65:bc:c7: AP 10.44.76.109-ac:a3:1e:5a:5f:e0-Rees140-AP325-1 Reason Capability requested by STA unsupported by AP
Jul 25 00:02:18 10.44.76.109 stm[3639]:  <501080> <NOTI> |AP Rees140-AP325-1@10.44.76.109 stm|  Deauth to sta: d4:6a:6a:65:bc:c7: Ageout AP 10.44.76.109-ac:a3:1e:5a:5f:e0-Rees140-AP325-1 Capability requested by STA unsupported by AP
Jul 25 00:02:19 10.44.28.25 stm[2591]:  <501093> <NOTI> |AP EXT-BelH151-AP275-1@10.44.28.25 stm|  Auth success: 62:45:1d:fb:f2:34: AP 10.44.28.25-b4:5d:50:13:49:d1-EXT-BelH151-AP275-1
Jul 25 00:02:19 10.47.0.33 stm[1910]: <501218> <1910> <NOTI> < 10.47.0.33>  stm_sta_assign_vlan 21120: VLAN: sta 62:45:1d:fb:f2:34, STM assigns MAC based vlan_id 1
Jul 25 00:02:19 10.44.28.25 stm[2591]:  <501095> <NOTI> |AP EXT-BelH151-AP275-1@10.44.28.25 stm|  Assoc request @ 00:02:19.488573: 62:45:1d:fb:f2:34 (SN 1179): AP 10.44.28.25-b4:5d:50:13:49:d1-EXT-BelH151-AP275-1
