Jul 25 00:03:16 10.44.208.149 stm[2969]:  <501095> <NOTI> |AP Smit133-AP335-1@10.44.208.149 stm|  Assoc request @ 00:03:16.220715: d8:30:62:64:d0:1b (SN 0): AP 10.44.208.149-70:3a:0e:50:79:90-Smit133-AP335-1
Jul 25 00:03:16 10.47.0.33 stm[1910]: <501218> <1910> <NOTI> < 10.47.0.33>  stm_sta_assign_vlan 21120: VLAN: sta d8:30:62:64:d0:1b, STM assigns MAC based vlan_id 1
Jul 25 00:03:16 10.44.208.149 stm[2969]:  <501100> <NOTI> |AP Smit133-AP335-1@10.44.208.149 stm|  Assoc success @ 00:03:16.225168: d8:30:62:64:d0:1b: AP 10.44.208.149-70:3a:0e:50:79:90-Smit133-AP335-1
Jul 25 00:03:16 10.47.0.33 stm[1910]: <501100> <1910> <NOTI> < 10.47.0.33>  Assoc success @ 00:03:16.230127: d8:30:62:64:d0:1b: AP 10.44.208.149-70:3a:0e:50:79:90-Smit133-AP335-1
Jul 25 00:03:16 10.44.15.244 stm[2530]:  <501093> <NOTI> |AP EXT-EPIC1424-AP275-2@10.44.15.244 stm|  Auth success: 8a:72:30:f3:6e:af: AP 10.44.15.244-b4:5d:50:13:2c:b0-EXT-EPIC1424-AP275-2
Jul 25 00:03:16 10.44.15.244 stm[2530]:  <501095> <NOTI> |AP EXT-EPIC1424-AP275-2@10.44.15.244 stm|  Assoc request @ 00:03:16.249941: 8a:72:30:f3:6e:af (SN 1046): AP 10.44.15.244-b4:5d:50:13:2c:b0-EXT-EPIC1424-AP275-2
Jul 25 00:03:16 10.47.0.32 stm[1897]: <501218> <1897> <NOTI> < 10.47.0.32>  stm_sta_assign_vlan 21120: VLAN: sta 8a:72:30:f3:6e:af, STM assigns MAC based vlan_id 1
Jul 25 00:03:16 10.47.0.32 stm[1897]: <501080> <1897> <NOTI> < 10.47.0.32>  Deauth to sta: 8a:72:30:f3:6e:af: Ageout AP 10.44.15.167-ac:a3:1e:5a:65:90-EPIC1182-AP325-1 STA has roamed to another AP
Jul 25 00:03:16 10.47.0.32 stm[1897]: <501100> <1897> <NOTI> < 10.47.0.32>  Assoc success @ 00:03:16.260040: 8a:72:30:f3:6e:af: AP 10.44.15.244-b4:5d:50:13:2c:b0-EXT-EPIC1424-AP275-2
Jul 25 00:03:16 10.44.15.167 stm[3655]:  <501105> <NOTI> |AP EPIC1182-AP325-1@10.44.15.167 stm|  Deauth from sta: 8a:72:30:f3:6e:af: AP 10.44.15.167-ac:a3:1e:5a:65:90-EPIC1182-AP325-1 Reason STA has roamed to another AP
Jul 25 00:03:16 10.44.15.244 stm[2530]:  <501100> <NOTI> |AP EXT-EPIC1424-AP275-2@10.44.15.244 stm|  Assoc success @ 00:03:16.256760: 8a:72:30:f3:6e:af: AP 10.44.15.244-b4:5d:50:13:2c:b0-EXT-EPIC1424-AP275-2
Jul 25 00:03:16 10.44.15.244 stm[2530]:  <501093> <NOTI> |AP EXT-EPIC1424-AP275-2@10.44.15.244 stm|  Auth success: 8a:72:30:f3:6e:af: AP 10.44.15.244-b4:5d:50:13:2c:b0-EXT-EPIC1424-AP275-2
Jul 25 00:03:16 10.47.0.32 stm[1897]: <501218> <1897> <NOTI> < 10.47.0.32>  stm_sta_assign_vlan 21120: VLAN: sta 8a:72:30:f3:6e:af, STM assigns MAC based vlan_id 1
Jul 25 00:03:16 10.47.0.32 stm[1897]: <501100> <1897> <NOTI> < 10.47.0.32>  Assoc success @ 00:03:16.599433: 8a:72:30:f3:6e:af: AP 10.44.15.244-b4:5d:50:13:2c:b0-EXT-EPIC1424-AP275-2
Jul 25 00:03:16 10.44.15.244 stm[2530]:  <501095> <NOTI> |AP EXT-EPIC1424-AP275-2@10.44.15.244 stm|  Assoc request @ 00:03:16.593578: 8a:72:30:f3:6e:af (SN 1048): AP 10.44.15.244-b4:5d:50:13:2c:b0-EXT-EPIC1424-AP275-2
Jul 25 00:03:16 10.44.15.244 stm[2530]:  <501100> <NOTI> |AP EXT-EPIC1424-AP275-2@10.44.15.244 stm|  Assoc success @ 00:03:16.597999: 8a:72:30:f3:6e:af: AP 10.44.15.244-b4:5d:50:13:2c:b0-EXT-EPIC1424-AP275-2
Jul 25 00:03:16 10.44.76.104 stm[3639]:  <501093> <NOTI> |AP Rees115-AP325-1@10.44.76.104 stm|  Auth success: d4:6a:6a:65:bc:c7: AP 10.44.76.104-ac:a3:1e:54:3b:c0-Rees115-AP325-1
Jul 25 00:03:16 10.44.76.104 stm[3639]:  <501095> <NOTI> |AP Rees115-AP325-1@10.44.76.104 stm|  Assoc request @ 00:03:16.903969: d4:6a:6a:65:bc:c7 (SN 0): AP 10.44.76.104-ac:a3:1e:54:3b:c0-Rees115-AP325-1
Jul 25 00:03:16 10.44.76.104 stm[3639]:  <501068> <WARN> |AP Rees115-AP325-1@10.44.76.104 stm|  Source: d4:6a:6a:65:bc:c7 Failed AP 10.44.76.104-ac:a3:1e:54:3b:c0-Rees115-AP325-1 Multicast Encryption Mismatch
Jul 25 00:03:16 10.44.76.104 stm[3639]:  <501101> <NOTI> |AP Rees115-AP325-1@10.44.76.104 stm|  Assoc failure: d4:6a:6a:65:bc:c7: AP 10.44.76.104-ac:a3:1e:54:3b:c0-Rees115-AP325-1 Reason Capability requested by STA unsupported by AP
Jul 25 00:03:16 10.44.76.104 stm[3639]:  <501080> <NOTI> |AP Rees115-AP325-1@10.44.76.104 stm|  Deauth to sta: d4:6a:6a:65:bc:c7: Ageout AP 10.44.76.104-ac:a3:1e:54:3b:c0-Rees115-AP325-1 Capability requested by STA unsupported by AP
Jul 25 00:03:16 10.44.15.244 stm[2530]:  <501093> <NOTI> |AP EXT-EPIC1424-AP275-2@10.44.15.244 stm|  Auth success: 8a:72:30:f3:6e:af: AP 10.44.15.244-b4:5d:50:13:2c:b0-EXT-EPIC1424-AP275-2
Jul 25 00:03:16 10.44.15.244 stm[2530]:  <501095> <NOTI> |AP EXT-EPIC1424-AP275-2@10.44.15.244 stm|  Assoc request @ 00:03:16.936407: 8a:72:30:f3:6e:af (SN 1050): AP 10.44.15.244-b4:5d:50:13:2c:b0-EXT-EPIC1424-AP275-2
Jul 25 00:03:16 10.47.0.32 stm[1897]: <501218> <1897> <NOTI> < 10.47.0.32>  stm_sta_assign_vlan 21120: VLAN: sta 8a:72:30:f3:6e:af, STM assigns MAC based vlan_id 1
Jul 25 00:03:16 10.47.0.32 stm[1897]: <501100> <1897> <NOTI> < 10.47.0.32>  Assoc success @ 00:03:16.944264: 8a:72:30:f3:6e:af: AP 10.44.15.244-b4:5d:50:13:2c:b0-EXT-EPIC1424-AP275-2
Jul 25 00:03:16 10.44.15.244 stm[2530]:  <501100> <NOTI> |AP EXT-EPIC1424-AP275-2@10.44.15.244 stm|  Assoc success @ 00:03:16.942676: 8a:72:30:f3:6e:af: AP 10.44.15.244-b4:5d:50:13:2c:b0-EXT-EPIC1424-AP275-2
Jul 25 00:03:17 10.44.4.50 stm[2526]:  <501093> <NOTI> |AP EXT-MilH200-AP275-1@10.44.4.50 stm|  Auth success: 00:fa:21:55:cc:4d: AP 10.44.4.50-b4:5d:50:13:79:c1-EXT-MilH200-AP275-1
Jul 25 00:03:17 10.44.4.50 stm[2526]:  <501095> <NOTI> |AP EXT-MilH200-AP275-1@10.44.4.50 stm|  Assoc request @ 00:03:17.317602: 00:fa:21:55:cc:4d (SN 633): AP 10.44.4.50-b4:5d:50:13:79:c1-EXT-MilH200-AP275-1
Jul 25 00:03:17 10.44.4.50 stm[2526]:  <501080> <NOTI> |AP EXT-MilH200-AP275-1@10.44.4.50 stm|  Deauth to sta: 00:fa:21:55:cc:4d: Ageout AP 10.44.4.50-b4:5d:50:13:79:d1-EXT-MilH200-AP275-1 STA has roamed to another AP
Jul 25 00:03:17 10.47.0.33 stm[1910]: <501218> <1910> <NOTI> < 10.47.0.33>  stm_sta_assign_vlan 21120: VLAN: sta 00:fa:21:55:cc:4d, STM assigns MAC based vlan_id 1
Jul 25 00:03:17 10.47.0.33 stm[1910]: <501100> <1910> <NOTI> < 10.47.0.33>  Assoc success @ 00:03:17.332626: 00:fa:21:55:cc:4d: AP 10.44.4.50-b4:5d:50:13:79:c1-EXT-MilH200-AP275-1
Jul 25 00:03:17 10.44.4.50 stm[2526]:  <501100> <NOTI> |AP EXT-MilH200-AP275-1@10.44.4.50 stm|  Assoc success @ 00:03:17.331997: 00:fa:21:55:cc:4d: AP 10.44.4.50-b4:5d:50:13:79:c1-EXT-MilH200-AP275-1
Jul 25 00:03:18 Aruba-MM-01 wms[6492]: <126068> <6492> <WARN> <Aruba-MM-01 10.47.128.140> |ids| AP(38:17:c3:84:9c:30@Grig360-AP345-1): Adhoc Network Using Valid SSID: An AP detected an adhoc node 46:05:73:c0:01:00 (BSSID 38:17:c3:82:b9:d1 and SSID NinerWiFi-Guest on CHANNEL 161) using a valid/protected SSID. SNR is 0.
Jul 25 00:03:18 Aruba-MM-01 wms[6492]: <126068> <6492> <WARN> <Aruba-MM-01 10.47.128.140> |ids| AP(38:17:c3:84:9c:30@Grig360-AP345-1): Adhoc Network Using Valid SSID: An AP detected an adhoc node 00:00:00:00:ff:ff (BSSID 38:17:c3:82:b9:d1 and SSID NinerWiFi-Guest on CHANNEL 161) using a valid/protected SSID. SNR is 0.
Jul 25 00:03:18 Aruba-MM-01 wms[6492]: <126068> <6492> <WARN> <Aruba-MM-01 10.47.128.140> |ids| AP(38:17:c3:84:9c:30@Grig360-AP345-1): Adhoc Network Using Valid SSID: An AP detected an adhoc node 00:2d:1a:ad:09:17 (BSSID 38:17:c3:82:b9:d1 and SSID NinerWiFi-Guest on CHANNEL 161) using a valid/protected SSID. SNR is 0.
Jul 25 00:03:18 10.47.0.32 authmgr[1863]: <124006> <1863> <WARN> < 10.47.0.32>  {289223} UDP srcip=10.22.83.228 srcport=138 dstip=10.22.95.255 dstport=138, action=deny, role=ur_facstaff_personal_device, policy=block_netbios
Jul 25 00:03:19 10.44.76.109 stm[3639]:  <501093> <NOTI> |AP Rees140-AP325-1@10.44.76.109 stm|  Auth success: d4:6a:6a:65:bc:c7: AP 10.44.76.109-ac:a3:1e:5a:5f:e0-Rees140-AP325-1
Jul 25 00:03:19 10.44.76.109 stm[3639]:  <501095> <NOTI> |AP Rees140-AP325-1@10.44.76.109 stm|  Assoc request @ 00:03:19.904715: d4:6a:6a:65:bc:c7 (SN 0): AP 10.44.76.109-ac:a3:1e:5a:5f:e0-Rees140-AP325-1
Jul 25 00:03:19 10.44.76.109 stm[3639]:  <501068> <WARN> |AP Rees140-AP325-1@10.44.76.109 stm|  Source: d4:6a:6a:65:bc:c7 Failed AP 10.44.76.109-ac:a3:1e:5a:5f:e0-Rees140-AP325-1 Multicast Encryption Mismatch
Jul 25 00:03:19 10.44.76.109 stm[3639]:  <501101> <NOTI> |AP Rees140-AP325-1@10.44.76.109 stm|  Assoc failure: d4:6a:6a:65:bc:c7: AP 10.44.76.109-ac:a3:1e:5a:5f:e0-Rees140-AP325-1 Reason Capability requested by STA unsupported by AP
Jul 25 00:03:19 10.44.76.109 stm[3639]:  <501080> <NOTI> |AP Rees140-AP325-1@10.44.76.109 stm|  Deauth to sta: d4:6a:6a:65:bc:c7: Ageout AP 10.44.76.109-ac:a3:1e:5a:5f:e0-Rees140-AP325-1 Capability requested by STA unsupported by AP
Jul 25 00:03:20 10.47.0.32 dot1x-proc:2[2746]: <522038> <2746> <NOTI> < 10.47.0.32>  username=w4bDkMOGwo3CjsKOw5XDlcKU MAC=74:40:bb:e5:9d:15 IP=0.0.0.0 Result=Successful method=802.1x server=radius-atki-et5020-2-10.47.128.40
Jul 25 00:03:20 10.47.0.32 authmgr[1863]: <522038> <1863> <NOTI> < 10.47.0.32>  username=w4bDkMOGwo3CjsKOw5XDlcKU MAC=74:40:bb:e5:9d:15 IP=fe80::11dd:c24c:8a0a:6020 Result=Successful method=radius-accounting server=radius-atki-et5020-2-10.47.128.40
Jul 25 00:03:20 10.47.0.32 authmgr[1863]: <522038> <1863> <NOTI> < 10.47.0.32>  username=w4bDkMOGwo3CjsKOw5XDlcKU MAC=74:40:bb:e5:9d:15 IP=10.216.61.114 Result=Successful method=radius-accounting server=radius-atki-et5020-2-10.47.128.40
Jul 25 00:03:20 10.45.83.5 stm[2863]:  <501093> <NOTI> |AP Wood390-AP345-2@10.45.83.5 stm|  Auth success: 24:f6:77:09:2c:94: AP 10.45.83.5-90:4c:81:8e:fd:50-Wood390-AP345-2
Jul 25 00:03:20 10.47.0.32 stm[1897]: <501218> <1897> <NOTI> < 10.47.0.32>  stm_sta_assign_vlan 21120: VLAN: sta 24:f6:77:09:2c:94, STM assigns MAC based vlan_id 1
Jul 25 00:03:20 10.45.83.5 stm[2863]:  <501095> <NOTI> |AP Wood390-AP345-2@10.45.83.5 stm|  Assoc request @ 00:03:20.712083: 24:f6:77:09:2c:94 (SN 1370): AP 10.45.83.5-90:4c:81:8e:fd:50-Wood390-AP345-2
Jul 25 00:03:20 10.47.0.32 stm[1897]: <501100> <1897> <NOTI> < 10.47.0.32>  Assoc success @ 00:03:20.714817: 24:f6:77:09:2c:94: AP 10.45.83.5-90:4c:81:8e:fd:50-Wood390-AP345-2
Jul 25 00:03:20 10.45.83.5 stm[2863]:  <501100> <NOTI> |AP Wood390-AP345-2@10.45.83.5 stm|  Assoc success @ 00:03:20.716819: 24:f6:77:09:2c:94: AP 10.45.83.5-90:4c:81:8e:fd:50-Wood390-AP345-2
Jul 25 00:03:20 10.44.4.48 stm[2526]:  <501106> <NOTI> |AP EXT-MilH100-AP275-1@10.44.4.48 stm|  Deauth to sta: 42:f5:d6:4d:34:88: Ageout AP 10.44.4.48-b4:5d:50:13:73:01-EXT-MilH100-AP275-1 handle_sapcp
Jul 25 00:03:20 10.44.4.48 stm[2526]:  <501080> <NOTI> |AP EXT-MilH100-AP275-1@10.44.4.48 stm|  Deauth to sta: 42:f5:d6:4d:34:88: Ageout AP 10.44.4.48-b4:5d:50:13:73:01-EXT-MilH100-AP275-1 Sapcp Ageout (internal ageout) 
Jul 25 00:03:21 Aruba-MM-01 wms[6492]: <126065> <6492> <WARN> <Aruba-MM-01 10.47.128.140> |ids| AP(70:3a:0e:51:33:10@Bioi311-AP335-1): Valid Client Not Using Encryption: An AP detected an unencrypted frame between a valid client (28:f0:76:42:32:10) and access point (BSSID 70:3a:0e:51:33:11), with source 28:f0:76:42:32:10 and receiver ff:ff:ff:ff:ff:ff. SNR value is 47.
Jul 25 00:03:22 10.44.4.50 stm[2526]:  <501093> <NOTI> |AP EXT-MilH200-AP275-1@10.44.4.50 stm|  Auth success: 00:fa:21:55:cc:4d: AP 10.44.4.50-b4:5d:50:13:79:d1-EXT-MilH200-AP275-1
Jul 25 00:03:22 10.44.4.50 stm[2526]:  <501095> <NOTI> |AP EXT-MilH200-AP275-1@10.44.4.50 stm|  Assoc request @ 00:03:22.432115: 00:fa:21:55:cc:4d (SN 677): AP 10.44.4.50-b4:5d:50:13:79:d1-EXT-MilH200-AP275-1
Jul 25 00:03:22 10.44.4.50 stm[2526]:  <501080> <NOTI> |AP EXT-MilH200-AP275-1@10.44.4.50 stm|  Deauth to sta: 00:fa:21:55:cc:4d: Ageout AP 10.44.4.50-b4:5d:50:13:79:c1-EXT-MilH200-AP275-1 STA has roamed to another AP
Jul 25 00:03:22 10.47.0.33 stm[1910]: <501218> <1910> <NOTI> < 10.47.0.33>  stm_sta_assign_vlan 21120: VLAN: sta 00:fa:21:55:cc:4d, STM assigns MAC based vlan_id 1
Jul 25 00:03:22 10.44.4.50 stm[2526]:  <501100> <NOTI> |AP EXT-MilH200-AP275-1@10.44.4.50 stm|  Assoc success @ 00:03:22.442287: 00:fa:21:55:cc:4d: AP 10.44.4.50-b4:5d:50:13:79:d1-EXT-MilH200-AP275-1
Jul 25 00:03:22 10.47.0.33 stm[1910]: <501100> <1910> <NOTI> < 10.47.0.33>  Assoc success @ 00:03:22.449325: 00:fa:21:55:cc:4d: AP 10.44.4.50-b4:5d:50:13:79:d1-EXT-MilH200-AP275-1
Jul 25 00:03:22 10.47.0.32 dot1x-proc:3[2749]: <522038> <2749> <NOTI> < 10.47.0.32>  username=w4nDnsOMwoXCnMKQwqjDm8Kiw5PDosKgwpJdw4jDh8OeTQ== MAC=8a:72:30:f3:6e:af IP=0.0.0.0 Result=Successful method=802.1x server=radius-atki-et5020-2-10.23.0.40
Jul 25 00:03:22 10.47.0.32 authmgr[1863]: <522008> <1863> <NOTI> < 10.47.0.32>  User Authentication Successful: username=w4nDnsOMwoXCnMKQwqjDm8Kiw5PDosKgwpJdw4jDh8OeTQ== MAC=8a:72:30:f3:6e:af IP=10.220.85.109 role=ur_eduroam_guest VLAN=310 AP=EXT-EPIC1424-AP275-2 SSID=eduroam AAA profile=aaa-uncc-dot1x auth method=802.1x auth server=radius-atki-et5020-2-10.23.0.40
Jul 25 00:03:22 10.47.0.32 authmgr[1863]: <522008> <1863> <NOTI> < 10.47.0.32>  User Authentication Successful: username=w4nDnsOMwoXCnMKQwqjDm8Kiw5PDosKgwpJdw4jDh8OeTQ== MAC=8a:72:30:f3:6e:af IP=fe80::1486:a6a1:25d8:ec62 role=ur_eduroam_guest VLAN=310 AP=EXT-EPIC1424-AP275-2 SSID=eduroam AAA profile=aaa-uncc-dot1x auth method=802.1x auth server=radius-atki-et5020-2-10.23.0.40
Jul 25 00:03:22 10.45.81.17 stm[3217]:  <501093> <NOTI> |AP StuU051-AP345-1@10.45.81.17 stm|  Auth success: 48:60:5f:17:3c:7a: AP 10.45.81.17-38:17:c3:84:0e:d1-StuU051-AP345-1
Jul 25 00:03:22 10.47.0.32 stm[1897]: <501218> <1897> <NOTI> < 10.47.0.32>  stm_sta_assign_vlan 21120: VLAN: sta 48:60:5f:17:3c:7a, STM assigns MAC based vlan_id 1
Jul 25 00:03:22 10.47.0.32 stm[1897]: <501100> <1897> <NOTI> < 10.47.0.32>  Assoc success @ 00:03:22.782809: 48:60:5f:17:3c:7a: AP 10.45.81.17-38:17:c3:84:0e:d1-StuU051-AP345-1
Jul 25 00:03:22 10.45.81.17 stm[3217]:  <501095> <NOTI> |AP StuU051-AP345-1@10.45.81.17 stm|  Assoc request @ 00:03:22.778364: 48:60:5f:17:3c:7a (SN 2568): AP 10.45.81.17-38:17:c3:84:0e:d1-StuU051-AP345-1
Jul 25 00:03:22 10.45.81.17 stm[3217]:  <501100> <NOTI> |AP StuU051-AP345-1@10.45.81.17 stm|  Assoc success @ 00:03:22.782071: 48:60:5f:17:3c:7a: AP 10.45.81.17-38:17:c3:84:0e:d1-StuU051-AP345-1
Jul 25 00:03:22 10.44.76.104 stm[3639]:  <501093> <NOTI> |AP Rees115-AP325-1@10.44.76.104 stm|  Auth success: d4:6a:6a:65:bc:c7: AP 10.44.76.104-ac:a3:1e:54:3b:c0-Rees115-AP325-1
Jul 25 00:03:22 10.44.76.104 stm[3639]:  <501095> <NOTI> |AP Rees115-AP325-1@10.44.76.104 stm|  Assoc request @ 00:03:22.910154: d4:6a:6a:65:bc:c7 (SN 0): AP 10.44.76.104-ac:a3:1e:54:3b:c0-Rees115-AP325-1
Jul 25 00:03:22 10.44.76.104 stm[3639]:  <501068> <WARN> |AP Rees115-AP325-1@10.44.76.104 stm|  Source: d4:6a:6a:65:bc:c7 Failed AP 10.44.76.104-ac:a3:1e:54:3b:c0-Rees115-AP325-1 Multicast Encryption Mismatch
Jul 25 00:03:22 10.44.76.104 stm[3639]:  <501101> <NOTI> |AP Rees115-AP325-1@10.44.76.104 stm|  Assoc failure: d4:6a:6a:65:bc:c7: AP 10.44.76.104-ac:a3:1e:54:3b:c0-Rees115-AP325-1 Reason Capability requested by STA unsupported by AP
Jul 25 00:03:22 10.44.76.104 stm[3639]:  <501080> <NOTI> |AP Rees115-AP325-1@10.44.76.104 stm|  Deauth to sta: d4:6a:6a:65:bc:c7: Ageout AP 10.44.76.104-ac:a3:1e:54:3b:c0-Rees115-AP325-1 Capability requested by STA unsupported by AP
Jul 25 00:03:23 10.44.4.50 stm[2526]:  <501093> <NOTI> |AP EXT-MilH200-AP275-1@10.44.4.50 stm|  Auth success: 00:fa:21:55:cc:4d: AP 10.44.4.50-b4:5d:50:13:79:c1-EXT-MilH200-AP275-1
Jul 25 00:03:23 10.44.4.50 stm[2526]:  <501095> <NOTI> |AP EXT-MilH200-AP275-1@10.44.4.50 stm|  Assoc request @ 00:03:23.571412: 00:fa:21:55:cc:4d (SN 696): AP 10.44.4.50-b4:5d:50:13:79:c1-EXT-MilH200-AP275-1
Jul 25 00:03:23 10.44.4.50 stm[2526]:  <501080> <NOTI> |AP EXT-MilH200-AP275-1@10.44.4.50 stm|  Deauth to sta: 00:fa:21:55:cc:4d: Ageout AP 10.44.4.50-b4:5d:50:13:79:d1-EXT-MilH200-AP275-1 STA has roamed to another AP
Jul 25 00:03:23 10.44.4.50 stm[2526]:  <501100> <NOTI> |AP EXT-MilH200-AP275-1@10.44.4.50 stm|  Assoc success @ 00:03:23.580598: 00:fa:21:55:cc:4d: AP 10.44.4.50-b4:5d:50:13:79:c1-EXT-MilH200-AP275-1
Jul 25 00:03:23 10.47.0.33 stm[1910]: <501218> <1910> <NOTI> < 10.47.0.33>  stm_sta_assign_vlan 21120: VLAN: sta 00:fa:21:55:cc:4d, STM assigns MAC based vlan_id 1
Jul 25 00:03:23 10.47.0.33 stm[1910]: <501100> <1910> <NOTI> < 10.47.0.33>  Assoc success @ 00:03:23.593319: 00:fa:21:55:cc:4d: AP 10.44.4.50-b4:5d:50:13:79:c1-EXT-MilH200-AP275-1
Jul 25 00:03:23 10.47.0.33 authmgr[1886]: <522038> <1886> <NOTI> < 10.47.0.33>  username=wrfDkcOawoLCksKSw5zCtMOpw57DlsKdXcKUw4fDmMKJ MAC=fe:15:90:4f:bb:97 IP=10.22.28.99 Result=Successful method=radius-accounting server=radius-atki-et5020-2-10.47.128.40
Jul 25 00:03:23 10.47.0.33 authmgr[1886]: <522038> <1886> <NOTI> < 10.47.0.33>  username=w4jDk8OIwoPClcKBw5rDoMOjw6TDp8KfXMKdw5fCv8OKwqHDmMOjw5LCosOew5HCkMOWwpHDhsOSw6PClMOkw5jCkw== MAC=00:24:06:f4:cd:ee IP=10.22.73.102 Result=Successful method=radius-accounting server=radius-atki-et5020-2-10.23.0.40
Jul 25 00:03:23 10.47.0.33 authmgr[1886]: <522038> <1886> <NOTI> < 10.47.0.33>  username=w4jDk8OIwoPClcKBw5rDoMOjw6TDp8KfXMKdw5fCv8OKwqHDmMOjw5LCosOew5HCkMOWwpHDhsOSw6PClMOkw5jCkw== MAC=00:24:06:f4:d0:b3 IP=10.22.47.79 Result=Successful method=radius-accounting server=radius-atki-et5020-2-10.47.128.40
Jul 25 00:03:23 10.47.0.33 authmgr[1886]: <522038> <1886> <NOTI> < 10.47.0.33>  username=w4zDkcOOwoHCnFHCm8K0w6nDnsOWwp1dwpTDh8OYwok= MAC=28:f0:76:2b:01:3a IP=10.216.69.80 Result=Successful method=radius-accounting server=radius-rup2-et5020-2-10.23.0.41
Jul 25 00:03:23 10.47.0.33 authmgr[1886]: <522038> <1886> <NOTI> < 10.47.0.33>  username=wrvDlMOYwpRcY8K6wrnDgMKlwqVuwol3wrXClcOAecOEwqXDkcKnw6PCnMOYw5HCkcOIwpLDmsKTw6fChQ== MAC=dc:8b:28:2c:94:3f IP=fe80::8071:4deb:257:6e64 Result=Successful method=radius-accounting server=radius-rup2-et5020-2-10.23.0.41
Jul 25 00:03:23 10.47.0.33 authmgr[1886]: <522038> <1886> <NOTI> < 10.47.0.33>  username=wrvDlMOYwpRccMKpw4bCv8KywqjCjGN7wpbClsOAecOEwqXDkcKnw6PCnMOYw5HCkcOIwpLDmsKTw6fChQ== MAC=14:f6:d8:de:44:91 IP=10.22.58.68 Result=Successful method=radius-accounting server=radius-rup2-et5020-2-10.23.0.41
Jul 25 00:03:24 10.47.0.32 stm[1897]: <501106> <4008> <NOTI> < 10.47.0.32>  Deauth to sta: 68:14:01:26:b9:ed: Ageout AP 10.44.134.153-ac:a3:1e:5a:a0:c0-Colv4035-AP325-1 wifi_deauth_sta
Jul 25 00:03:24 10.47.0.32 stm[1897]: <501080> <4008> <NOTI> < 10.47.0.32>  Deauth to sta: 68:14:01:26:b9:ed: Ageout AP 10.44.134.153-ac:a3:1e:5a:a0:c0-Colv4035-AP325-1 APAE Disconnect
Jul 25 00:03:24 10.44.134.153 stm[3650]:  <501105> <NOTI> |AP Colv4035-AP325-1@10.44.134.153 stm|  Deauth from sta: 68:14:01:26:b9:ed: AP 10.44.134.153-ac:a3:1e:5a:a0:c0-Colv4035-AP325-1 Reason APAE Disconnect
Jul 25 00:03:24 10.44.134.153 stm[3650]:  <501093> <NOTI> |AP Colv4035-AP325-1@10.44.134.153 stm|  Auth success: 68:14:01:26:b9:ed: AP 10.44.134.153-ac:a3:1e:5a:a0:c0-Colv4035-AP325-1
Jul 25 00:03:24 10.47.0.32 stm[1897]: <501218> <1897> <NOTI> < 10.47.0.32>  stm_sta_assign_vlan 21120: VLAN: sta 68:14:01:26:b9:ed, STM assigns MAC based vlan_id 1
Jul 25 00:03:24 10.47.0.32 stm[1897]: <501100> <1897> <NOTI> < 10.47.0.32>  Assoc success @ 00:03:24.371234: 68:14:01:26:b9:ed: AP 10.44.134.153-ac:a3:1e:5a:a0:c0-Colv4035-AP325-1
Jul 25 00:03:24 10.44.134.153 stm[3650]:  <501095> <NOTI> |AP Colv4035-AP325-1@10.44.134.153 stm|  Assoc request @ 00:03:24.366514: 68:14:01:26:b9:ed (SN 0): AP 10.44.134.153-ac:a3:1e:5a:a0:c0-Colv4035-AP325-1
Jul 25 00:03:24 10.44.134.153 stm[3650]:  <501100> <NOTI> |AP Colv4035-AP325-1@10.44.134.153 stm|  Assoc success @ 00:03:24.370481: 68:14:01:26:b9:ed: AP 10.44.134.153-ac:a3:1e:5a:a0:c0-Colv4035-AP325-1
Jul 25 00:03:24 10.47.0.32 authmgr[1863]: <124006> <1863> <WARN> < 10.47.0.32>  {289224} UDP srcip=10.22.54.2 srcport=137 dstip=10.22.63.255 dstport=137, action=deny, role=ur_facstaff_uncc_device, policy=block_netbios
Jul 25 00:03:24 Aruba-MM-01 wms[6492]: <126068> <6492> <WARN> <Aruba-MM-01 10.47.128.140> |ids| AP(38:17:c3:84:9c:30@Grig360-AP345-1): Adhoc Network Using Valid SSID: An AP detected an adhoc node 0c:4a:c3:84:8b:51 (BSSID 38:17:c3:84:8b:51 and SSID NinerWiFi-Guest on CHANNEL 157) using a valid/protected SSID. SNR is 34.
Jul 25 00:03:26 10.44.76.109 stm[3639]:  <501093> <NOTI> |AP Rees140-AP325-1@10.44.76.109 stm|  Auth success: d4:6a:6a:65:bc:c7: AP 10.44.76.109-ac:a3:1e:5a:5f:e0-Rees140-AP325-1
Jul 25 00:03:26 10.44.76.109 stm[3639]:  <501095> <NOTI> |AP Rees140-AP325-1@10.44.76.109 stm|  Assoc request @ 00:03:26.666915: d4:6a:6a:65:bc:c7 (SN 0): AP 10.44.76.109-ac:a3:1e:5a:5f:e0-Rees140-AP325-1
Jul 25 00:03:26 10.44.76.109 stm[3639]:  <501068> <WARN> |AP Rees140-AP325-1@10.44.76.109 stm|  Source: d4:6a:6a:65:bc:c7 Failed AP 10.44.76.109-ac:a3:1e:5a:5f:e0-Rees140-AP325-1 Multicast Encryption Mismatch
Jul 25 00:03:26 10.44.76.109 stm[3639]:  <501101> <NOTI> |AP Rees140-AP325-1@10.44.76.109 stm|  Assoc failure: d4:6a:6a:65:bc:c7: AP 10.44.76.109-ac:a3:1e:5a:5f:e0-Rees140-AP325-1 Reason Capability requested by STA unsupported by AP
Jul 25 00:03:26 10.44.76.109 stm[3639]:  <501080> <NOTI> |AP Rees140-AP325-1@10.44.76.109 stm|  Deauth to sta: d4:6a:6a:65:bc:c7: Ageout AP 10.44.76.109-ac:a3:1e:5a:5f:e0-Rees140-AP325-1 Capability requested by STA unsupported by AP
Jul 25 00:03:26 10.47.0.32 dot1x-proc:3[2749]: <522275> <2749> <WARN> < 10.47.0.32>  User Authentication failed. username=w4fDl8OYwpTCksKDw5PClA== userip=0.0.0.0 usermac=24:f6:77:09:2c:94 authmethod=802.1x servername=radius-atki-et5020-2-10.23.0.40 serverip=10.23.0.40 apname=Wood390-AP345-2 bssid=90:4c:81:8e:fd:50 
Jul 25 00:03:26 10.47.0.32 stm[1897]: <501106> <4008> <NOTI> < 10.47.0.32>  Deauth to sta: 24:f6:77:09:2c:94: Ageout AP 10.45.83.5-90:4c:81:8e:fd:50-Wood390-AP345-2 wifi_deauth_sta
Jul 25 00:03:26 10.47.0.32 stm[1897]: <501080> <4008> <NOTI> < 10.47.0.32>  Deauth to sta: 24:f6:77:09:2c:94: Ageout AP 10.45.83.5-90:4c:81:8e:fd:50-Wood390-AP345-2 Response to EAP Challenge Failed
Jul 25 00:03:26 10.45.83.5 stm[2863]:  <501102> <NOTI> |AP Wood390-AP345-2@10.45.83.5 stm|  Disassoc from sta: 24:f6:77:09:2c:94: AP 10.45.83.5-90:4c:81:8e:fd:50-Wood390-AP345-2 Reason STA has left and is disassociated
Jul 25 00:03:26 10.45.83.5 stm[2863]:  <501105> <NOTI> |AP Wood390-AP345-2@10.45.83.5 stm|  Deauth from sta: 24:f6:77:09:2c:94: AP 10.45.83.5-90:4c:81:8e:fd:50-Wood390-AP345-2 Reason Response to EAP Challenge Failed
Jul 25 00:03:26 10.45.83.5 stm[2863]:  <501044> <NOTI> |AP Wood390-AP345-2@10.45.83.5 stm|  Station 24:f6:77:09:2c:94: No authentication found trying to de-authenticate to BSSID 90:4c:81:8e:fd:50 on AP Wood390-AP345-2
Jul 25 00:03:28 10.44.4.50 stm[2526]:  <501093> <NOTI> |AP EXT-MilH200-AP275-1@10.44.4.50 stm|  Auth success: 00:fa:21:55:cc:4d: AP 10.44.4.50-b4:5d:50:13:79:d1-EXT-MilH200-AP275-1
Jul 25 00:03:28 10.44.4.50 stm[2526]:  <501095> <NOTI> |AP EXT-MilH200-AP275-1@10.44.4.50 stm|  Assoc request @ 00:03:28.382484: 00:fa:21:55:cc:4d (SN 728): AP 10.44.4.50-b4:5d:50:13:79:d1-EXT-MilH200-AP275-1
Jul 25 00:03:28 10.47.0.33 stm[1910]: <501218> <1910> <NOTI> < 10.47.0.33>  stm_sta_assign_vlan 21120: VLAN: sta 00:fa:21:55:cc:4d, STM assigns MAC based vlan_id 1
Jul 25 00:03:28 10.47.0.33 stm[1910]: <501100> <1910> <NOTI> < 10.47.0.33>  Assoc success @ 00:03:28.392316: 00:fa:21:55:cc:4d: AP 10.44.4.50-b4:5d:50:13:79:d1-EXT-MilH200-AP275-1
Jul 25 00:03:28 10.44.4.50 stm[2526]:  <501080> <NOTI> |AP EXT-MilH200-AP275-1@10.44.4.50 stm|  Deauth to sta: 00:fa:21:55:cc:4d: Ageout AP 10.44.4.50-b4:5d:50:13:79:c1-EXT-MilH200-AP275-1 STA has roamed to another AP
Jul 25 00:03:28 10.44.4.50 stm[2526]:  <501100> <NOTI> |AP EXT-MilH200-AP275-1@10.44.4.50 stm|  Assoc success @ 00:03:28.392097: 00:fa:21:55:cc:4d: AP 10.44.4.50-b4:5d:50:13:79:d1-EXT-MilH200-AP275-1
Jul 25 00:03:29 10.44.28.24 stm[2616]:  <501106> <NOTI> |AP EXT-BelH306-AP275-1@10.44.28.24 stm|  Deauth to sta: 72:40:16:91:a3:21: Ageout AP 10.44.28.24-b4:5d:50:13:74:81-EXT-BelH306-AP275-1 handle_sapcp
Jul 25 00:03:29 10.44.28.24 stm[2616]:  <501080> <NOTI> |AP EXT-BelH306-AP275-1@10.44.28.24 stm|  Deauth to sta: 72:40:16:91:a3:21: Ageout AP 10.44.28.24-b4:5d:50:13:74:81-EXT-BelH306-AP275-1 Sapcp Ageout (internal ageout) 
Jul 25 00:03:29 10.45.14.97 sapd[2899]: <326268> <ERRS> |AP Winn211-AP345-1@10.45.14.97 sapd|  An internal system error has occurred at file amon.c function amon_mcell_add_max_ssids_table line 2023 error invalid max_ssids 20 for 90:4c:81:8c:2b:70 .
Jul 25 00:03:29 10.44.4.50 stm[2526]:  <501093> <NOTI> |AP EXT-MilH200-AP275-1@10.44.4.50 stm|  Auth success: 00:fa:21:55:cc:4d: AP 10.44.4.50-b4:5d:50:13:79:c1-EXT-MilH200-AP275-1
Jul 25 00:03:29 10.44.4.50 stm[2526]:  <501095> <NOTI> |AP EXT-MilH200-AP275-1@10.44.4.50 stm|  Assoc request @ 00:03:29.405312: 00:fa:21:55:cc:4d (SN 747): AP 10.44.4.50-b4:5d:50:13:79:c1-EXT-MilH200-AP275-1
Jul 25 00:03:29 10.44.4.50 stm[2526]:  <501080> <NOTI> |AP EXT-MilH200-AP275-1@10.44.4.50 stm|  Deauth to sta: 00:fa:21:55:cc:4d: Ageout AP 10.44.4.50-b4:5d:50:13:79:d1-EXT-MilH200-AP275-1 STA has roamed to another AP
Jul 25 00:03:29 10.47.0.33 stm[1910]: <501218> <1910> <NOTI> < 10.47.0.33>  stm_sta_assign_vlan 21120: VLAN: sta 00:fa:21:55:cc:4d, STM assigns MAC based vlan_id 1
Jul 25 00:03:29 10.47.0.33 stm[1910]: <501100> <1910> <NOTI> < 10.47.0.33>  Assoc success @ 00:03:29.420635: 00:fa:21:55:cc:4d: AP 10.44.4.50-b4:5d:50:13:79:c1-EXT-MilH200-AP275-1
Jul 25 00:03:29 10.44.4.50 stm[2526]:  <501100> <NOTI> |AP EXT-MilH200-AP275-1@10.44.4.50 stm|  Assoc success @ 00:03:29.419162: 00:fa:21:55:cc:4d: AP 10.44.4.50-b4:5d:50:13:79:c1-EXT-MilH200-AP275-1
Jul 25 00:03:29 10.44.76.121 stm[3639]:  <501093> <NOTI> |AP Rees211-AP325-1@10.44.76.121 stm|  Auth success: d4:6a:6a:65:bc:c7: AP 10.44.76.121-ac:a3:1e:5a:a3:60-Rees211-AP325-1
Jul 25 00:03:29 10.44.76.121 stm[3639]:  <501095> <NOTI> |AP Rees211-AP325-1@10.44.76.121 stm|  Assoc request @ 00:03:29.909955: d4:6a:6a:65:bc:c7 (SN 0): AP 10.44.76.121-ac:a3:1e:5a:a3:60-Rees211-AP325-1
Jul 25 00:03:29 10.44.76.121 stm[3639]:  <501068> <WARN> |AP Rees211-AP325-1@10.44.76.121 stm|  Source: d4:6a:6a:65:bc:c7 Failed AP 10.44.76.121-ac:a3:1e:5a:a3:60-Rees211-AP325-1 Multicast Encryption Mismatch
Jul 25 00:03:29 10.44.76.121 stm[3639]:  <501101> <NOTI> |AP Rees211-AP325-1@10.44.76.121 stm|  Assoc failure: d4:6a:6a:65:bc:c7: AP 10.44.76.121-ac:a3:1e:5a:a3:60-Rees211-AP325-1 Reason Capability requested by STA unsupported by AP
Jul 25 00:03:29 10.44.76.121 stm[3639]:  <501080> <NOTI> |AP Rees211-AP325-1@10.44.76.121 stm|  Deauth to sta: d4:6a:6a:65:bc:c7: Ageout AP 10.44.76.121-ac:a3:1e:5a:a3:60-Rees211-AP325-1 Capability requested by STA unsupported by AP
Jul 25 00:03:29 Aruba-MM-01 wms[6492]: <126068> <6492> <WARN> <Aruba-MM-01 10.47.128.140> |ids| AP(38:17:c3:84:9c:30@Grig360-AP345-1): Adhoc Network Using Valid SSID: An AP detected an adhoc node 8e:17:bd:64:b1:00 (BSSID 38:17:c3:84:8b:50 and SSID eduroam on CHANNEL 157) using a valid/protected SSID. SNR is 0.
Jul 25 00:03:29 Aruba-MM-01 wms[6492]: <126068> <6492> <WARN> <Aruba-MM-01 10.47.128.140> |ids| AP(38:17:c3:84:9c:30@Grig360-AP345-1): Adhoc Network Using Valid SSID: An AP detected an adhoc node 2c:f0:18:5a:b4:01 (BSSID 38:17:c3:84:8b:50 and SSID eduroam on CHANNEL 157) using a valid/protected SSID. SNR is 0.
Jul 25 00:03:31 10.47.0.32 authmgr[1863]: <522038> <1863> <NOTI> < 10.47.0.32>  username=wrfDksOGwoPClcKBw4zDo8KU MAC=14:7d:da:a1:92:41 IP=fe80::b:3c8e:65c2:a62c Result=Successful method=radius-accounting server=radius-atki-et5020-2-10.23.0.40
Jul 25 00:03:31 10.47.0.32 authmgr[1863]: <522038> <1863> <NOTI> < 10.47.0.32>  username=wr7Dh8OGwonCmcKFwp7CqcK0w6XDocKdwpJdw4jDh8OeTQ== MAC=24:a0:74:f0:32:f4 IP=10.22.19.219 Result=Successful method=radius-accounting server=radius-rup2-et5020-2-10.47.128.42
Jul 25 00:03:31 10.47.0.32 authmgr[1863]: <522038> <1863> <NOTI> < 10.47.0.32>  username=wrfDisOYwojCksKOw4rDlcK0w6XDocKdwpJdw4jDh8OeTQ== MAC=cc:d9:ac:7f:73:ee IP=10.22.53.255 Result=Successful method=radius-accounting server=radius-rup2-et5020-2-10.47.128.42
Jul 25 00:03:31 10.47.0.32 authmgr[1863]: <522038> <1863> <NOTI> < 10.47.0.32>  username=wr3DisOTwofCmcKVw5bDmMK0w6XDocKdwpJdw4jDh8OeTQ== MAC=f0:18:98:8e:4f:0b IP=10.22.31.152 Result=Successful method=radius-accounting server=radius-rup2-et5020-2-10.47.128.42
Jul 25 00:03:31 10.47.0.32 authmgr[1863]: <522038> <1863> <NOTI> < 10.47.0.32>  username=w4jDk8OIwoPClcKBw5rDoMOjw6TDp8KfXMKdw5fCv8OKwqHDmMOjw5LCosOew5HCkMOWwpHDhsOSw6PClMOkw5jCkw== MAC=00:24:06:f4:cd:ec IP=fe80::224:6ff:fef4:cdec Result=Successful method=radius-accounting server=radius-rup2-et5020-2-10.23.0.41
Jul 25 00:03:31 Aruba-MM-01 wms[6492]: <126005> <6492> <WARN> <Aruba-MM-01 10.47.128.140> |ids| Interfering AP: The system classified an access point (BSSID e2:89:a4:d3:f6:f3 and SSID  on CHANNEL 6) as interfering. Additional Info: Detector-AP-Name:EXT-Harr103-AP375-1; Detector-AP-MAC:48:4a:e9:d5:42:20; Detector-AP-Radio:2.
Jul 25 00:03:32 10.47.0.32 authmgr[1863]: <522038> <1863> <NOTI> < 10.47.0.32>  username=wrjDiMOUwozCmcKJwpzCpsK0w6XDocKdwpJdw4jDh8OeTQ== MAC=ec:2c:e2:7b:f7:ea IP=10.22.81.106 Result=Successful method=radius-accounting server=radius-atki-et5020-2-10.23.0.40
Jul 25 00:03:32 10.47.0.32 authmgr[1863]: <522038> <1863> <NOTI> < 10.47.0.32>  username=wqjCs8KoY3VhwrrDgMODw4TDh39cfcK3wr_DlcKWw5LDpMOOwpHDl8Odw5LDjmDCmMKVwplP MAC=10:94:bb:d8:77:1a IP=10.22.28.251 Result=Successful method=radius-accounting server=radius-atki-et5020-2-10.23.0.40
Jul 25 00:03:32 10.47.0.32 authmgr[1863]: <522038> <1863> <NOTI> < 10.47.0.32>  username=wrTDmsOdTcKawo_DisOdw6DDlcKgwqnCocKTw4jDlcOSwpvDl8KX MAC=d8:c4:97:fe:35:4f IP=10.22.29.33 Result=Successful method=radius-accounting server=radius-atki-et5020-2-10.47.128.40
Jul 25 00:03:32 10.47.0.32 authmgr[1863]: <522038> <1863> <NOTI> < 10.47.0.32>  username=wqPDhsOXwovClsKOw4_CocOHw5PDlMKowp3ClMOVw5bCiQ== MAC=a4:08:ea:25:86:07 IP=10.22.58.196 Result=Successful method=radius-accounting server=radius-atki-et5020-2-10.47.128.40
Jul 25 00:03:32 10.47.0.32 authmgr[1863]: <522038> <1863> <NOTI> < 10.47.0.32>  username=wrvDlMOYwpRcwofDjcOZw6fCp8Kswo5mwofClsKWw6DCmcOkwqXDkcKnw6PCnMOYw5HCkcOIwpLDmsKTw6fChQ== MAC=54:8d:5a:63:33:32 IP=10.22.8.38 Result=Successful method=radius-accounting server=radius-atki-et5020-2-10.23.0.40
Jul 25 00:03:32 10.47.0.32 authmgr[1863]: <522038> <1863> <NOTI> < 10.47.0.32>  username=wrTDicOawo7CncKIw6HClA== MAC=80:00:0b:8f:96:3e IP=fe80::7c16:195e:5328:749e Result=Successful method=radius-accounting server=radius-rup2-et5020-2-10.23.0.41
Jul 25 00:03:32 10.47.0.32 authmgr[1863]: <522038> <1863> <NOTI> < 10.47.0.32>  username=wrvDlMOYwpRcY8Krwr3CpcKiwqNqYWXClcK6w4DCgMKew5vDpsKcwqPDo8ORw4bCkcKTw4nDmcKkwpI= MAC=00:23:15:ff:8d:04 IP=fe80::4819:cc69:ce0b:4aee Result=Successful method=radius-accounting server=radius-atki-et5020-2-10.23.0.40
Jul 25 00:03:32 10.47.0.32 authmgr[1863]: <522038> <1863> <NOTI> < 10.47.0.32>  username=wrbDmMONwo_CosKMw4nDpsKU MAC=92:bf:38:b2:3d:6f IP=10.22.93.26 Result=Successful method=radius-accounting server=radius-rup2-et5020-2-10.23.0.41
Jul 25 00:03:32 10.47.0.32 authmgr[1863]: <522038> <1863> <NOTI> < 10.47.0.32>  username=wrbDnMOGwpPClcKJwprCqcK0w6XDocKdwpJdw4jDh8OeTQ== MAC=9e:b3:1d:41:3a:0d IP=fe80::1cc4:da08:57fa:ee2d Result=Successful method=radius-accounting server=radius-atki-et5020-2-10.23.0.40
Jul 25 00:03:32 10.47.0.32 authmgr[1863]: <522038> <1863> <NOTI> < 10.47.0.32>  username=wrTDmsOdwolawonDnsOVw6DDmcOXwpvCo8KUwqPDmMOXwpDDk8Klw5LCksOqwo4= MAC=2e:d3:0e:ac:a1:55 IP=10.220.220.234 Result=Successful method=radius-accounting server=radius-rup2-et5020-2-10.23.0.41
Jul 25 00:03:32 10.47.0.32 authmgr[1863]: <522038> <1863> <NOTI> < 10.47.0.32>  username=wrTDmMOSwonCn8KOw5fCpcK0w6XDocKdwpJdw4jDh8OeTQ== MAC=98:48:27:c2:bc:1b IP=fe80::49ce:8d36:d712:c3c2 Result=Successful method=radius-accounting server=radius-atki-et5020-2-10.47.128.40
Jul 25 00:03:32 10.47.0.32 authmgr[1863]: <522038> <1863> <NOTI> < 10.47.0.32>  username=w4fDncOOwoHCm8KHwqjDqcOiw5PDlmjClMKTw5jCgw== MAC=14:7d:da:cf:42:38 IP=fe80::ea:a8ec:1d59:aebd Result=Successful method=radius-accounting server=radius-atki-et5020-2-10.23.0.40
Jul 25 00:03:32 10.47.0.32 authmgr[1863]: <522038> <1863> <NOTI> < 10.47.0.32>  username=wr3DjMOGwozCmcKPwqDCtMOpw57DlsKdXcKUw4fDmMKJ MAC=0a:4d:7a:6e:53:c6 IP=fe80::80f:da0e:35dd:eece Result=Successful method=radius-accounting server=radius-atki-et5020-2-10.23.0.40
Jul 25 00:03:32 10.47.0.32 authmgr[1863]: <522038> <1863> <NOTI> < 10.47.0.32>  username=wrfDm8OKwpLCn8KJw5TDoMK0w6XDocKdwpJdw4jDh8OeTQ== MAC=30:d9:d9:ea:58:dc IP=fe80::86f:4a84:5d30:2f38 Result=Successful method=radius-accounting server=radius-rup2-et5020-2-10.47.128.42
Jul 25 00:03:32 10.47.0.32 authmgr[1863]: <522038> <1863> <NOTI> < 10.47.0.32>  username=w4vDk8OOwpVfQA== MAC=28:f0:76:3e:98:c0 IP=fe80::104a:4dfb:3f79:5118 Result=Successful method=radius-accounting server=radius-rup2-et5020-2-10.47.128.42
Jul 25 00:03:32 10.47.0.32 authmgr[1863]: <522038> <1863> <NOTI> < 10.47.0.32>  username=wr_DlMOYwojClsKFw5TDmMKU MAC=38:f9:d3:c1:47:ea IP=10.22.29.10 Result=Successful method=radius-accounting server=radius-rup2-et5020-2-10.23.0.41
Jul 25 00:03:32 10.47.0.32 authmgr[1863]: <522038> <1863> <NOTI> < 10.47.0.32>  username=w4PDiMOUwpPCocKBw5TDmcK0w6XDocKdwpJdw4jDh8OeTQ== MAC=54:e4:3a:bb:31:39 IP=fe80::10ca:9309:e8df:ce16 Result=Successful method=radius-accounting server=radius-rup2-et5020-2-10.23.0.41
Jul 25 00:03:32 10.47.0.32 authmgr[1863]: <522038> <1863> <NOTI> < 10.47.0.32>  username=wrTDksOGwozCmcKJw5PCtMOpw57DlsKdXcKUw4fDmMKJ MAC=64:d2:c4:f0:f4:6a IP=10.216.59.16 Result=Successful method=radius-accounting server=radius-rup2-et5020-2-10.23.0.41
Jul 25 00:03:32 10.47.0.32 authmgr[1863]: <522038> <1863> <NOTI> < 10.47.0.32>  username=w4DDmMONwo_CmcKUw5HDp8K0w6XDocKdwpJdw4jDh8OeTQ== MAC=12:be:bf:c9:87:da IP=fe80::186b:6fa5:667d:eaf3 Result=Successful method=radius-accounting server=radius-rup2-et5020-2-10.23.0.41
Jul 25 00:03:32 10.47.0.32 authmgr[1863]: <522038> <1863> <NOTI> < 10.47.0.32>  username=wrvDlMOYwpRccsKtwrjCqsK8w4p-X3bClcK6wrXCgcKew5vDpsKcwqPDo8ORw4bCkcKTw4nDmcKkwpI= MAC=28:16:ad:95:8c:74 IP=fe80::64e5:b5fa:aa5c:b441 Result=Successful method=radius-accounting server=radius-rup2-et5020-2-10.23.0.41
Jul 25 00:03:32 10.47.0.32 authmgr[1863]: <522038> <1863> <NOTI> < 10.47.0.32>  username=wrvDlMOYwpRcY8K3wrnCuMKlwr5-woDChsKWwpbDgMKEw4PCpcORwqfDo8Kcw5jDkcKRw4jCksOawpPDp8KF MAC=9c:fc:e8:a3:79:51 IP=fe80::85c0:f901:f9a3:59fd Result=Successful method=radius-accounting server=radius-rup2-et5020-2-10.47.128.42
Jul 25 00:03:32 10.47.0.33 stm[1910]: <305061> <1910> <WARN> < 10.47.0.33>  sapm_proc_hello_req: AP 10.44.26.101 70:3a:0e:cd:21:34 GSM CLUSTER_AAC is not copied to assigned A-AAC, ignore HELLO
Jul 25 00:03:32 10.44.76.109 stm[3639]:  <501093> <NOTI> |AP Rees140-AP325-1@10.44.76.109 stm|  Auth success: d4:6a:6a:65:bc:c7: AP 10.44.76.109-ac:a3:1e:5a:5f:e0-Rees140-AP325-1
Jul 25 00:03:32 10.44.76.109 stm[3639]:  <501095> <NOTI> |AP Rees140-AP325-1@10.44.76.109 stm|  Assoc request @ 00:03:32.911526: d4:6a:6a:65:bc:c7 (SN 0): AP 10.44.76.109-ac:a3:1e:5a:5f:e0-Rees140-AP325-1
Jul 25 00:03:32 10.44.76.109 stm[3639]:  <501068> <WARN> |AP Rees140-AP325-1@10.44.76.109 stm|  Source: d4:6a:6a:65:bc:c7 Failed AP 10.44.76.109-ac:a3:1e:5a:5f:e0-Rees140-AP325-1 Multicast Encryption Mismatch
Jul 25 00:03:32 10.44.76.109 stm[3639]:  <501101> <NOTI> |AP Rees140-AP325-1@10.44.76.109 stm|  Assoc failure: d4:6a:6a:65:bc:c7: AP 10.44.76.109-ac:a3:1e:5a:5f:e0-Rees140-AP325-1 Reason Capability requested by STA unsupported by AP
Jul 25 00:03:32 10.44.76.109 stm[3639]:  <501080> <NOTI> |AP Rees140-AP325-1@10.44.76.109 stm|  Deauth to sta: d4:6a:6a:65:bc:c7: Ageout AP 10.44.76.109-ac:a3:1e:5a:5f:e0-Rees140-AP325-1 Capability requested by STA unsupported by AP
Jul 25 00:03:33 10.47.0.32 authmgr[1863]: <522038> <1863> <NOTI> < 10.47.0.32>  username=wr3DicOawo7CkMKBw5bClA== MAC=a4:83:e7:73:df:6c IP=fe80::c6:a84f:cc75:e73d Result=Successful method=radius-accounting server=radius-atki-et5020-2-10.23.0.40
Jul 25 00:03:33 10.47.0.32 authmgr[1863]: <522038> <1863> <NOTI> < 10.47.0.32>  username=wrvDlMOYwpRcc8Kpwr3DiMKpwr3CiMKDZMKawpbDgHnDhMKlw5HCp8OjwpzDmMORwpHDiMKSw5rCk8OnwoU= MAC=8c:8d:28:30:4b:61 IP=fe80::1898:12d0:4d18:d5a2 Result=Successful method=radius-accounting server=radius-atki-et5020-2-10.23.0.40
Jul 25 00:03:33 10.47.0.32 authmgr[1863]: <522038> <1863> <NOTI> < 10.47.0.32>  username=wrvDlMOYwpRceMKrwrzCucK9wqVraHvCpMKzw4B5w4TCpcORwqfDo8Kcw5jDkcKRw4jCksOawpPDp8KF MAC=88:9f:fa:85:a9:85 IP=10.22.68.179 Result=Successful method=radius-accounting server=radius-rup2-et5020-2-10.23.0.41
Jul 25 00:03:33 10.47.0.32 authmgr[1863]: <522038> <1863> <NOTI> < 10.47.0.32>  username=wpnCssKywofCmsKUwpXCvcOiw6bDmMKowqPCnsOVw5zCiQ== MAC=00:12:cc:00:43:db IP=fe80::212:ccff:fe00:43db Result=Successful method=radius-accounting server=radius-atki-et5020-2-10.23.0.40
Jul 25 00:03:33 10.47.0.32 authmgr[1863]: <522038> <1863> <NOTI> < 10.47.0.32>  username=wpnCssKywofCmsKUwpXCvcOiw6bDmMKowqPCnsOVw5zCiQ== MAC=00:12:cc:00:24:49 IP=10.22.80.70 Result=Successful method=radius-accounting server=radius-rup2-et5020-2-10.47.128.42
Jul 25 00:03:33 10.47.0.32 authmgr[1863]: <522038> <1863> <NOTI> < 10.47.0.32>  username=wr3DjcOGwo3CmsKPw4vDn8K0w6XDocKdwpJdw4jDh8OeTQ== MAC=1c:bf:c0:92:dd:b1 IP=fe80::612e:1e7e:8af4:2453 Result=Successful method=radius-accounting server=radius-atki-et5020-2-10.47.128.40
Jul 25 00:03:33 10.47.0.32 authmgr[1863]: <522038> <1863> <NOTI> < 10.47.0.32>  username=wrvDlMOYwpRcY8Krwr3CpMKnwqNqX2bCpMK6w4DCgMKew5vDpsKcwqPDo8ORw4bCkcKTw4nDmcKkwpI= MAC=00:1c:bf:fc:d4:8d IP=fe80::6d84:8562:2577:d7fd Result=Successful method=radius-accounting server=radius-rup2-et5020-2-10.23.0.41
Jul 25 00:03:35 10.44.4.50 stm[2526]:  <501093> <NOTI> |AP EXT-MilH200-AP275-1@10.44.4.50 stm|  Auth success: 00:fa:21:55:cc:4d: AP 10.44.4.50-b4:5d:50:13:79:d1-EXT-MilH200-AP275-1
Jul 25 00:03:35 10.44.4.50 stm[2526]:  <501095> <NOTI> |AP EXT-MilH200-AP275-1@10.44.4.50 stm|  Assoc request @ 00:03:35.558301: 00:fa:21:55:cc:4d (SN 786): AP 10.44.4.50-b4:5d:50:13:79:d1-EXT-MilH200-AP275-1
Jul 25 00:03:35 10.44.4.50 stm[2526]:  <501080> <NOTI> |AP EXT-MilH200-AP275-1@10.44.4.50 stm|  Deauth to sta: 00:fa:21:55:cc:4d: Ageout AP 10.44.4.50-b4:5d:50:13:79:c1-EXT-MilH200-AP275-1 STA has roamed to another AP
Jul 25 00:03:35 10.47.0.33 stm[1910]: <501218> <1910> <NOTI> < 10.47.0.33>  stm_sta_assign_vlan 21120: VLAN: sta 00:fa:21:55:cc:4d, STM assigns MAC based vlan_id 1
Jul 25 00:03:35 10.47.0.33 stm[1910]: <501100> <1910> <NOTI> < 10.47.0.33>  Assoc success @ 00:03:35.574480: 00:fa:21:55:cc:4d: AP 10.44.4.50-b4:5d:50:13:79:d1-EXT-MilH200-AP275-1
Jul 25 00:03:35 10.44.4.50 stm[2526]:  <501100> <NOTI> |AP EXT-MilH200-AP275-1@10.44.4.50 stm|  Assoc success @ 00:03:35.573833: 00:fa:21:55:cc:4d: AP 10.44.4.50-b4:5d:50:13:79:d1-EXT-MilH200-AP275-1
Jul 25 00:03:35 10.44.76.109 stm[3639]:  <501093> <NOTI> |AP Rees140-AP325-1@10.44.76.109 stm|  Auth success: d4:6a:6a:65:bc:c7: AP 10.44.76.109-ac:a3:1e:5a:5f:e0-Rees140-AP325-1
Jul 25 00:03:35 10.44.76.109 stm[3639]:  <501095> <NOTI> |AP Rees140-AP325-1@10.44.76.109 stm|  Assoc request @ 00:03:35.912432: d4:6a:6a:65:bc:c7 (SN 0): AP 10.44.76.109-ac:a3:1e:5a:5f:e0-Rees140-AP325-1
Jul 25 00:03:35 10.44.76.109 stm[3639]:  <501068> <WARN> |AP Rees140-AP325-1@10.44.76.109 stm|  Source: d4:6a:6a:65:bc:c7 Failed AP 10.44.76.109-ac:a3:1e:5a:5f:e0-Rees140-AP325-1 Multicast Encryption Mismatch
Jul 25 00:03:35 10.44.76.109 stm[3639]:  <501101> <NOTI> |AP Rees140-AP325-1@10.44.76.109 stm|  Assoc failure: d4:6a:6a:65:bc:c7: AP 10.44.76.109-ac:a3:1e:5a:5f:e0-Rees140-AP325-1 Reason Capability requested by STA unsupported by AP
Jul 25 00:03:35 10.44.76.109 stm[3639]:  <501080> <NOTI> |AP Rees140-AP325-1@10.44.76.109 stm|  Deauth to sta: d4:6a:6a:65:bc:c7: Ageout AP 10.44.76.109-ac:a3:1e:5a:5f:e0-Rees140-AP325-1 Capability requested by STA unsupported by AP
Jul 25 00:03:36 10.47.0.33 stm[1910]: <305061> <1910> <WARN> < 10.47.0.33>  sapm_proc_hello_req: AP 10.44.242.222 90:4c:81:c0:bc:08 GSM CLUSTER_AAC is not copied to assigned A-AAC, ignore HELLO
Jul 25 00:03:36 10.44.4.50 stm[2526]:  <501102> <NOTI> |AP EXT-MilH200-AP275-1@10.44.4.50 stm|  Disassoc from sta: c6:9d:42:5b:ac:5f: AP 10.44.4.50-b4:5d:50:13:79:d1-EXT-MilH200-AP275-1 Reason STA has left and is disassociated
Jul 25 00:03:36 10.44.4.50 stm[2526]:  <501093> <NOTI> |AP EXT-MilH200-AP275-1@10.44.4.50 stm|  Auth success: 00:fa:21:55:cc:4d: AP 10.44.4.50-b4:5d:50:13:79:c1-EXT-MilH200-AP275-1
Jul 25 00:03:36 10.44.4.50 stm[2526]:  <501095> <NOTI> |AP EXT-MilH200-AP275-1@10.44.4.50 stm|  Assoc request @ 00:03:36.818562: 00:fa:21:55:cc:4d (SN 810): AP 10.44.4.50-b4:5d:50:13:79:c1-EXT-MilH200-AP275-1
Jul 25 00:03:36 10.44.4.50 stm[2526]:  <501080> <NOTI> |AP EXT-MilH200-AP275-1@10.44.4.50 stm|  Deauth to sta: 00:fa:21:55:cc:4d: Ageout AP 10.44.4.50-b4:5d:50:13:79:d1-EXT-MilH200-AP275-1 STA has roamed to another AP
Jul 25 00:03:36 10.47.0.33 stm[1910]: <501218> <1910> <NOTI> < 10.47.0.33>  stm_sta_assign_vlan 21120: VLAN: sta 00:fa:21:55:cc:4d, STM assigns MAC based vlan_id 1
Jul 25 00:03:36 10.44.4.50 stm[2526]:  <501100> <NOTI> |AP EXT-MilH200-AP275-1@10.44.4.50 stm|  Assoc success @ 00:03:36.828154: 00:fa:21:55:cc:4d: AP 10.44.4.50-b4:5d:50:13:79:c1-EXT-MilH200-AP275-1
Jul 25 00:03:36 10.47.0.33 stm[1910]: <501100> <1910> <NOTI> < 10.47.0.33>  Assoc success @ 00:03:36.835308: 00:fa:21:55:cc:4d: AP 10.44.4.50-b4:5d:50:13:79:c1-EXT-MilH200-AP275-1
Jul 25 00:03:37 10.45.83.5 stm[2863]:  <501093> <NOTI> |AP Wood390-AP345-2@10.45.83.5 stm|  Auth success: 24:f6:77:09:2c:94: AP 10.45.83.5-90:4c:81:8e:fd:50-Wood390-AP345-2
Jul 25 00:03:37 10.45.83.5 stm[2863]:  <501095> <NOTI> |AP Wood390-AP345-2@10.45.83.5 stm|  Assoc request @ 00:03:37.364825: 24:f6:77:09:2c:94 (SN 1428): AP 10.45.83.5-90:4c:81:8e:fd:50-Wood390-AP345-2
Jul 25 00:03:37 10.47.0.32 stm[1897]: <501218> <1897> <NOTI> < 10.47.0.32>  stm_sta_assign_vlan 21120: VLAN: sta 24:f6:77:09:2c:94, STM assigns MAC based vlan_id 1
Jul 25 00:03:37 10.47.0.32 stm[1897]: <501100> <1897> <NOTI> < 10.47.0.32>  Assoc success @ 00:03:37.370728: 24:f6:77:09:2c:94: AP 10.45.83.5-90:4c:81:8e:fd:50-Wood390-AP345-2
Jul 25 00:03:37 10.45.83.5 stm[2863]:  <501100> <NOTI> |AP Wood390-AP345-2@10.45.83.5 stm|  Assoc success @ 00:03:37.369601: 24:f6:77:09:2c:94: AP 10.45.83.5-90:4c:81:8e:fd:50-Wood390-AP345-2
Jul 25 00:03:38 10.47.0.32 authmgr[1863]: <124006> <1863> <WARN> < 10.47.0.32>  {289225} UDP srcip=10.22.54.2 srcport=137 dstip=10.22.63.255 dstport=137, action=deny, role=ur_facstaff_uncc_device, policy=block_netbios
Jul 25 00:03:38 10.47.0.32 authmgr[1863]: <124006> <1863> <WARN> < 10.47.0.32>  {289226} UDP srcip=10.22.33.86 srcport=138 dstip=10.22.63.255 dstport=138, action=deny, role=ur_facstaff_uncc_device, policy=block_netbios
Jul 25 00:03:38 10.47.0.32 dot1x-proc:3[2749]: <522275> <2749> <WARN> < 10.47.0.32>  User Authentication failed. username=w4fDl8OYwpTCksKDw5PClA== userip=0.0.0.0 usermac=24:f6:77:09:2c:94 authmethod=802.1x servername=radius-atki-et5020-2-10.23.0.40 serverip=10.23.0.40 apname=Wood390-AP345-2 bssid=90:4c:81:8e:fd:50 
Jul 25 00:03:38 10.47.0.32 stm[1897]: <501106> <4008> <NOTI> < 10.47.0.32>  Deauth to sta: 24:f6:77:09:2c:94: Ageout AP 10.45.83.5-90:4c:81:8e:fd:50-Wood390-AP345-2 wifi_deauth_sta
Jul 25 00:03:38 10.47.0.32 stm[1897]: <501080> <4008> <NOTI> < 10.47.0.32>  Deauth to sta: 24:f6:77:09:2c:94: Ageout AP 10.45.83.5-90:4c:81:8e:fd:50-Wood390-AP345-2 Response to EAP Challenge Failed
Jul 25 00:03:38 10.45.83.5 stm[2863]:  <501105> <NOTI> |AP Wood390-AP345-2@10.45.83.5 stm|  Deauth from sta: 24:f6:77:09:2c:94: AP 10.45.83.5-90:4c:81:8e:fd:50-Wood390-AP345-2 Reason Response to EAP Challenge Failed
Jul 25 00:03:38 10.45.83.5 stm[2863]:  <501102> <NOTI> |AP Wood390-AP345-2@10.45.83.5 stm|  Disassoc from sta: 24:f6:77:09:2c:94: AP 10.45.83.5-90:4c:81:8e:fd:50-Wood390-AP345-2 Reason STA has left and is disassociated
Jul 25 00:03:38 10.45.83.5 stm[2863]:  <501037> <NOTI> |AP Wood390-AP345-2@10.45.83.5 stm|  Station 24:f6:77:09:2c:94: no association found trying to disassociate to BSSID 90:4c:81:8e:fd:50 on AP Wood390-AP345-2
Jul 25 00:03:38 10.44.76.109 stm[3639]:  <501093> <NOTI> |AP Rees140-AP325-1@10.44.76.109 stm|  Auth success: d4:6a:6a:65:bc:c7: AP 10.44.76.109-ac:a3:1e:5a:5f:e0-Rees140-AP325-1
Jul 25 00:03:38 10.44.76.109 stm[3639]:  <501095> <NOTI> |AP Rees140-AP325-1@10.44.76.109 stm|  Assoc request @ 00:03:38.914962: d4:6a:6a:65:bc:c7 (SN 0): AP 10.44.76.109-ac:a3:1e:5a:5f:e0-Rees140-AP325-1
Jul 25 00:03:38 10.44.76.109 stm[3639]:  <501068> <WARN> |AP Rees140-AP325-1@10.44.76.109 stm|  Source: d4:6a:6a:65:bc:c7 Failed AP 10.44.76.109-ac:a3:1e:5a:5f:e0-Rees140-AP325-1 Multicast Encryption Mismatch
Jul 25 00:03:38 10.44.76.109 stm[3639]:  <501101> <NOTI> |AP Rees140-AP325-1@10.44.76.109 stm|  Assoc failure: d4:6a:6a:65:bc:c7: AP 10.44.76.109-ac:a3:1e:5a:5f:e0-Rees140-AP325-1 Reason Capability requested by STA unsupported by AP
Jul 25 00:03:38 10.44.76.109 stm[3639]:  <501080> <NOTI> |AP Rees140-AP325-1@10.44.76.109 stm|  Deauth to sta: d4:6a:6a:65:bc:c7: Ageout AP 10.44.76.109-ac:a3:1e:5a:5f:e0-Rees140-AP325-1 Capability requested by STA unsupported by AP
Jul 25 00:03:39 10.44.6.57 stm[3681]:  <501105> <NOTI> |AP Faci217-AP325-1@10.44.6.57 stm|  Deauth from sta: 64:51:06:66:77:c4: AP 10.44.6.57-ac:a3:1e:5a:68:e0-Faci217-AP325-1 Reason STA has left and is deauthenticated
Jul 25 00:03:40 10.44.4.48 stm[2526]:  <501093> <NOTI> |AP EXT-MilH100-AP275-1@10.44.4.48 stm|  Auth success: 62:45:1d:fb:f2:34: AP 10.44.4.48-b4:5d:50:13:73:01-EXT-MilH100-AP275-1
Jul 25 00:03:40 10.44.4.48 stm[2526]:  <501095> <NOTI> |AP EXT-MilH100-AP275-1@10.44.4.48 stm|  Assoc request @ 00:03:40.067183: 62:45:1d:fb:f2:34 (SN 49): AP 10.44.4.48-b4:5d:50:13:73:01-EXT-MilH100-AP275-1
Jul 25 00:03:40 10.44.4.48 stm[2526]:  <501080> <NOTI> |AP EXT-MilH100-AP275-1@10.44.4.48 stm|  Deauth to sta: 62:45:1d:fb:f2:34: Ageout AP 10.44.4.48-b4:5d:50:13:73:11-EXT-MilH100-AP275-1 STA has roamed to another AP
Jul 25 00:03:40 10.47.0.33 stm[1910]: <501218> <1910> <NOTI> < 10.47.0.33>  stm_sta_assign_vlan 21120: VLAN: sta 62:45:1d:fb:f2:34, STM assigns MAC based vlan_id 1
Jul 25 00:03:40 10.47.0.33 stm[1910]: <501100> <1910> <NOTI> < 10.47.0.33>  Assoc success @ 00:03:40.081861: 62:45:1d:fb:f2:34: AP 10.44.4.48-b4:5d:50:13:73:01-EXT-MilH100-AP275-1
Jul 25 00:03:40 10.44.4.48 stm[2526]:  <501100> <NOTI> |AP EXT-MilH100-AP275-1@10.44.4.48 stm|  Assoc success @ 00:03:40.075990: 62:45:1d:fb:f2:34: AP 10.44.4.48-b4:5d:50:13:73:01-EXT-MilH100-AP275-1
Jul 25 00:03:40 10.44.4.50 stm[2526]:  <501093> <NOTI> |AP EXT-MilH200-AP275-1@10.44.4.50 stm|  Auth success: 3c:06:30:05:1b:5d: AP 10.44.4.50-b4:5d:50:13:79:c1-EXT-MilH200-AP275-1
Jul 25 00:03:40 10.44.4.50 stm[2526]:  <501095> <NOTI> |AP EXT-MilH200-AP275-1@10.44.4.50 stm|  Assoc request @ 00:03:40.422244: 3c:06:30:05:1b:5d (SN 523): AP 10.44.4.50-b4:5d:50:13:79:c1-EXT-MilH200-AP275-1
Jul 25 00:03:40 10.44.4.50 stm[2526]:  <501080> <NOTI> |AP EXT-MilH200-AP275-1@10.44.4.50 stm|  Deauth to sta: 3c:06:30:05:1b:5d: Ageout AP 10.44.4.50-b4:5d:50:13:79:d1-EXT-MilH200-AP275-1 STA has roamed to another AP
Jul 25 00:03:40 10.47.0.33 stm[1910]: <501218> <1910> <NOTI> < 10.47.0.33>  stm_sta_assign_vlan 21120: VLAN: sta 3c:06:30:05:1b:5d, STM assigns MAC based vlan_id 1
Jul 25 00:03:40 10.47.0.33 stm[1910]: <501100> <1910> <NOTI> < 10.47.0.33>  Assoc success @ 00:03:40.432843: 3c:06:30:05:1b:5d: AP 10.44.4.50-b4:5d:50:13:79:c1-EXT-MilH200-AP275-1
Jul 25 00:03:40 10.44.4.50 stm[2526]:  <501100> <NOTI> |AP EXT-MilH200-AP275-1@10.44.4.50 stm|  Assoc success @ 00:03:40.431438: 3c:06:30:05:1b:5d: AP 10.44.4.50-b4:5d:50:13:79:c1-EXT-MilH200-AP275-1
Jul 25 00:03:40 10.45.81.26 stm[2555]:  <501093> <NOTI> |AP EXT-StuU112-AP277-1@10.45.81.26 stm|  Auth success: a2:bc:69:39:7a:00: AP 10.45.81.26-40:e3:d6:24:62:d1-EXT-StuU112-AP277-1
Jul 25 00:03:40 10.45.81.26 stm[2555]:  <501095> <NOTI> |AP EXT-StuU112-AP277-1@10.45.81.26 stm|  Assoc request @ 00:03:40.840395: a2:bc:69:39:7a:00 (SN 571): AP 10.45.81.26-40:e3:d6:24:62:d1-EXT-StuU112-AP277-1
Jul 25 00:03:40 10.47.0.33 stm[1910]: <501218> <1910> <NOTI> < 10.47.0.33>  stm_sta_assign_vlan 21120: VLAN: sta a2:bc:69:39:7a:00, STM assigns MAC based vlan_id 1
Jul 25 00:03:40 10.47.0.33 stm[1910]: <501100> <1910> <NOTI> < 10.47.0.33>  Assoc success @ 00:03:40.852989: a2:bc:69:39:7a:00: AP 10.45.81.26-40:e3:d6:24:62:d1-EXT-StuU112-AP277-1
Jul 25 00:03:40 10.45.81.26 stm[2555]:  <501100> <NOTI> |AP EXT-StuU112-AP277-1@10.45.81.26 stm|  Assoc success @ 00:03:40.847448: a2:bc:69:39:7a:00: AP 10.45.81.26-40:e3:d6:24:62:d1-EXT-StuU112-AP277-1
Jul 25 00:03:41 10.44.6.57 stm[3681]:  <501093> <NOTI> |AP Faci217-AP325-1@10.44.6.57 stm|  Auth success: 64:51:06:66:77:c4: AP 10.44.6.57-ac:a3:1e:5a:68:e0-Faci217-AP325-1
Jul 25 00:03:41 10.47.0.32 stm[1897]: <501218> <1897> <NOTI> < 10.47.0.32>  stm_sta_assign_vlan 21120: VLAN: sta 64:51:06:66:77:c4, STM assigns MAC based vlan_id 1
Jul 25 00:03:41 10.44.6.57 stm[3681]:  <501095> <NOTI> |AP Faci217-AP325-1@10.44.6.57 stm|  Assoc request @ 00:03:41.116683: 64:51:06:66:77:c4 (SN 0): AP 10.44.6.57-ac:a3:1e:5a:68:e0-Faci217-AP325-1
Jul 25 00:03:41 10.47.0.32 stm[1897]: <501100> <1897> <NOTI> < 10.47.0.32>  Assoc success @ 00:03:41.123802: 64:51:06:66:77:c4: AP 10.44.6.57-ac:a3:1e:5a:68:e0-Faci217-AP325-1
Jul 25 00:03:41 10.44.6.57 stm[3681]:  <501100> <NOTI> |AP Faci217-AP325-1@10.44.6.57 stm|  Assoc success @ 00:03:41.121088: 64:51:06:66:77:c4: AP 10.44.6.57-ac:a3:1e:5a:68:e0-Faci217-AP325-1
Jul 25 00:03:41 10.44.15.244 stm[2530]:  <501093> <NOTI> |AP EXT-EPIC1424-AP275-2@10.44.15.244 stm|  Auth success: 42:83:20:24:14:69: AP 10.44.15.244-b4:5d:50:13:2c:b0-EXT-EPIC1424-AP275-2
Jul 25 00:03:41 10.47.0.32 stm[1897]: <501218> <1897> <NOTI> < 10.47.0.32>  stm_sta_assign_vlan 21120: VLAN: sta 42:83:20:24:14:69, STM assigns MAC based vlan_id 1
Jul 25 00:03:41 10.47.0.32 stm[1897]: <501100> <1897> <NOTI> < 10.47.0.32>  Assoc success @ 00:03:41.504323: 42:83:20:24:14:69: AP 10.44.15.244-b4:5d:50:13:2c:b0-EXT-EPIC1424-AP275-2
