Jul 25 00:03:41 10.44.15.244 stm[2530]:  <501095> <NOTI> |AP EXT-EPIC1424-AP275-2@10.44.15.244 stm|  Assoc request @ 00:03:41.498518: 42:83:20:24:14:69 (SN 801): AP 10.44.15.244-b4:5d:50:13:2c:b0-EXT-EPIC1424-AP275-2
Jul 25 00:03:41 10.44.15.244 stm[2530]:  <501100> <NOTI> |AP EXT-EPIC1424-AP275-2@10.44.15.244 stm|  Assoc success @ 00:03:41.503046: 42:83:20:24:14:69: AP 10.44.15.244-b4:5d:50:13:2c:b0-EXT-EPIC1424-AP275-2
Jul 25 00:03:41 10.45.85.199 stm[2856]:  <501093> <NOTI> |AP Heal467-AP345-1@10.45.85.199 stm|  Auth success: 54:8d:5a:76:14:c5: AP 10.45.85.199-90:4c:81:93:66:80-Heal467-AP345-1
Jul 25 00:03:41 10.45.85.199 stm[2856]:  <501095> <NOTI> |AP Heal467-AP345-1@10.45.85.199 stm|  Assoc request @ 00:03:41.549792: 54:8d:5a:76:14:c5 (SN 98): AP 10.45.85.199-90:4c:81:93:66:80-Heal467-AP345-1
Jul 25 00:03:41 10.47.0.23 stm[1897]: <501218> <1897> <NOTI> < 10.47.0.23>  stm_sta_assign_vlan 21120: VLAN: sta 54:8d:5a:76:14:c5, STM assigns MAC based vlan_id 1
Jul 25 00:03:41 10.47.0.23 stm[1897]: <501100> <1897> <NOTI> < 10.47.0.23>  Assoc success @ 00:03:41.554803: 54:8d:5a:76:14:c5: AP 10.45.85.199-90:4c:81:93:66:80-Heal467-AP345-1
Jul 25 00:03:41 10.45.85.199 stm[2856]:  <501100> <NOTI> |AP Heal467-AP345-1@10.45.85.199 stm|  Assoc success @ 00:03:41.554549: 54:8d:5a:76:14:c5: AP 10.45.85.199-90:4c:81:93:66:80-Heal467-AP345-1
Jul 25 00:03:41 10.47.0.23 dot1x-proc:3[2750]: <522038> <2750> <NOTI> < 10.47.0.23>  username=wrvDlMOYwpRcY8KwwrzDh8KjwqVwYsKJwpbClsOAecOEwqXDkcKnw6PCnMOYw5HCkcOIwpLDmsKTw6fChQ== MAC=54:8d:5a:76:14:c5 IP=0.0.0.0 Result=Successful method=802.1x server=radius-rup2-et5020-2-10.23.0.41
Jul 25 00:03:41 10.47.0.23 authmgr[1864]: <522038> <1864> <NOTI> < 10.47.0.23>  username=wrvDlMOYwpRcY8KwwrzDh8KjwqVwYsKJwpbClsOAecOEwqXDkcKnw6PCnMOYw5HCkcOIwpLDmsKTw6fChQ== MAC=54:8d:5a:76:14:c5 IP=10.22.30.251 Result=Successful method=radius-accounting server=radius-rup2-et5020-2-10.23.0.41
Jul 25 00:03:41 10.47.0.23 authmgr[1864]: <522038> <1864> <NOTI> < 10.47.0.23>  username=wrvDlMOYwpRcY8KwwrzDh8KjwqVwYsKJwpbClsOAecOEwqXDkcKnw6PCnMOYw5HCkcOIwpLDmsKTw6fChQ== MAC=54:8d:5a:76:14:c5 IP=fe80::5c9c:2da1:2d7e:e603 Result=Successful method=radius-accounting server=radius-rup2-et5020-2-10.23.0.41
Jul 25 00:03:41 10.44.76.109 stm[3639]:  <501093> <NOTI> |AP Rees140-AP325-1@10.44.76.109 stm|  Auth success: d4:6a:6a:65:bc:c7: AP 10.44.76.109-ac:a3:1e:5a:5f:e0-Rees140-AP325-1
Jul 25 00:03:41 10.44.76.109 stm[3639]:  <501095> <NOTI> |AP Rees140-AP325-1@10.44.76.109 stm|  Assoc request @ 00:03:41.918930: d4:6a:6a:65:bc:c7 (SN 0): AP 10.44.76.109-ac:a3:1e:5a:5f:e0-Rees140-AP325-1
Jul 25 00:03:41 10.44.76.109 stm[3639]:  <501068> <WARN> |AP Rees140-AP325-1@10.44.76.109 stm|  Source: d4:6a:6a:65:bc:c7 Failed AP 10.44.76.109-ac:a3:1e:5a:5f:e0-Rees140-AP325-1 Multicast Encryption Mismatch
Jul 25 00:03:41 10.44.76.109 stm[3639]:  <501101> <NOTI> |AP Rees140-AP325-1@10.44.76.109 stm|  Assoc failure: d4:6a:6a:65:bc:c7: AP 10.44.76.109-ac:a3:1e:5a:5f:e0-Rees140-AP325-1 Reason Capability requested by STA unsupported by AP
Jul 25 00:03:41 10.44.76.109 stm[3639]:  <501080> <NOTI> |AP Rees140-AP325-1@10.44.76.109 stm|  Deauth to sta: d4:6a:6a:65:bc:c7: Ageout AP 10.44.76.109-ac:a3:1e:5a:5f:e0-Rees140-AP325-1 Capability requested by STA unsupported by AP
Jul 25 00:03:41 10.44.28.23 stm[2591]:  <501093> <NOTI> |AP EXT-BelH201-AP275-1@10.44.28.23 stm|  Auth success: 00:fa:21:55:cc:4d: AP 10.44.28.23-b4:5d:50:13:79:31-EXT-BelH201-AP275-1
Jul 25 00:03:41 10.44.28.23 stm[2591]:  <501095> <NOTI> |AP EXT-BelH201-AP275-1@10.44.28.23 stm|  Assoc request @ 00:03:41.993274: 00:fa:21:55:cc:4d (SN 837): AP 10.44.28.23-b4:5d:50:13:79:31-EXT-BelH201-AP275-1
Jul 25 00:03:42 10.47.0.33 stm[1910]: <501218> <1910> <NOTI> < 10.47.0.33>  stm_sta_assign_vlan 21120: VLAN: sta 00:fa:21:55:cc:4d, STM assigns MAC based vlan_id 1
Jul 25 00:03:42 10.47.0.33 stm[1910]: <501080> <1910> <NOTI> < 10.47.0.33>  Deauth to sta: 00:fa:21:55:cc:4d: Ageout AP 10.44.4.50-b4:5d:50:13:79:c1-EXT-MilH200-AP275-1 STA has roamed to another AP
Jul 25 00:03:42 10.44.28.23 stm[2591]:  <501100> <NOTI> |AP EXT-BelH201-AP275-1@10.44.28.23 stm|  Assoc success @ 00:03:42.000305: 00:fa:21:55:cc:4d: AP 10.44.28.23-b4:5d:50:13:79:31-EXT-BelH201-AP275-1
Jul 25 00:03:42 10.47.0.33 stm[1910]: <501100> <1910> <NOTI> < 10.47.0.33>  Assoc success @ 00:03:42.006340: 00:fa:21:55:cc:4d: AP 10.44.28.23-b4:5d:50:13:79:31-EXT-BelH201-AP275-1
Jul 25 00:03:42 10.44.4.50 stm[2526]:  <501105> <NOTI> |AP EXT-MilH200-AP275-1@10.44.4.50 stm|  Deauth from sta: 00:fa:21:55:cc:4d: AP 10.44.4.50-b4:5d:50:13:79:c1-EXT-MilH200-AP275-1 Reason STA has roamed to another AP
Jul 25 00:03:42 10.44.28.23 stm[2591]:  <501095> <NOTI> |AP EXT-BelH201-AP275-1@10.44.28.23 stm|  Assoc request @ 00:03:42.039633: 00:fa:21:55:cc:4d (SN 838): AP 10.44.28.23-b4:5d:50:13:79:31-EXT-BelH201-AP275-1
Jul 25 00:03:42 10.47.0.33 stm[1910]: <501218> <1910> <NOTI> < 10.47.0.33>  stm_sta_assign_vlan 21120: VLAN: sta 00:fa:21:55:cc:4d, STM assigns MAC based vlan_id 1
Jul 25 00:03:42 10.47.0.33 stm[1910]: <501100> <1910> <NOTI> < 10.47.0.33>  Assoc success @ 00:03:42.047026: 00:fa:21:55:cc:4d: AP 10.44.28.23-b4:5d:50:13:79:31-EXT-BelH201-AP275-1
Jul 25 00:03:42 10.44.28.23 stm[2591]:  <501100> <NOTI> |AP EXT-BelH201-AP275-1@10.44.28.23 stm|  Assoc success @ 00:03:42.045977: 00:fa:21:55:cc:4d: AP 10.44.28.23-b4:5d:50:13:79:31-EXT-BelH201-AP275-1
Jul 25 00:03:42 10.44.28.23 stm[2591]:  <501095> <NOTI> |AP EXT-BelH201-AP275-1@10.44.28.23 stm|  Assoc request @ 00:03:42.087891: 00:fa:21:55:cc:4d (SN 839): AP 10.44.28.23-b4:5d:50:13:79:31-EXT-BelH201-AP275-1
Jul 25 00:03:42 10.47.0.33 stm[1910]: <501218> <1910> <NOTI> < 10.47.0.33>  stm_sta_assign_vlan 21120: VLAN: sta 00:fa:21:55:cc:4d, STM assigns MAC based vlan_id 1
Jul 25 00:03:42 10.47.0.33 stm[1910]: <501100> <1910> <NOTI> < 10.47.0.33>  Assoc success @ 00:03:42.097867: 00:fa:21:55:cc:4d: AP 10.44.28.23-b4:5d:50:13:79:31-EXT-BelH201-AP275-1
Jul 25 00:03:42 10.44.28.23 stm[2591]:  <501100> <NOTI> |AP EXT-BelH201-AP275-1@10.44.28.23 stm|  Assoc success @ 00:03:42.094025: 00:fa:21:55:cc:4d: AP 10.44.28.23-b4:5d:50:13:79:31-EXT-BelH201-AP275-1
Jul 25 00:03:42 10.44.28.23 stm[2591]:  <501095> <NOTI> |AP EXT-BelH201-AP275-1@10.44.28.23 stm|  Assoc request @ 00:03:42.135250: 00:fa:21:55:cc:4d (SN 840): AP 10.44.28.23-b4:5d:50:13:79:31-EXT-BelH201-AP275-1
Jul 25 00:03:42 10.47.0.33 stm[1910]: <501218> <1910> <NOTI> < 10.47.0.33>  stm_sta_assign_vlan 21120: VLAN: sta 00:fa:21:55:cc:4d, STM assigns MAC based vlan_id 1
Jul 25 00:03:42 10.47.0.33 stm[1910]: <501100> <1910> <NOTI> < 10.47.0.33>  Assoc success @ 00:03:42.144508: 00:fa:21:55:cc:4d: AP 10.44.28.23-b4:5d:50:13:79:31-EXT-BelH201-AP275-1
Jul 25 00:03:42 10.44.28.23 stm[2591]:  <501100> <NOTI> |AP EXT-BelH201-AP275-1@10.44.28.23 stm|  Assoc success @ 00:03:42.142278: 00:fa:21:55:cc:4d: AP 10.44.28.23-b4:5d:50:13:79:31-EXT-BelH201-AP275-1
Jul 25 00:03:42 10.44.4.50 stm[2526]:  <501093> <NOTI> |AP EXT-MilH200-AP275-1@10.44.4.50 stm|  Auth success: 00:fa:21:55:cc:4d: AP 10.44.4.50-b4:5d:50:13:79:d1-EXT-MilH200-AP275-1
Jul 25 00:03:42 10.44.4.50 stm[2526]:  <501095> <NOTI> |AP EXT-MilH200-AP275-1@10.44.4.50 stm|  Assoc request @ 00:03:42.282661: 00:fa:21:55:cc:4d (SN 842): AP 10.44.4.50-b4:5d:50:13:79:d1-EXT-MilH200-AP275-1
Jul 25 00:03:42 10.47.0.33 stm[1910]: <501218> <1910> <NOTI> < 10.47.0.33>  stm_sta_assign_vlan 21120: VLAN: sta 00:fa:21:55:cc:4d, STM assigns MAC based vlan_id 1
Jul 25 00:03:42 10.47.0.33 stm[1910]: <501080> <1910> <NOTI> < 10.47.0.33>  Deauth to sta: 00:fa:21:55:cc:4d: Ageout AP 10.44.28.23-b4:5d:50:13:79:31-EXT-BelH201-AP275-1 STA has roamed to another AP
Jul 25 00:03:42 10.47.0.33 stm[1910]: <501100> <1910> <NOTI> < 10.47.0.33>  Assoc success @ 00:03:42.292774: 00:fa:21:55:cc:4d: AP 10.44.4.50-b4:5d:50:13:79:d1-EXT-MilH200-AP275-1
Jul 25 00:03:42 10.44.4.50 stm[2526]:  <501100> <NOTI> |AP EXT-MilH200-AP275-1@10.44.4.50 stm|  Assoc success @ 00:03:42.289343: 00:fa:21:55:cc:4d: AP 10.44.4.50-b4:5d:50:13:79:d1-EXT-MilH200-AP275-1
Jul 25 00:03:42 10.44.28.23 stm[2591]:  <501105> <NOTI> |AP EXT-BelH201-AP275-1@10.44.28.23 stm|  Deauth from sta: 00:fa:21:55:cc:4d: AP 10.44.28.23-b4:5d:50:13:79:31-EXT-BelH201-AP275-1 Reason STA has roamed to another AP
Jul 25 00:03:43 10.44.15.244 stm[2530]:  <501102> <NOTI> |AP EXT-EPIC1424-AP275-2@10.44.15.244 stm|  Disassoc from sta: 42:83:20:24:14:69: AP 10.44.15.244-b4:5d:50:13:2c:b0-EXT-EPIC1424-AP275-2 Reason STA has left and is disassociated
Jul 25 00:03:43 10.44.15.212 stm[2530]:  <501093> <NOTI> |AP EXT-EPICG280-AP275-1@10.44.15.212 stm|  Auth success: c0:ee:fb:e3:78:fa: AP 10.44.15.212-b4:5d:50:13:73:21-EXT-EPICG280-AP275-1
Jul 25 00:03:43 10.44.15.212 stm[2530]:  <501095> <NOTI> |AP EXT-EPICG280-AP275-1@10.44.15.212 stm|  Assoc request @ 00:03:43.322681: c0:ee:fb:e3:78:fa (SN 2390): AP 10.44.15.212-b4:5d:50:13:73:21-EXT-EPICG280-AP275-1
Jul 25 00:03:43 10.47.0.32 stm[1897]: <501218> <1897> <NOTI> < 10.47.0.32>  stm_sta_assign_vlan 21120: VLAN: sta c0:ee:fb:e3:78:fa, STM assigns MAC based vlan_id 1
Jul 25 00:03:43 10.47.0.32 stm[1897]: <501080> <1897> <NOTI> < 10.47.0.32>  Deauth to sta: c0:ee:fb:e3:78:fa: Ageout AP 10.44.10.231-20:a6:cd:21:b5:c1-EXT-BaTF-1 STA has roamed to another AP
Jul 25 00:03:43 10.47.0.32 stm[1897]: <501100> <1897> <NOTI> < 10.47.0.32>  Assoc success @ 00:03:43.332300: c0:ee:fb:e3:78:fa: AP 10.44.15.212-b4:5d:50:13:73:21-EXT-EPICG280-AP275-1
Jul 25 00:03:43 10.44.15.212 stm[2530]:  <501100> <NOTI> |AP EXT-EPICG280-AP275-1@10.44.15.212 stm|  Assoc success @ 00:03:43.329185: c0:ee:fb:e3:78:fa: AP 10.44.15.212-b4:5d:50:13:73:21-EXT-EPICG280-AP275-1
Jul 25 00:03:43 10.44.10.231 stm[2528]:  <501105> <NOTI> |AP EXT-BaTF-1@10.44.10.231 stm|  Deauth from sta: c0:ee:fb:e3:78:fa: AP 10.44.10.231-20:a6:cd:21:b5:c1-EXT-BaTF-1 Reason STA has roamed to another AP
Jul 25 00:03:43 10.44.4.50 stm[2526]:  <501093> <NOTI> |AP EXT-MilH200-AP275-1@10.44.4.50 stm|  Auth success: 00:fa:21:55:cc:4d: AP 10.44.4.50-b4:5d:50:13:79:c1-EXT-MilH200-AP275-1
Jul 25 00:03:43 10.44.4.50 stm[2526]:  <501095> <NOTI> |AP EXT-MilH200-AP275-1@10.44.4.50 stm|  Assoc request @ 00:03:43.347082: 00:fa:21:55:cc:4d (SN 861): AP 10.44.4.50-b4:5d:50:13:79:c1-EXT-MilH200-AP275-1
Jul 25 00:03:43 10.47.0.33 stm[1910]: <501218> <1910> <NOTI> < 10.47.0.33>  stm_sta_assign_vlan 21120: VLAN: sta 00:fa:21:55:cc:4d, STM assigns MAC based vlan_id 1
Jul 25 00:03:43 10.44.4.50 stm[2526]:  <501080> <NOTI> |AP EXT-MilH200-AP275-1@10.44.4.50 stm|  Deauth to sta: 00:fa:21:55:cc:4d: Ageout AP 10.44.4.50-b4:5d:50:13:79:d1-EXT-MilH200-AP275-1 STA has roamed to another AP
Jul 25 00:03:43 10.47.0.33 stm[1910]: <501100> <1910> <NOTI> < 10.47.0.33>  Assoc success @ 00:03:43.357358: 00:fa:21:55:cc:4d: AP 10.44.4.50-b4:5d:50:13:79:c1-EXT-MilH200-AP275-1
Jul 25 00:03:43 10.44.4.50 stm[2526]:  <501100> <NOTI> |AP EXT-MilH200-AP275-1@10.44.4.50 stm|  Assoc success @ 00:03:43.356308: 00:fa:21:55:cc:4d: AP 10.44.4.50-b4:5d:50:13:79:c1-EXT-MilH200-AP275-1
Jul 25 00:03:44 Aruba-MM-01 wms[6492]: <126037> <6492> <WARN> <Aruba-MM-01 10.47.128.140> |ids| AP(24:62:ce:ce:9e:d0@EXT-BURS239-AP377-1): Station Associated to Rogue AP: An AP detected a client a2:bc:69:39:7a:00 associated to a rogue access point (BSSID 9a:18:98:fb:8f:80 and SSID NinerWiFi-Guest on CHANNEL 157).
Jul 25 00:03:44 Aruba-MM-01 wms[6492]: <126038> <6492> <WARN> <Aruba-MM-01 10.47.128.140> |ids| AP(40:e3:d6:24:63:90@EXT-StuU310-AP277-1): Cleared Station Associated to Rogue AP: An AP is no longer detecting a client a2:bc:69:39:7a:00 associated to a rogue access point (BSSID 9a:18:98:fb:8f:a0 and SSID NinerWiFi-Guest on CHANNEL 108).
Jul 25 00:03:44 10.44.76.106 stm[3636]:  <501093> <NOTI> |AP Rees216A-AP325-1@10.44.76.106 stm|  Auth success: d4:6a:6a:65:bc:c7: AP 10.44.76.106-ac:a3:1e:5a:a8:60-Rees216A-AP325-1
Jul 25 00:03:44 10.44.76.106 stm[3636]:  <501095> <NOTI> |AP Rees216A-AP325-1@10.44.76.106 stm|  Assoc request @ 00:03:44.930852: d4:6a:6a:65:bc:c7 (SN 0): AP 10.44.76.106-ac:a3:1e:5a:a8:60-Rees216A-AP325-1
Jul 25 00:03:44 10.44.76.106 stm[3636]:  <501068> <WARN> |AP Rees216A-AP325-1@10.44.76.106 stm|  Source: d4:6a:6a:65:bc:c7 Failed AP 10.44.76.106-ac:a3:1e:5a:a8:60-Rees216A-AP325-1 Multicast Encryption Mismatch
Jul 25 00:03:44 10.44.76.106 stm[3636]:  <501101> <NOTI> |AP Rees216A-AP325-1@10.44.76.106 stm|  Assoc failure: d4:6a:6a:65:bc:c7: AP 10.44.76.106-ac:a3:1e:5a:a8:60-Rees216A-AP325-1 Reason Capability requested by STA unsupported by AP
Jul 25 00:03:44 10.44.76.106 stm[3636]:  <501080> <NOTI> |AP Rees216A-AP325-1@10.44.76.106 stm|  Deauth to sta: d4:6a:6a:65:bc:c7: Ageout AP 10.44.76.106-ac:a3:1e:5a:a8:60-Rees216A-AP325-1 Capability requested by STA unsupported by AP
Jul 25 00:03:45 10.47.0.23 authmgr[1864]: <124006> <1864> <WARN> < 10.47.0.23>  {37871} UDP srcip=10.22.30.251 srcport=137 dstip=10.22.31.255 dstport=137, action=deny, role=ur_facstaff_uncc_device, policy=block_netbios
Jul 25 00:03:45 10.44.26.121 KERNEL(EXT-McCo141-AP377-1@10.44.26.121): [2025546.820586] Cleanup bucketmap for essid eduroam(0)
Jul 25 00:03:45 10.44.26.121 KERNEL(EXT-McCo141-AP377-1@10.44.26.121): [2025546.820586] Cleanup bucketmap for essid NinerWiFi-Guest(0)
Jul 25 00:03:45 10.44.26.121 KERNEL(EXT-McCo141-AP377-1@10.44.26.121): [2025546.820617] Cleanup bucketmap for essid NinerWiFi-Services(0)
Jul 25 00:03:45 10.44.26.121 KERNEL(EXT-McCo141-AP377-1@10.44.26.121): [2025546.820617] Cleanup bucketmap for essid NinerWiFi-PSK(0)
Jul 25 00:03:46 10.44.26.121 KERNEL(EXT-McCo141-AP377-1@10.44.26.121): [2025546.845266] Cleanup bucketmap for essid eduroam(0)
Jul 25 00:03:46 10.44.26.121 KERNEL(EXT-McCo141-AP377-1@10.44.26.121): [2025546.845266] Cleanup bucketmap for essid NinerWiFi-Guest(0)
Jul 25 00:03:47 10.44.57.18 stm[2526]:  <501102> <NOTI> |AP EXT-With100-AP277-1@10.44.57.18 stm|  Disassoc from sta: 2a:79:d9:e8:15:87: AP 10.44.57.18-f0:5c:19:b9:10:e1-EXT-With100-AP277-1 Reason STA has left and is disassociated
Jul 25 00:03:47 10.44.76.109 stm[3639]:  <501093> <NOTI> |AP Rees140-AP325-1@10.44.76.109 stm|  Auth success: d4:6a:6a:65:bc:c7: AP 10.44.76.109-ac:a3:1e:5a:5f:e0-Rees140-AP325-1
Jul 25 00:03:47 10.44.76.109 stm[3639]:  <501095> <NOTI> |AP Rees140-AP325-1@10.44.76.109 stm|  Assoc request @ 00:03:47.926209: d4:6a:6a:65:bc:c7 (SN 0): AP 10.44.76.109-ac:a3:1e:5a:5f:e0-Rees140-AP325-1
Jul 25 00:03:47 10.44.76.109 stm[3639]:  <501068> <WARN> |AP Rees140-AP325-1@10.44.76.109 stm|  Source: d4:6a:6a:65:bc:c7 Failed AP 10.44.76.109-ac:a3:1e:5a:5f:e0-Rees140-AP325-1 Multicast Encryption Mismatch
Jul 25 00:03:47 10.44.76.109 stm[3639]:  <501101> <NOTI> |AP Rees140-AP325-1@10.44.76.109 stm|  Assoc failure: d4:6a:6a:65:bc:c7: AP 10.44.76.109-ac:a3:1e:5a:5f:e0-Rees140-AP325-1 Reason Capability requested by STA unsupported by AP
Jul 25 00:03:47 10.44.76.109 stm[3639]:  <501080> <NOTI> |AP Rees140-AP325-1@10.44.76.109 stm|  Deauth to sta: d4:6a:6a:65:bc:c7: Ageout AP 10.44.76.109-ac:a3:1e:5a:5f:e0-Rees140-AP325-1 Capability requested by STA unsupported by AP
Jul 25 00:03:49 Aruba-MM-01 mdns[6914]: <527004> <23624> <INFO> <Aruba-MM-01 10.47.128.140>  2709497600 mdns_parse_query_packet 2315 mac da:5a:fb:d3:69:2f record list not empty: generate response packet 3, count 20
Jul 25 00:03:49 Aruba-MM-01 wms[6492]: <126005> <6492> <WARN> <Aruba-MM-01 10.47.128.140> |ids| Interfering AP: The system classified an access point (BSSID 8a:5a:85:c5:e1:ca and SSID 2021traverse on CHANNEL 1) as interfering. Additional Info: Detector-AP-Name:Nine-AP335-3; Detector-AP-MAC:70:3a:0e:52:20:00; Detector-AP-Radio:2.
Jul 25 00:03:49 10.45.83.5 stm[2863]:  <501093> <NOTI> |AP Wood390-AP345-2@10.45.83.5 stm|  Auth success: 24:f6:77:09:2c:94: AP 10.45.83.5-90:4c:81:8e:fd:50-Wood390-AP345-2
Jul 25 00:03:49 10.47.0.32 stm[1897]: <501218> <1897> <NOTI> < 10.47.0.32>  stm_sta_assign_vlan 21120: VLAN: sta 24:f6:77:09:2c:94, STM assigns MAC based vlan_id 1
Jul 25 00:03:49 10.47.0.32 stm[1897]: <501100> <1897> <NOTI> < 10.47.0.32>  Assoc success @ 00:03:49.620631: 24:f6:77:09:2c:94: AP 10.45.83.5-90:4c:81:8e:fd:50-Wood390-AP345-2
Jul 25 00:03:49 10.45.83.5 stm[2863]:  <501095> <NOTI> |AP Wood390-AP345-2@10.45.83.5 stm|  Assoc request @ 00:03:49.617056: 24:f6:77:09:2c:94 (SN 1515): AP 10.45.83.5-90:4c:81:8e:fd:50-Wood390-AP345-2
Jul 25 00:03:49 10.45.83.5 stm[2863]:  <501100> <NOTI> |AP Wood390-AP345-2@10.45.83.5 stm|  Assoc success @ 00:03:49.619552: 24:f6:77:09:2c:94: AP 10.45.83.5-90:4c:81:8e:fd:50-Wood390-AP345-2
Jul 25 00:03:49 10.44.4.50 stm[2526]:  <501093> <NOTI> |AP EXT-MilH200-AP275-1@10.44.4.50 stm|  Auth success: 00:fa:21:55:cc:4d: AP 10.44.4.50-b4:5d:50:13:79:c1-EXT-MilH200-AP275-1
Jul 25 00:03:49 10.44.4.50 stm[2526]:  <501095> <NOTI> |AP EXT-MilH200-AP275-1@10.44.4.50 stm|  Assoc request @ 00:03:49.839709: 00:fa:21:55:cc:4d (SN 963): AP 10.44.4.50-b4:5d:50:13:79:c1-EXT-MilH200-AP275-1
Jul 25 00:03:49 10.47.0.33 stm[1910]: <501218> <1910> <NOTI> < 10.47.0.33>  stm_sta_assign_vlan 21120: VLAN: sta 00:fa:21:55:cc:4d, STM assigns MAC based vlan_id 1
Jul 25 00:03:49 10.47.0.33 stm[1910]: <501100> <1910> <NOTI> < 10.47.0.33>  Assoc success @ 00:03:49.846725: 00:fa:21:55:cc:4d: AP 10.44.4.50-b4:5d:50:13:79:c1-EXT-MilH200-AP275-1
Jul 25 00:03:49 10.44.4.50 stm[2526]:  <501100> <NOTI> |AP EXT-MilH200-AP275-1@10.44.4.50 stm|  Assoc success @ 00:03:49.844592: 00:fa:21:55:cc:4d: AP 10.44.4.50-b4:5d:50:13:79:c1-EXT-MilH200-AP275-1
Jul 25 00:03:49 10.44.4.50 stm[2526]:  <501105> <NOTI> |AP EXT-MilH200-AP275-1@10.44.4.50 stm|  Deauth from sta: cc:f4:11:d5:39:55: AP 10.44.4.50-b4:5d:50:13:79:d1-EXT-MilH200-AP275-1 Reason STA has left and is deauthenticated
Jul 25 00:03:50 10.44.4.50 stm[2526]:  <501093> <NOTI> |AP EXT-MilH200-AP275-1@10.44.4.50 stm|  Auth success: 00:fa:21:55:cc:4d: AP 10.44.4.50-b4:5d:50:13:79:d1-EXT-MilH200-AP275-1
Jul 25 00:03:50 10.44.4.50 stm[2526]:  <501095> <NOTI> |AP EXT-MilH200-AP275-1@10.44.4.50 stm|  Assoc request @ 00:03:50.832191: 00:fa:21:55:cc:4d (SN 979): AP 10.44.4.50-b4:5d:50:13:79:d1-EXT-MilH200-AP275-1
Jul 25 00:03:50 10.44.4.50 stm[2526]:  <501080> <NOTI> |AP EXT-MilH200-AP275-1@10.44.4.50 stm|  Deauth to sta: 00:fa:21:55:cc:4d: Ageout AP 10.44.4.50-b4:5d:50:13:79:c1-EXT-MilH200-AP275-1 STA has roamed to another AP
Jul 25 00:03:50 10.47.0.33 stm[1910]: <501218> <1910> <NOTI> < 10.47.0.33>  stm_sta_assign_vlan 21120: VLAN: sta 00:fa:21:55:cc:4d, STM assigns MAC based vlan_id 1
Jul 25 00:03:50 10.47.0.33 stm[1910]: <501100> <1910> <NOTI> < 10.47.0.33>  Assoc success @ 00:03:50.849166: 00:fa:21:55:cc:4d: AP 10.44.4.50-b4:5d:50:13:79:d1-EXT-MilH200-AP275-1
Jul 25 00:03:50 10.44.4.50 stm[2526]:  <501100> <NOTI> |AP EXT-MilH200-AP275-1@10.44.4.50 stm|  Assoc success @ 00:03:50.844577: 00:fa:21:55:cc:4d: AP 10.44.4.50-b4:5d:50:13:79:d1-EXT-MilH200-AP275-1
Jul 25 00:03:50 10.44.76.109 stm[3639]:  <501093> <NOTI> |AP Rees140-AP325-1@10.44.76.109 stm|  Auth success: d4:6a:6a:65:bc:c7: AP 10.44.76.109-ac:a3:1e:5a:5f:e0-Rees140-AP325-1
Jul 25 00:03:50 10.44.76.109 stm[3639]:  <501095> <NOTI> |AP Rees140-AP325-1@10.44.76.109 stm|  Assoc request @ 00:03:50.922522: d4:6a:6a:65:bc:c7 (SN 0): AP 10.44.76.109-ac:a3:1e:5a:5f:e0-Rees140-AP325-1
Jul 25 00:03:50 10.44.76.109 stm[3639]:  <501068> <WARN> |AP Rees140-AP325-1@10.44.76.109 stm|  Source: d4:6a:6a:65:bc:c7 Failed AP 10.44.76.109-ac:a3:1e:5a:5f:e0-Rees140-AP325-1 Multicast Encryption Mismatch
Jul 25 00:03:50 10.44.76.109 stm[3639]:  <501101> <NOTI> |AP Rees140-AP325-1@10.44.76.109 stm|  Assoc failure: d4:6a:6a:65:bc:c7: AP 10.44.76.109-ac:a3:1e:5a:5f:e0-Rees140-AP325-1 Reason Capability requested by STA unsupported by AP
Jul 25 00:03:50 10.44.76.109 stm[3639]:  <501080> <NOTI> |AP Rees140-AP325-1@10.44.76.109 stm|  Deauth to sta: d4:6a:6a:65:bc:c7: Ageout AP 10.44.76.109-ac:a3:1e:5a:5f:e0-Rees140-AP325-1 Capability requested by STA unsupported by AP
Jul 25 00:03:51 10.44.26.121 KERNEL(EXT-McCo141-AP377-1@10.44.26.121): [2025552.216306] wlan_mlme_app_ie_delete: appie is NULL. Do nothing.
Jul 25 00:03:51 Aruba-MM-01 wms[6492]: <126068> <6492> <WARN> <Aruba-MM-01 10.47.128.140> |ids| AP(38:17:c3:84:9c:30@Grig360-AP345-1): Adhoc Network Using Valid SSID: An AP detected an adhoc node 2a:01:00:00:ff:ff (BSSID 38:17:c3:84:8b:52 and SSID NinerWiFi-PSK on CHANNEL 157) using a valid/protected SSID. SNR is 0.
Jul 25 00:03:52 10.44.4.50 stm[2526]:  <501093> <NOTI> |AP EXT-MilH200-AP275-1@10.44.4.50 stm|  Auth success: 00:fa:21:55:cc:4d: AP 10.44.4.50-b4:5d:50:13:79:c1-EXT-MilH200-AP275-1
Jul 25 00:03:52 10.44.4.50 stm[2526]:  <501095> <NOTI> |AP EXT-MilH200-AP275-1@10.44.4.50 stm|  Assoc request @ 00:03:52.024407: 00:fa:21:55:cc:4d (SN 1003): AP 10.44.4.50-b4:5d:50:13:79:c1-EXT-MilH200-AP275-1
Jul 25 00:03:52 10.44.4.50 stm[2526]:  <501080> <NOTI> |AP EXT-MilH200-AP275-1@10.44.4.50 stm|  Deauth to sta: 00:fa:21:55:cc:4d: Ageout AP 10.44.4.50-b4:5d:50:13:79:d1-EXT-MilH200-AP275-1 STA has roamed to another AP
Jul 25 00:03:52 10.47.0.33 stm[1910]: <501218> <1910> <NOTI> < 10.47.0.33>  stm_sta_assign_vlan 21120: VLAN: sta 00:fa:21:55:cc:4d, STM assigns MAC based vlan_id 1
Jul 25 00:03:52 10.47.0.33 stm[1910]: <501100> <1910> <NOTI> < 10.47.0.33>  Assoc success @ 00:03:52.042315: 00:fa:21:55:cc:4d: AP 10.44.4.50-b4:5d:50:13:79:c1-EXT-MilH200-AP275-1
Jul 25 00:03:52 10.44.4.50 stm[2526]:  <501100> <NOTI> |AP EXT-MilH200-AP275-1@10.44.4.50 stm|  Assoc success @ 00:03:52.036989: 00:fa:21:55:cc:4d: AP 10.44.4.50-b4:5d:50:13:79:c1-EXT-MilH200-AP275-1
Jul 25 00:03:52 10.44.26.121 KERNEL(EXT-McCo141-AP377-1@10.44.26.121): [2025553.306278] wlan_mlme_app_ie_delete: appie is NULL. Do nothing.
Jul 25 00:03:52 Aruba-MM-01 wms[6492]: <126068> <6492> <WARN> <Aruba-MM-01 10.47.128.140> |ids| AP(38:17:c3:84:9c:30@Grig360-AP345-1): Adhoc Network Using Valid SSID: An AP detected an adhoc node 46:05:73:00:01:00 (BSSID 38:17:c3:82:b9:d1 and SSID NinerWiFi-Guest on CHANNEL 161) using a valid/protected SSID. SNR is 0.
Jul 25 00:03:52 Aruba-MM-01 wms[6492]: <126065> <6492> <WARN> <Aruba-MM-01 10.47.128.140> |ids| AP(00:4e:35:cc:db:70@MiltA001-AP534-2): Valid Client Not Using Encryption: An AP detected an unencrypted frame between a valid client (34:ab:37:e3:63:87) and access point (BSSID 00:4e:35:cc:db:71), with source 34:ab:37:e3:63:87 and receiver b4:0c:25:e0:40:57. SNR value is 32.
Jul 25 00:03:53 10.44.26.121 KERNEL(EXT-McCo141-AP377-1@10.44.26.121): [2025554.388284] wlan_mlme_app_ie_delete: appie is NULL. Do nothing.
Jul 25 00:03:53 10.44.4.50 stm[2526]:  <501093> <NOTI> |AP EXT-MilH200-AP275-1@10.44.4.50 stm|  Auth success: 00:fa:21:55:cc:4d: AP 10.44.4.50-b4:5d:50:13:79:d1-EXT-MilH200-AP275-1
Jul 25 00:03:53 10.44.4.50 stm[2526]:  <501095> <NOTI> |AP EXT-MilH200-AP275-1@10.44.4.50 stm|  Assoc request @ 00:03:53.292630: 00:fa:21:55:cc:4d (SN 1028): AP 10.44.4.50-b4:5d:50:13:79:d1-EXT-MilH200-AP275-1
Jul 25 00:03:53 10.44.4.50 stm[2526]:  <501080> <NOTI> |AP EXT-MilH200-AP275-1@10.44.4.50 stm|  Deauth to sta: 00:fa:21:55:cc:4d: Ageout AP 10.44.4.50-b4:5d:50:13:79:c1-EXT-MilH200-AP275-1 STA has roamed to another AP
Jul 25 00:03:53 10.47.0.33 stm[1910]: <501218> <1910> <NOTI> < 10.47.0.33>  stm_sta_assign_vlan 21120: VLAN: sta 00:fa:21:55:cc:4d, STM assigns MAC based vlan_id 1
Jul 25 00:03:53 10.47.0.33 stm[1910]: <501100> <1910> <NOTI> < 10.47.0.33>  Assoc success @ 00:03:53.306188: 00:fa:21:55:cc:4d: AP 10.44.4.50-b4:5d:50:13:79:d1-EXT-MilH200-AP275-1
Jul 25 00:03:53 10.44.4.50 stm[2526]:  <501100> <NOTI> |AP EXT-MilH200-AP275-1@10.44.4.50 stm|  Assoc success @ 00:03:53.304513: 00:fa:21:55:cc:4d: AP 10.44.4.50-b4:5d:50:13:79:d1-EXT-MilH200-AP275-1
Jul 25 00:03:53 10.45.14.104 sapd[2849]: <326268> <ERRS> |AP Winn107-AP345-1@10.45.14.104 sapd|  An internal system error has occurred at file amon.c function amon_mcell_add_max_ssids_table line 2023 error invalid max_ssids 20 for 90:4c:81:8c:2b:70 .
Jul 25 00:03:53 Aruba-MM-01 mdns[6914]: <527004> <23618> <INFO> <Aruba-MM-01 10.47.128.140>  3103758080 mdns_parse_query_packet 2315 mac b2:ba:98:2f:22:7d record list not empty: generate response packet 1, count 17
Jul 25 00:03:53 10.44.76.109 stm[3639]:  <501093> <NOTI> |AP Rees140-AP325-1@10.44.76.109 stm|  Auth success: d4:6a:6a:65:bc:c7: AP 10.44.76.109-ac:a3:1e:5a:5f:e0-Rees140-AP325-1
Jul 25 00:03:53 10.44.76.109 stm[3639]:  <501095> <NOTI> |AP Rees140-AP325-1@10.44.76.109 stm|  Assoc request @ 00:03:53.922991: d4:6a:6a:65:bc:c7 (SN 0): AP 10.44.76.109-ac:a3:1e:5a:5f:e0-Rees140-AP325-1
Jul 25 00:03:53 10.44.76.109 stm[3639]:  <501068> <WARN> |AP Rees140-AP325-1@10.44.76.109 stm|  Source: d4:6a:6a:65:bc:c7 Failed AP 10.44.76.109-ac:a3:1e:5a:5f:e0-Rees140-AP325-1 Multicast Encryption Mismatch
Jul 25 00:03:53 10.44.76.109 stm[3639]:  <501101> <NOTI> |AP Rees140-AP325-1@10.44.76.109 stm|  Assoc failure: d4:6a:6a:65:bc:c7: AP 10.44.76.109-ac:a3:1e:5a:5f:e0-Rees140-AP325-1 Reason Capability requested by STA unsupported by AP
Jul 25 00:03:53 10.44.76.109 stm[3639]:  <501080> <NOTI> |AP Rees140-AP325-1@10.44.76.109 stm|  Deauth to sta: d4:6a:6a:65:bc:c7: Ageout AP 10.44.76.109-ac:a3:1e:5a:5f:e0-Rees140-AP325-1 Capability requested by STA unsupported by AP
Jul 25 00:03:53 10.44.26.121 KERNEL(EXT-McCo141-AP377-1@10.44.26.121): [2025555.474257] wlan_mlme_app_ie_delete: appie is NULL. Do nothing.
Jul 25 00:03:54 10.44.4.50 stm[2526]:  <501093> <NOTI> |AP EXT-MilH200-AP275-1@10.44.4.50 stm|  Auth success: 00:fa:21:55:cc:4d: AP 10.44.4.50-b4:5d:50:13:79:c1-EXT-MilH200-AP275-1
Jul 25 00:03:54 10.44.4.50 stm[2526]:  <501095> <NOTI> |AP EXT-MilH200-AP275-1@10.44.4.50 stm|  Assoc request @ 00:03:54.239178: 00:fa:21:55:cc:4d (SN 1045): AP 10.44.4.50-b4:5d:50:13:79:c1-EXT-MilH200-AP275-1
Jul 25 00:03:54 10.44.4.50 stm[2526]:  <501080> <NOTI> |AP EXT-MilH200-AP275-1@10.44.4.50 stm|  Deauth to sta: 00:fa:21:55:cc:4d: Ageout AP 10.44.4.50-b4:5d:50:13:79:d1-EXT-MilH200-AP275-1 STA has roamed to another AP
Jul 25 00:03:54 10.47.0.33 stm[1910]: <501218> <1910> <NOTI> < 10.47.0.33>  stm_sta_assign_vlan 21120: VLAN: sta 00:fa:21:55:cc:4d, STM assigns MAC based vlan_id 1
Jul 25 00:03:54 10.47.0.33 stm[1910]: <501100> <1910> <NOTI> < 10.47.0.33>  Assoc success @ 00:03:54.254206: 00:fa:21:55:cc:4d: AP 10.44.4.50-b4:5d:50:13:79:c1-EXT-MilH200-AP275-1
Jul 25 00:03:54 10.44.4.50 stm[2526]:  <501100> <NOTI> |AP EXT-MilH200-AP275-1@10.44.4.50 stm|  Assoc success @ 00:03:54.251520: 00:fa:21:55:cc:4d: AP 10.44.4.50-b4:5d:50:13:79:c1-EXT-MilH200-AP275-1
Jul 25 00:03:54 10.47.0.32 dot1x-proc:2[2746]: <522275> <2746> <WARN> < 10.47.0.32>  User Authentication failed. username=w4fDl8OYwpTCksKDw5PClA== userip=0.0.0.0 usermac=24:f6:77:09:2c:94 authmethod=802.1x servername=radius-rup2-et5020-2-10.23.0.41 serverip=10.23.0.41 apname=Wood390-AP345-2 bssid=90:4c:81:8e:fd:50 
Jul 25 00:03:54 10.47.0.32 stm[1897]: <501106> <4008> <NOTI> < 10.47.0.32>  Deauth to sta: 24:f6:77:09:2c:94: Ageout AP 10.45.83.5-90:4c:81:8e:fd:50-Wood390-AP345-2 wifi_deauth_sta
Jul 25 00:03:54 10.47.0.32 stm[1897]: <501080> <4008> <NOTI> < 10.47.0.32>  Deauth to sta: 24:f6:77:09:2c:94: Ageout AP 10.45.83.5-90:4c:81:8e:fd:50-Wood390-AP345-2 Response to EAP Challenge Failed
Jul 25 00:03:54 10.45.83.5 stm[2863]:  <501105> <NOTI> |AP Wood390-AP345-2@10.45.83.5 stm|  Deauth from sta: 24:f6:77:09:2c:94: AP 10.45.83.5-90:4c:81:8e:fd:50-Wood390-AP345-2 Reason Response to EAP Challenge Failed
Jul 25 00:03:54 10.45.83.5 stm[2863]:  <501102> <NOTI> |AP Wood390-AP345-2@10.45.83.5 stm|  Disassoc from sta: 24:f6:77:09:2c:94: AP 10.45.83.5-90:4c:81:8e:fd:50-Wood390-AP345-2 Reason STA has left and is disassociated
Jul 25 00:03:54 10.45.83.5 stm[2863]:  <501037> <NOTI> |AP Wood390-AP345-2@10.45.83.5 stm|  Station 24:f6:77:09:2c:94: no association found trying to disassociate to BSSID 90:4c:81:8e:fd:50 on AP Wood390-AP345-2
Jul 25 00:03:55 10.44.4.48 stm[2526]:  <501093> <NOTI> |AP EXT-MilH100-AP275-1@10.44.4.48 stm|  Auth success: 62:45:1d:fb:f2:34: AP 10.44.4.48-b4:5d:50:13:73:11-EXT-MilH100-AP275-1
Jul 25 00:03:55 10.44.4.48 stm[2526]:  <501095> <NOTI> |AP EXT-MilH100-AP275-1@10.44.4.48 stm|  Assoc request @ 00:03:55.010379: 62:45:1d:fb:f2:34 (SN 1603): AP 10.44.4.48-b4:5d:50:13:73:11-EXT-MilH100-AP275-1
Jul 25 00:03:55 10.44.4.48 stm[2526]:  <501080> <NOTI> |AP EXT-MilH100-AP275-1@10.44.4.48 stm|  Deauth to sta: 62:45:1d:fb:f2:34: Ageout AP 10.44.4.48-b4:5d:50:13:73:01-EXT-MilH100-AP275-1 STA has roamed to another AP
Jul 25 00:03:55 10.47.0.33 stm[1910]: <501218> <1910> <NOTI> < 10.47.0.33>  stm_sta_assign_vlan 21120: VLAN: sta 62:45:1d:fb:f2:34, STM assigns MAC based vlan_id 1
Jul 25 00:03:55 10.47.0.33 stm[1910]: <501100> <1910> <NOTI> < 10.47.0.33>  Assoc success @ 00:03:55.027084: 62:45:1d:fb:f2:34: AP 10.44.4.48-b4:5d:50:13:73:11-EXT-MilH100-AP275-1
Jul 25 00:03:55 10.44.4.48 stm[2526]:  <501100> <NOTI> |AP EXT-MilH100-AP275-1@10.44.4.48 stm|  Assoc success @ 00:03:55.024588: 62:45:1d:fb:f2:34: AP 10.44.4.48-b4:5d:50:13:73:11-EXT-MilH100-AP275-1
Jul 25 00:03:55 10.44.4.50 stm[2526]:  <501093> <NOTI> |AP EXT-MilH200-AP275-1@10.44.4.50 stm|  Auth success: 00:fa:21:55:cc:4d: AP 10.44.4.50-b4:5d:50:13:79:d1-EXT-MilH200-AP275-1
Jul 25 00:03:55 10.44.4.50 stm[2526]:  <501095> <NOTI> |AP EXT-MilH200-AP275-1@10.44.4.50 stm|  Assoc request @ 00:03:55.281201: 00:fa:21:55:cc:4d (SN 1066): AP 10.44.4.50-b4:5d:50:13:79:d1-EXT-MilH200-AP275-1
Jul 25 00:03:55 10.47.0.33 stm[1910]: <501218> <1910> <NOTI> < 10.47.0.33>  stm_sta_assign_vlan 21120: VLAN: sta 00:fa:21:55:cc:4d, STM assigns MAC based vlan_id 1
Jul 25 00:03:55 10.44.4.50 stm[2526]:  <501080> <NOTI> |AP EXT-MilH200-AP275-1@10.44.4.50 stm|  Deauth to sta: 00:fa:21:55:cc:4d: Ageout AP 10.44.4.50-b4:5d:50:13:79:c1-EXT-MilH200-AP275-1 STA has roamed to another AP
Jul 25 00:03:55 10.47.0.33 stm[1910]: <501100> <1910> <NOTI> < 10.47.0.33>  Assoc success @ 00:03:55.292239: 00:fa:21:55:cc:4d: AP 10.44.4.50-b4:5d:50:13:79:d1-EXT-MilH200-AP275-1
Jul 25 00:03:55 10.44.4.50 stm[2526]:  <501100> <NOTI> |AP EXT-MilH200-AP275-1@10.44.4.50 stm|  Assoc success @ 00:03:55.291999: 00:fa:21:55:cc:4d: AP 10.44.4.50-b4:5d:50:13:79:d1-EXT-MilH200-AP275-1
Jul 25 00:03:55 10.44.15.188 stm[2535]:  <501093> <NOTI> |AP EXT-EPIC1380-AP275-1@10.44.15.188 stm|  Auth success: 8a:72:30:f3:6e:af: AP 10.44.15.188-b4:5d:50:13:2d:f0-EXT-EPIC1380-AP275-1
Jul 25 00:03:55 10.44.15.188 stm[2535]:  <501095> <NOTI> |AP EXT-EPIC1380-AP275-1@10.44.15.188 stm|  Assoc request @ 00:03:55.618721: 8a:72:30:f3:6e:af (SN 1158): AP 10.44.15.188-b4:5d:50:13:2d:f0-EXT-EPIC1380-AP275-1
Jul 25 00:03:55 10.47.0.32 stm[1897]: <501218> <1897> <NOTI> < 10.47.0.32>  stm_sta_assign_vlan 21120: VLAN: sta 8a:72:30:f3:6e:af, STM assigns MAC based vlan_id 1
Jul 25 00:03:55 10.47.0.32 stm[1897]: <501080> <1897> <NOTI> < 10.47.0.32>  Deauth to sta: 8a:72:30:f3:6e:af: Ageout AP 10.44.15.244-b4:5d:50:13:2c:b0-EXT-EPIC1424-AP275-2 STA has roamed to another AP
Jul 25 00:03:55 10.47.0.32 stm[1897]: <501100> <1897> <NOTI> < 10.47.0.32>  Assoc success @ 00:03:55.629629: 8a:72:30:f3:6e:af: AP 10.44.15.188-b4:5d:50:13:2d:f0-EXT-EPIC1380-AP275-1
Jul 25 00:03:55 10.44.15.188 stm[2535]:  <501100> <NOTI> |AP EXT-EPIC1380-AP275-1@10.44.15.188 stm|  Assoc success @ 00:03:55.623754: 8a:72:30:f3:6e:af: AP 10.44.15.188-b4:5d:50:13:2d:f0-EXT-EPIC1380-AP275-1
Jul 25 00:03:55 10.44.15.244 stm[2530]:  <501105> <NOTI> |AP EXT-EPIC1424-AP275-2@10.44.15.244 stm|  Deauth from sta: 8a:72:30:f3:6e:af: AP 10.44.15.244-b4:5d:50:13:2c:b0-EXT-EPIC1424-AP275-2 Reason STA has roamed to another AP
Jul 25 00:03:56 10.47.0.32 dot1x-proc:3[2749]: <522038> <2749> <NOTI> < 10.47.0.32>  username=w4nDnsOMwoXCnMKQwqjDm8Kiw5PDosKgwpJdw4jDh8OeTQ== MAC=8a:72:30:f3:6e:af IP=0.0.0.0 Result=Successful method=802.1x server=radius-atki-et5020-2-10.23.0.40
Jul 25 00:03:56 10.47.0.32 authmgr[1863]: <522008> <1863> <NOTI> < 10.47.0.32>  User Authentication Successful: username=w4nDnsOMwoXCnMKQwqjDm8Kiw5PDosKgwpJdw4jDh8OeTQ== MAC=8a:72:30:f3:6e:af IP=10.220.85.109 role=ur_eduroam_guest VLAN=310 AP=EXT-EPIC1380-AP275-1 SSID=eduroam AAA profile=aaa-uncc-dot1x auth method=802.1x auth server=radius-atki-et5020-2-10.23.0.40
Jul 25 00:03:56 10.47.0.32 authmgr[1863]: <522008> <1863> <NOTI> < 10.47.0.32>  User Authentication Successful: username=w4nDnsOMwoXCnMKQwqjDm8Kiw5PDosKgwpJdw4jDh8OeTQ== MAC=8a:72:30:f3:6e:af IP=fe80::1486:a6a1:25d8:ec62 role=ur_eduroam_guest VLAN=310 AP=EXT-EPIC1380-AP275-1 SSID=eduroam AAA profile=aaa-uncc-dot1x auth method=802.1x auth server=radius-atki-et5020-2-10.23.0.40
Jul 25 00:03:56 10.44.76.121 stm[3639]:  <501093> <NOTI> |AP Rees211-AP325-1@10.44.76.121 stm|  Auth success: d4:6a:6a:65:bc:c7: AP 10.44.76.121-ac:a3:1e:5a:a3:60-Rees211-AP325-1
Jul 25 00:03:56 10.44.76.121 stm[3639]:  <501095> <NOTI> |AP Rees211-AP325-1@10.44.76.121 stm|  Assoc request @ 00:03:56.929855: d4:6a:6a:65:bc:c7 (SN 0): AP 10.44.76.121-ac:a3:1e:5a:a3:60-Rees211-AP325-1
Jul 25 00:03:56 10.44.76.121 stm[3639]:  <501068> <WARN> |AP Rees211-AP325-1@10.44.76.121 stm|  Source: d4:6a:6a:65:bc:c7 Failed AP 10.44.76.121-ac:a3:1e:5a:a3:60-Rees211-AP325-1 Multicast Encryption Mismatch
Jul 25 00:03:56 10.44.76.121 stm[3639]:  <501101> <NOTI> |AP Rees211-AP325-1@10.44.76.121 stm|  Assoc failure: d4:6a:6a:65:bc:c7: AP 10.44.76.121-ac:a3:1e:5a:a3:60-Rees211-AP325-1 Reason Capability requested by STA unsupported by AP
Jul 25 00:03:56 10.44.76.121 stm[3639]:  <501080> <NOTI> |AP Rees211-AP325-1@10.44.76.121 stm|  Deauth to sta: d4:6a:6a:65:bc:c7: Ageout AP 10.44.76.121-ac:a3:1e:5a:a3:60-Rees211-AP325-1 Capability requested by STA unsupported by AP
Jul 25 00:03:57 10.44.15.244 stm[2530]:  <501093> <NOTI> |AP EXT-EPIC1424-AP275-2@10.44.15.244 stm|  Auth success: 8a:72:30:f3:6e:af: AP 10.44.15.244-b4:5d:50:13:2c:b0-EXT-EPIC1424-AP275-2
Jul 25 00:03:57 10.44.15.244 stm[2530]:  <501095> <NOTI> |AP EXT-EPIC1424-AP275-2@10.44.15.244 stm|  Assoc request @ 00:03:57.261558: 8a:72:30:f3:6e:af (SN 1181): AP 10.44.15.244-b4:5d:50:13:2c:b0-EXT-EPIC1424-AP275-2
Jul 25 00:03:57 10.47.0.32 stm[1897]: <501218> <1897> <NOTI> < 10.47.0.32>  stm_sta_assign_vlan 21120: VLAN: sta 8a:72:30:f3:6e:af, STM assigns MAC based vlan_id 1
Jul 25 00:03:57 10.47.0.32 stm[1897]: <501080> <1897> <NOTI> < 10.47.0.32>  Deauth to sta: 8a:72:30:f3:6e:af: Ageout AP 10.44.15.188-b4:5d:50:13:2d:f0-EXT-EPIC1380-AP275-1 STA has roamed to another AP
Jul 25 00:03:57 10.44.15.244 stm[2530]:  <501100> <NOTI> |AP EXT-EPIC1424-AP275-2@10.44.15.244 stm|  Assoc success @ 00:03:57.268461: 8a:72:30:f3:6e:af: AP 10.44.15.244-b4:5d:50:13:2c:b0-EXT-EPIC1424-AP275-2
Jul 25 00:03:57 10.47.0.32 stm[1897]: <501100> <1897> <NOTI> < 10.47.0.32>  Assoc success @ 00:03:57.275763: 8a:72:30:f3:6e:af: AP 10.44.15.244-b4:5d:50:13:2c:b0-EXT-EPIC1424-AP275-2
Jul 25 00:03:57 10.47.0.32 authmgr[1863]: <522008> <3629> <NOTI> < 10.47.0.32>  User Authentication Successful: username=w4nDnsOMwoXCnMKQwqjDm8Kiw5PDosKgwpJdw4jDh8OeTQ== MAC=8a:72:30:f3:6e:af IP=10.220.85.109 role=ur_eduroam_guest VLAN=310 AP=EXT-EPIC1424-AP275-2 SSID=eduroam AAA profile=aaa-uncc-dot1x auth method=802.1x auth server=radius-atki-et5020-2-10.23.0.40
Jul 25 00:03:57 10.47.0.32 authmgr[1863]: <522008> <3629> <NOTI> < 10.47.0.32>  User Authentication Successful: username=w4nDnsOMwoXCnMKQwqjDm8Kiw5PDosKgwpJdw4jDh8OeTQ== MAC=8a:72:30:f3:6e:af IP=fe80::1486:a6a1:25d8:ec62 role=ur_eduroam_guest VLAN=310 AP=EXT-EPIC1424-AP275-2 SSID=eduroam AAA profile=aaa-uncc-dot1x auth method=802.1x auth server=radius-atki-et5020-2-10.23.0.40
Jul 25 00:03:57 10.44.15.188 stm[2535]:  <501105> <NOTI> |AP EXT-EPIC1380-AP275-1@10.44.15.188 stm|  Deauth from sta: 8a:72:30:f3:6e:af: AP 10.44.15.188-b4:5d:50:13:2d:f0-EXT-EPIC1380-AP275-1 Reason STA has roamed to another AP
Jul 25 00:03:57 10.44.15.244 stm[2530]:  <501093> <NOTI> |AP EXT-EPIC1424-AP275-2@10.44.15.244 stm|  Auth success: 8a:72:30:f3:6e:af: AP 10.44.15.244-b4:5d:50:13:2c:b0-EXT-EPIC1424-AP275-2
Jul 25 00:03:57 10.44.15.244 stm[2530]:  <501095> <NOTI> |AP EXT-EPIC1424-AP275-2@10.44.15.244 stm|  Assoc request @ 00:03:57.604560: 8a:72:30:f3:6e:af (SN 1183): AP 10.44.15.244-b4:5d:50:13:2c:b0-EXT-EPIC1424-AP275-2
Jul 25 00:03:57 10.47.0.32 stm[1897]: <501218> <1897> <NOTI> < 10.47.0.32>  stm_sta_assign_vlan 21120: VLAN: sta 8a:72:30:f3:6e:af, STM assigns MAC based vlan_id 1
Jul 25 00:03:57 10.47.0.32 stm[1897]: <501100> <1897> <NOTI> < 10.47.0.32>  Assoc success @ 00:03:57.613463: 8a:72:30:f3:6e:af: AP 10.44.15.244-b4:5d:50:13:2c:b0-EXT-EPIC1424-AP275-2
Jul 25 00:03:57 10.47.0.32 authmgr[1863]: <522008> <3629> <NOTI> < 10.47.0.32>  User Authentication Successful: username=w4nDnsOMwoXCnMKQwqjDm8Kiw5PDosKgwpJdw4jDh8OeTQ== MAC=8a:72:30:f3:6e:af IP=10.220.85.109 role=ur_eduroam_guest VLAN=310 AP=EXT-EPIC1424-AP275-2 SSID=eduroam AAA profile=aaa-uncc-dot1x auth method=802.1x auth server=radius-atki-et5020-2-10.23.0.40
Jul 25 00:03:57 10.47.0.32 authmgr[1863]: <522008> <3629> <NOTI> < 10.47.0.32>  User Authentication Successful: username=w4nDnsOMwoXCnMKQwqjDm8Kiw5PDosKgwpJdw4jDh8OeTQ== MAC=8a:72:30:f3:6e:af IP=fe80::1486:a6a1:25d8:ec62 role=ur_eduroam_guest VLAN=310 AP=EXT-EPIC1424-AP275-2 SSID=eduroam AAA profile=aaa-uncc-dot1x auth method=802.1x auth server=radius-atki-et5020-2-10.23.0.40
Jul 25 00:03:57 10.44.15.244 stm[2530]:  <501100> <NOTI> |AP EXT-EPIC1424-AP275-2@10.44.15.244 stm|  Assoc success @ 00:03:57.609432: 8a:72:30:f3:6e:af: AP 10.44.15.244-b4:5d:50:13:2c:b0-EXT-EPIC1424-AP275-2
Jul 25 00:03:59 10.44.22.177 sapd[2843]: <326268> <ERRS> |AP Grig360-AP345-1@10.44.22.177 sapd|  An internal system error has occurred at file amon.c function amon_mcell_add_max_ssids_table line 2023 error invalid max_ssids 255 for 38:17:c3:84:30:70 .
Jul 25 00:03:59 10.47.0.33 stm[1910]: <501106> <4021> <NOTI> < 10.47.0.33>  Deauth to sta: b8:76:3f:91:ba:3e: Ageout AP 10.44.22.104-38:17:c3:82:d2:70-Grig322-AP345-1 wifi_deauth_sta
Jul 25 00:03:59 10.47.0.33 stm[1910]: <501080> <4021> <NOTI> < 10.47.0.33>  Deauth to sta: b8:76:3f:91:ba:3e: Ageout AP 10.44.22.104-38:17:c3:82:d2:70-Grig322-AP345-1 APAE Disconnect
Jul 25 00:03:59 10.44.22.104 stm[2877]:  <501105> <NOTI> |AP Grig322-AP345-1@10.44.22.104 stm|  Deauth from sta: b8:76:3f:91:ba:3e: AP 10.44.22.104-38:17:c3:82:d2:70-Grig322-AP345-1 Reason APAE Disconnect
Jul 25 00:03:59 Aruba-MM-01 mdns[6914]: <527004> <6914> <INFO> <Aruba-MM-01 10.47.128.140>  3869800256 mdns_client_update 642 MDNS Client for mac:88:6b:6e:e5:79:8a does not exist. Ignoring Message.
Jul 25 00:03:59 10.44.76.109 stm[3639]:  <501093> <NOTI> |AP Rees140-AP325-1@10.44.76.109 stm|  Auth success: d4:6a:6a:65:bc:c7: AP 10.44.76.109-ac:a3:1e:5a:5f:e0-Rees140-AP325-1
Jul 25 00:03:59 10.44.76.109 stm[3639]:  <501095> <NOTI> |AP Rees140-AP325-1@10.44.76.109 stm|  Assoc request @ 00:03:59.928395: d4:6a:6a:65:bc:c7 (SN 0): AP 10.44.76.109-ac:a3:1e:5a:5f:e0-Rees140-AP325-1
Jul 25 00:03:59 10.44.76.109 stm[3639]:  <501068> <WARN> |AP Rees140-AP325-1@10.44.76.109 stm|  Source: d4:6a:6a:65:bc:c7 Failed AP 10.44.76.109-ac:a3:1e:5a:5f:e0-Rees140-AP325-1 Multicast Encryption Mismatch
Jul 25 00:03:59 10.44.76.109 stm[3639]:  <501101> <NOTI> |AP Rees140-AP325-1@10.44.76.109 stm|  Assoc failure: d4:6a:6a:65:bc:c7: AP 10.44.76.109-ac:a3:1e:5a:5f:e0-Rees140-AP325-1 Reason Capability requested by STA unsupported by AP
Jul 25 00:03:59 10.44.76.109 stm[3639]:  <501080> <NOTI> |AP Rees140-AP325-1@10.44.76.109 stm|  Deauth to sta: d4:6a:6a:65:bc:c7: Ageout AP 10.44.76.109-ac:a3:1e:5a:5f:e0-Rees140-AP325-1 Capability requested by STA unsupported by AP
Jul 25 00:04:01 10.47.0.33 stm[1910]: <305061> <1910> <WARN> < 10.47.0.33>  sapm_proc_hello_req: AP 10.44.26.101 70:3a:0e:cd:21:34 GSM CLUSTER_AAC is not copied to assigned A-AAC, ignore HELLO
Jul 25 00:04:02 10.44.4.50 stm[2526]:  <501093> <NOTI> |AP EXT-MilH200-AP275-1@10.44.4.50 stm|  Auth success: cc:f4:11:d5:39:55: AP 10.44.4.50-b4:5d:50:13:79:d1-EXT-MilH200-AP275-1
Jul 25 00:04:02 10.44.4.50 stm[2526]:  <501095> <NOTI> |AP EXT-MilH200-AP275-1@10.44.4.50 stm|  Assoc request @ 00:04:02.708321: cc:f4:11:d5:39:55 (SN 902): AP 10.44.4.50-b4:5d:50:13:79:d1-EXT-MilH200-AP275-1
Jul 25 00:04:02 10.47.0.32 stm[1897]: <501218> <1897> <NOTI> < 10.47.0.32>  stm_sta_assign_vlan 21120: VLAN: sta cc:f4:11:d5:39:55, STM assigns MAC based vlan_id 1
Jul 25 00:04:02 10.44.4.50 stm[2526]:  <501100> <NOTI> |AP EXT-MilH200-AP275-1@10.44.4.50 stm|  Assoc success @ 00:04:02.715064: cc:f4:11:d5:39:55: AP 10.44.4.50-b4:5d:50:13:79:d1-EXT-MilH200-AP275-1
Jul 25 00:04:02 10.47.0.32 stm[1897]: <501100> <1897> <NOTI> < 10.47.0.32>  Assoc success @ 00:04:02.720263: cc:f4:11:d5:39:55: AP 10.44.4.50-b4:5d:50:13:79:d1-EXT-MilH200-AP275-1
Jul 25 00:04:02 10.44.22.197 stm[2873]:  <501093> <NOTI> |AP Grig321-AP345-1@10.44.22.197 stm|  Auth success: b8:76:3f:91:ba:3e: AP 10.44.22.197-38:17:c3:82:cc:80-Grig321-AP345-1
Jul 25 00:04:02 10.47.0.33 stm[1910]: <501218> <1910> <NOTI> < 10.47.0.33>  stm_sta_assign_vlan 21120: VLAN: sta b8:76:3f:91:ba:3e, STM assigns MAC based vlan_id 1
Jul 25 00:04:02 10.47.0.33 stm[1910]: <501100> <1910> <NOTI> < 10.47.0.33>  Assoc success @ 00:04:02.817652: b8:76:3f:91:ba:3e: AP 10.44.22.197-38:17:c3:82:cc:80-Grig321-AP345-1
Jul 25 00:04:02 10.44.22.197 stm[2873]:  <501095> <NOTI> |AP Grig321-AP345-1@10.44.22.197 stm|  Assoc request @ 00:04:02.812471: b8:76:3f:91:ba:3e (SN 867): AP 10.44.22.197-38:17:c3:82:cc:80-Grig321-AP345-1
Jul 25 00:04:02 10.44.22.197 stm[2873]:  <501100> <NOTI> |AP Grig321-AP345-1@10.44.22.197 stm|  Assoc success @ 00:04:02.815979: b8:76:3f:91:ba:3e: AP 10.44.22.197-38:17:c3:82:cc:80-Grig321-AP345-1
Jul 25 00:04:02 10.44.76.109 stm[3639]:  <501093> <NOTI> |AP Rees140-AP325-1@10.44.76.109 stm|  Auth success: d4:6a:6a:65:bc:c7: AP 10.44.76.109-ac:a3:1e:5a:5f:e0-Rees140-AP325-1
Jul 25 00:04:02 10.44.76.109 stm[3639]:  <501095> <NOTI> |AP Rees140-AP325-1@10.44.76.109 stm|  Assoc request @ 00:04:02.926646: d4:6a:6a:65:bc:c7 (SN 0): AP 10.44.76.109-ac:a3:1e:5a:5f:e0-Rees140-AP325-1
Jul 25 00:04:02 10.44.76.109 stm[3639]:  <501068> <WARN> |AP Rees140-AP325-1@10.44.76.109 stm|  Source: d4:6a:6a:65:bc:c7 Failed AP 10.44.76.109-ac:a3:1e:5a:5f:e0-Rees140-AP325-1 Multicast Encryption Mismatch
Jul 25 00:04:02 10.44.76.109 stm[3639]:  <501101> <NOTI> |AP Rees140-AP325-1@10.44.76.109 stm|  Assoc failure: d4:6a:6a:65:bc:c7: AP 10.44.76.109-ac:a3:1e:5a:5f:e0-Rees140-AP325-1 Reason Capability requested by STA unsupported by AP
Jul 25 00:04:02 10.44.76.109 stm[3639]:  <501080> <NOTI> |AP Rees140-AP325-1@10.44.76.109 stm|  Deauth to sta: d4:6a:6a:65:bc:c7: Ageout AP 10.44.76.109-ac:a3:1e:5a:5f:e0-Rees140-AP325-1 Capability requested by STA unsupported by AP
Jul 25 00:04:03 Aruba-MM-01 wms[6492]: <126005> <6492> <WARN> <Aruba-MM-01 10.47.128.140> |ids| Interfering AP: The system classified an access point (BSSID 8a:5a:85:d5:e1:ca and SSID 2021traverse on CHANNEL 44) as interfering. Additional Info: Detector-AP-Name:EXT-Robi135C-AP375-1; Detector-AP-MAC:48:4a:e9:d5:c5:70; Detector-AP-Radio:1.
Jul 25 00:04:03 10.45.14.104 sapd[2849]: <326268> <ERRS> |AP Winn107-AP345-1@10.45.14.104 sapd|  An internal system error has occurred at file amon.c function amon_mcell_add_max_ssids_table line 2023 error invalid max_ssids 20 for 90:4c:81:8c:2b:70 .
Jul 25 00:04:05 10.44.6.54 stm[3680]:  <501093> <NOTI> |AP Faci208-AP325-1@10.44.6.54 stm|  Auth success: d0:d2:b0:92:df:70: AP 10.44.6.54-ac:a3:1e:5a:58:b1-Faci208-AP325-1
Jul 25 00:04:05 10.44.6.54 stm[3680]:  <501095> <NOTI> |AP Faci208-AP325-1@10.44.6.54 stm|  Assoc request @ 00:04:05.049737: d0:d2:b0:92:df:70 (SN 0): AP 10.44.6.54-ac:a3:1e:5a:58:b1-Faci208-AP325-1
Jul 25 00:04:05 10.47.0.33 stm[1910]: <501218> <1910> <NOTI> < 10.47.0.33>  stm_sta_assign_vlan 21120: VLAN: sta d0:d2:b0:92:df:70, STM assigns MAC based vlan_id 1
Jul 25 00:04:05 10.47.0.33 stm[1910]: <501100> <1910> <NOTI> < 10.47.0.33>  Assoc success @ 00:04:05.057388: d0:d2:b0:92:df:70: AP 10.44.6.54-ac:a3:1e:5a:58:b1-Faci208-AP325-1
Jul 25 00:04:05 10.44.6.54 stm[3680]:  <501100> <NOTI> |AP Faci208-AP325-1@10.44.6.54 stm|  Assoc success @ 00:04:05.052611: d0:d2:b0:92:df:70: AP 10.44.6.54-ac:a3:1e:5a:58:b1-Faci208-AP325-1
Jul 25 00:04:05 10.47.0.32 authmgr[1863]: <522038> <1863> <NOTI> < 10.47.0.32>  username=wrTDkMOGwoPClcKFw5TDk8OVwrDDqMKowpLCksKRw4jDjcKiwpA= MAC=f4:5c:89:c2:26:25 IP=10.220.239.114 Result=Successful method=radius-accounting server=radius-atki-et5020-2-10.23.0.40
Jul 25 00:04:05 10.47.0.32 authmgr[1863]: <522038> <1863> <NOTI> < 10.47.0.32>  username=wrvDlMOYwpRcbMKrw4fCrcKlwrvCjcKGYsKWwrrCtcKBwp7Dm8OmwpzCo8Ojw5HDhsKRwpPDicOZwqTCkg== MAC=d8:3b:bf:dc:17:75 IP=10.22.47.40 Result=Successful method=radius-accounting server=radius-atki-et5020-2-10.23.0.40
Jul 25 00:04:05 10.47.0.32 authmgr[1863]: <522038> <1863> <NOTI> < 10.47.0.32>  username=wrvDlMOYwpRcwofDjcOZw6fCp8Kswo5mwofClsKWw6DCmcOkwqXDkcKnw6PCnMOYw5HCkcOIwpLDmsKTw6fChQ== MAC=54:8d:5a:63:33:32 IP=fe80::4530:9bd1:7d89:1719 Result=Successful method=radius-accounting server=radius-atki-et5020-2-10.23.0.40
Jul 25 00:04:05 10.47.0.32 authmgr[1863]: <522038> <1863> <NOTI> < 10.47.0.32>  username=wrjDksOOwozCmcKBw5rDmMK0w6XDocKdwpJdw4jDh8OeTQ== MAC=1e:2b:6e:f3:6f:16 IP=10.22.68.208 Result=Successful method=radius-accounting server=radius-atki-et5020-2-10.23.0.40
Jul 25 00:04:05 10.47.0.32 authmgr[1863]: <522038> <1863> <NOTI> < 10.47.0.32>  username=wr3DjcOGwozCmVHCncKqwrTDpcOhwp3Ckl3DiMOHw55N MAC=28:f0:76:2a:fe:e6 IP=fe80::1c73:bb4:38b1:1ece Result=Successful method=radius-accounting server=radius-atki-et5020-2-10.47.128.40
Jul 25 00:04:05 10.47.0.32 authmgr[1863]: <522038> <1863> <NOTI> < 10.47.0.32>  username=wpnCssKywofCmsKUwpXCvcOiw6bDmMKowqPCnsOVw5zCiQ== MAC=46:33:e5:33:73:f0 IP=fe80::cac:2223:4e6b:b09d Result=Successful method=radius-accounting server=radius-atki-et5020-2-10.47.128.40
Jul 25 00:04:05 10.47.0.32 authmgr[1863]: <522038> <1863> <NOTI> < 10.47.0.32>  username=wrvDlMOYwpRcY8Kpw4bCuMKzwqfCjsKJYsKWwpbDgHnDhMKlw5HCp8OjwpzDmMORwpHDiMKSw5rCk8OnwoU= MAC=14:f6:d8:05:f4:97 IP=fe80::2983:184d:3fc:e247 Result=Successful method=radius-accounting server=radius-atki-et5020-2-10.23.0.40
Jul 25 00:04:05 10.47.0.32 authmgr[1863]: <522038> <1863> <NOTI> < 10.47.0.32>  username=wrbDjMOOwoLCjsKTwqjDqcOiw5PDlmjClMKTw5jCgw== MAC=78:4f:43:98:93:b8 IP=fe80::188b:690b:45cc:c6f6 Result=Successful method=radius-accounting server=radius-atki-et5020-2-10.23.0.40
Jul 25 00:04:05 10.47.0.32 authmgr[1863]: <522038> <1863> <NOTI> < 10.47.0.32>  username=wr7DiMONwpXCn8KDwpnCpsK0w6XDocKdwpJdw4jDh8OeTQ== MAC=c2:a8:6a:98:17:39 IP=10.22.72.178 Result=Successful method=radius-accounting server=radius-atki-et5020-2-10.23.0.40
Jul 25 00:04:05 10.47.0.32 authmgr[1863]: <522038> <1863> <NOTI> < 10.47.0.32>  username=wrbDnMOGwpPClcKJwprCqcK0w6XDocKdwpJdw4jDh8OeTQ== MAC=32:1c:da:b5:3a:12 IP=10.22.16.15 Result=Successful method=radius-accounting server=radius-atki-et5020-2-10.23.0.40
Jul 25 00:04:05 10.47.0.32 authmgr[1863]: <522038> <1863> <NOTI> < 10.47.0.32>  username=w4jDk8OIwoPClcKBw5rDoMOjw6TDp8KfXMKdw5fCv8OKwqHDmMOjw5LCosOew5HCkMOWwpHDhsOSw6PClMOkw5jCkw== MAC=00:24:06:f4:c0:59 IP=fe80::224:6ff:fef4:c059 Result=Successful method=radius-accounting server=radius-rup2-et5020-2-10.23.0.41
Jul 25 00:04:05 10.47.0.32 authmgr[1863]: <522038> <1863> <NOTI> < 10.47.0.32>  username=wrbDiMOUwo7CpMKBwpnCpMK0w6XDocKdwpJdw4jDh8OeTQ== MAC=38:f9:d3:c0:f9:54 IP=10.216.73.29 Result=Successful method=radius-accounting server=radius-rup2-et5020-2-10.47.128.42
Jul 25 00:04:05 10.47.0.32 authmgr[1863]: <522038> <1863> <NOTI> < 10.47.0.32>  username=wrvDlMOYwpRccMKww43Dh8KlwqlqY2PCmMKaw4B5w4TCpcORwqfDo8Kcw5jDkcKRw4jCksOawpPDp8KF MAC=08:5b:d6:5e:67:99 IP=fe80::f134:a4e0:853e:96c6 Result=Successful method=radius-accounting server=radius-rup2-et5020-2-10.47.128.42
Jul 25 00:04:05 10.47.0.32 authmgr[1863]: <522038> <1863> <NOTI> < 10.47.0.32>  username=wrbDh8OXwoHCoMKFw5TCtMOpw57DlsKdXcKUw4fDmMKJ MAC=36:fd:81:11:19:c1 IP=fe80::1487:ed20:7194:a375 Result=Successful method=radius-accounting server=radius-rup2-et5020-2-10.47.128.42
Jul 25 00:04:05 10.47.0.32 authmgr[1863]: <522038> <1863> <NOTI> < 10.47.0.32>  username=w4DDmMONwo_CmcKUw5HDp8K0w6XDocKdwpJdw4jDh8OeTQ== MAC=12:be:bf:c9:87:da IP=10.22.17.241 Result=Successful method=radius-accounting server=radius-rup2-et5020-2-10.23.0.41
Jul 25 00:04:05 10.44.20.58 stm[3644]:  <501093> <NOTI> |AP MSII115-AP325-1@10.44.20.58 stm|  Auth success: 5c:cf:7f:bd:9c:d5: AP 10.44.20.58-ac:a3:1e:58:42:01-MSII115-AP325-1
Jul 25 00:04:05 10.44.20.58 stm[3644]:  <501095> <NOTI> |AP MSII115-AP325-1@10.44.20.58 stm|  Assoc request @ 00:04:05.237492: 5c:cf:7f:bd:9c:d5 (SN 0): AP 10.44.20.58-ac:a3:1e:58:42:01-MSII115-AP325-1
Jul 25 00:04:05 10.44.20.58 stm[3644]:  <501100> <NOTI> |AP MSII115-AP325-1@10.44.20.58 stm|  Assoc success @ 00:04:05.241397: 5c:cf:7f:bd:9c:d5: AP 10.44.20.58-ac:a3:1e:58:42:01-MSII115-AP325-1
Jul 25 00:04:05 10.47.0.33 stm[1910]: <501218> <1910> <NOTI> < 10.47.0.33>  stm_sta_assign_vlan 21120: VLAN: sta 5c:cf:7f:bd:9c:d5, STM assigns MAC based vlan_id 1
Jul 25 00:04:05 10.47.0.33 stm[1910]: <501100> <1910> <NOTI> < 10.47.0.33>  Assoc success @ 00:04:05.248365: 5c:cf:7f:bd:9c:d5: AP 10.44.20.58-ac:a3:1e:58:42:01-MSII115-AP325-1
Jul 25 00:04:05 10.45.83.5 stm[2863]:  <501093> <NOTI> |AP Wood390-AP345-2@10.45.83.5 stm|  Auth success: 24:f6:77:09:2c:94: AP 10.45.83.5-90:4c:81:8e:fd:50-Wood390-AP345-2
Jul 25 00:04:05 10.47.0.32 stm[1897]: <501218> <1897> <NOTI> < 10.47.0.32>  stm_sta_assign_vlan 21120: VLAN: sta 24:f6:77:09:2c:94, STM assigns MAC based vlan_id 1
Jul 25 00:04:05 10.47.0.32 stm[1897]: <501100> <1897> <NOTI> < 10.47.0.32>  Assoc success @ 00:04:05.728634: 24:f6:77:09:2c:94: AP 10.45.83.5-90:4c:81:8e:fd:50-Wood390-AP345-2
Jul 25 00:04:05 10.45.83.5 stm[2863]:  <501095> <NOTI> |AP Wood390-AP345-2@10.45.83.5 stm|  Assoc request @ 00:04:05.726085: 24:f6:77:09:2c:94 (SN 1572): AP 10.45.83.5-90:4c:81:8e:fd:50-Wood390-AP345-2
