Jul 25 00:02:48 10.47.0.32 cluster_mgr[2623]: <352302> <4117> <ERRS> < 10.47.0.32>  cmlb_ap_handle_ap_down_request, Rcvd CLUSTER_AAC Del. ap_mac: 70:3a:0e:cd:21:34
Jul 25 00:02:48 10.44.15.138 stm[2530]:  <501093> <NOTI> |AP EXT-EPICG122-AP275-1@10.44.15.138 stm|  Auth success: 8a:72:30:f3:6e:af: AP 10.44.15.138-b4:5d:50:13:89:f0-EXT-EPICG122-AP275-1
Jul 25 00:02:48 10.44.15.138 stm[2530]:  <501095> <NOTI> |AP EXT-EPICG122-AP275-1@10.44.15.138 stm|  Assoc request @ 00:02:48.835634: 8a:72:30:f3:6e:af (SN 948): AP 10.44.15.138-b4:5d:50:13:89:f0-EXT-EPICG122-AP275-1
Jul 25 00:02:48 10.47.0.32 stm[1897]: <501218> <1897> <NOTI> < 10.47.0.32>  stm_sta_assign_vlan 21120: VLAN: sta 8a:72:30:f3:6e:af, STM assigns MAC based vlan_id 1
Jul 25 00:02:48 10.47.0.32 stm[1897]: <501080> <1897> <NOTI> < 10.47.0.32>  Deauth to sta: 8a:72:30:f3:6e:af: Ageout AP 10.44.15.128-48:4a:e9:d5:da:30-EXT-EPICG183-AP375-1 STA has roamed to another AP
Jul 25 00:02:48 10.44.15.138 stm[2530]:  <501100> <NOTI> |AP EXT-EPICG122-AP275-1@10.44.15.138 stm|  Assoc success @ 00:02:48.842596: 8a:72:30:f3:6e:af: AP 10.44.15.138-b4:5d:50:13:89:f0-EXT-EPICG122-AP275-1
Jul 25 00:02:48 10.47.0.32 stm[1897]: <501100> <1897> <NOTI> < 10.47.0.32>  Assoc success @ 00:02:48.848695: 8a:72:30:f3:6e:af: AP 10.44.15.138-b4:5d:50:13:89:f0-EXT-EPICG122-AP275-1
Jul 25 00:02:48 10.44.15.128 stm[3578]:  <501105> <NOTI> |AP EXT-EPICG183-AP375-1@10.44.15.128 stm|  Deauth from sta: 8a:72:30:f3:6e:af: AP 10.44.15.128-48:4a:e9:d5:da:30-EXT-EPICG183-AP375-1 Reason STA has roamed to another AP
Jul 25 00:02:48 10.45.88.206 stm[2861]:  <501105> <NOTI> |AP UREC114-AP345-1@10.45.88.206 stm|  Deauth from sta: 76:47:08:0b:a5:49: AP 10.45.88.206-48:4a:e9:97:88:f1-UREC114-AP345-1 Reason STA has left and is deauthenticated
Jul 25 00:02:49 10.44.22.104 stm[2877]:  <501093> <NOTI> |AP Grig322-AP345-1@10.44.22.104 stm|  Auth success: b8:76:3f:91:ba:3e: AP 10.44.22.104-38:17:c3:82:d2:70-Grig322-AP345-1
Jul 25 00:02:49 10.47.0.33 stm[1910]: <501218> <1910> <NOTI> < 10.47.0.33>  stm_sta_assign_vlan 21120: VLAN: sta b8:76:3f:91:ba:3e, STM assigns MAC based vlan_id 1
Jul 25 00:02:49 10.44.22.104 stm[2877]:  <501095> <NOTI> |AP Grig322-AP345-1@10.44.22.104 stm|  Assoc request @ 00:02:49.379328: b8:76:3f:91:ba:3e (SN 819): AP 10.44.22.104-38:17:c3:82:d2:70-Grig322-AP345-1
Jul 25 00:02:49 10.47.0.33 stm[1910]: <501100> <1910> <NOTI> < 10.47.0.33>  Assoc success @ 00:02:49.384959: b8:76:3f:91:ba:3e: AP 10.44.22.104-38:17:c3:82:d2:70-Grig322-AP345-1
Jul 25 00:02:49 10.44.22.104 stm[2877]:  <501100> <NOTI> |AP Grig322-AP345-1@10.44.22.104 stm|  Assoc success @ 00:02:49.383233: b8:76:3f:91:ba:3e: AP 10.44.22.104-38:17:c3:82:d2:70-Grig322-AP345-1
Jul 25 00:02:49 10.44.6.53 stm[3669]:  <501102> <NOTI> |AP Faci222A-AP325-1@10.44.6.53 stm|  Disassoc from sta: b8:ee:65:0d:80:c1: AP 10.44.6.53-ac:a3:1e:5a:64:60-Faci222A-AP325-1 Reason STA has left and is disassociated
Jul 25 00:02:49 10.44.255.25 stm[2593]:  <501106> <NOTI> |AP EXT-McMi009-AP275-1@10.44.255.25 stm|  Deauth to sta: 8c:aa:b5:f2:0b:16: Ageout AP 10.44.255.25-f0:5c:19:b8:45:41-EXT-McMi009-AP275-1 handle_sapcp
Jul 25 00:02:49 10.44.255.25 stm[2593]:  <501080> <NOTI> |AP EXT-McMi009-AP275-1@10.44.255.25 stm|  Deauth to sta: 8c:aa:b5:f2:0b:16: Ageout AP 10.44.255.25-f0:5c:19:b8:45:41-EXT-McMi009-AP275-1 Sapcp Ageout (internal ageout) 
Jul 25 00:02:49 10.47.0.33 authmgr[1886]: <522038> <1886> <NOTI> < 10.47.0.33>  username=w4jDk8OIwoPClcKBw5rDoMOjw6TDp8KfXMKdw5fCv8OKwqHDmMOjw5LCosOew5HCkMOWwpHDhsOSw6PClMOkw5jCkw== MAC=00:24:06:f4:cd:ee IP=fe80::224:6ff:fef4:cdee Result=Successful method=radius-accounting server=radius-atki-et5020-2-10.23.0.40
Jul 25 00:02:49 10.47.0.33 authmgr[1886]: <522038> <1886> <NOTI> < 10.47.0.33>  username=wrTDksOGwozCmcKJw5PCtMOpw57DlsKdXcKUw4fDmMKJ MAC=da:cd:79:8e:1d:be IP=fe80::d8cd:79ff:fe8e:1dbe Result=Successful method=radius-accounting server=radius-atki-et5020-2-10.23.0.40
Jul 25 00:02:49 10.47.0.33 authmgr[1886]: <522038> <1886> <NOTI> < 10.47.0.33>  username=wrbDlMOTwoTCnMKOw4vDm8K0w5fCocKdwp7ClcOGwpHDjsKRw6XClw== MAC=d6:f0:50:49:78:52 IP=fe80::1408:74f1:dd5b:28e3 Result=Successful method=radius-accounting server=radius-atki-et5020-2-10.47.128.40
Jul 25 00:02:49 10.44.76.109 stm[3639]:  <501093> <NOTI> |AP Rees140-AP325-1@10.44.76.109 stm|  Auth success: d4:6a:6a:65:bc:c7: AP 10.44.76.109-ac:a3:1e:5a:5f:e0-Rees140-AP325-1
Jul 25 00:02:49 10.44.76.109 stm[3639]:  <501095> <NOTI> |AP Rees140-AP325-1@10.44.76.109 stm|  Assoc request @ 00:02:49.884440: d4:6a:6a:65:bc:c7 (SN 0): AP 10.44.76.109-ac:a3:1e:5a:5f:e0-Rees140-AP325-1
Jul 25 00:02:49 10.44.76.109 stm[3639]:  <501068> <WARN> |AP Rees140-AP325-1@10.44.76.109 stm|  Source: d4:6a:6a:65:bc:c7 Failed AP 10.44.76.109-ac:a3:1e:5a:5f:e0-Rees140-AP325-1 Multicast Encryption Mismatch
Jul 25 00:02:49 10.44.76.109 stm[3639]:  <501101> <NOTI> |AP Rees140-AP325-1@10.44.76.109 stm|  Assoc failure: d4:6a:6a:65:bc:c7: AP 10.44.76.109-ac:a3:1e:5a:5f:e0-Rees140-AP325-1 Reason Capability requested by STA unsupported by AP
Jul 25 00:02:49 10.44.76.109 stm[3639]:  <501080> <NOTI> |AP Rees140-AP325-1@10.44.76.109 stm|  Deauth to sta: d4:6a:6a:65:bc:c7: Ageout AP 10.44.76.109-ac:a3:1e:5a:5f:e0-Rees140-AP325-1 Capability requested by STA unsupported by AP
Jul 25 00:02:50 10.47.0.33 authmgr[1886]: <522038> <1886> <NOTI> < 10.47.0.33>  username=w4PDjMOKwoPCmMKBw5rDmMKU MAC=68:2f:67:8b:c5:0a IP=fe80::cc:64c7:31d9:b090 Result=Successful method=radius-accounting server=radius-atki-et5020-2-10.47.128.40
Jul 25 00:02:50 10.47.0.33 authmgr[1886]: <522038> <1886> <NOTI> < 10.47.0.33>  username=wrvDlMOYwpRcbMORw5bDgMORw6PCrsKewp_ClsKZwp1bw5nDq8OgXMOqw5zDhsOGXMOKw4jDqk8= MAC=28:cd:c4:3a:ae:69 IP=fe80::ed3f:b7e:f3d4:8fc Result=Successful method=radius-accounting server=radius-atki-et5020-2-10.47.128.40
Jul 25 00:02:50 10.47.0.33 authmgr[1886]: <522038> <1886> <NOTI> < 10.47.0.33>  username=wrvDlMOYwpRcwpjCqsK9w4PCvMKowoZxYcKzwprCnMKEwrzDi8KbwpLDrsOcwpHDmMKcw4jDh8KjwpTDlsOawpM= MAC=00:42:38:c6:2a:f0 IP=fe80::f024:e86c:4501:86c7 Result=Successful method=radius-accounting server=radius-atki-et5020-2-10.47.128.40
Jul 25 00:02:50 10.47.0.33 authmgr[1886]: <522038> <1886> <NOTI> < 10.47.0.33>  username=w4jDk8OIwoPClcKBw5rDoMOjw6TDp8KfXMKdw5fCv8OKwqHDmMOjw5LCosOew5HCkMOWwpHDhsOSw6PClMOkw5jCkw== MAC=00:24:06:f4:6d:92 IP=10.22.69.148 Result=Successful method=radius-accounting server=radius-rup2-et5020-2-10.23.0.41
Jul 25 00:02:50 10.47.0.33 authmgr[1886]: <522038> <1886> <NOTI> < 10.47.0.33>  username=w4jDk8OIwoPClcKBw5rDoMOjw6TDp8KfXMKdw5fCv8OKwqHDmMOjw5LCosOew5HCkMOWwpHDhsOSw6PClMOkw5jCkw== MAC=00:24:06:f4:c0:7c IP=fe80::224:6ff:fef4:c07c Result=Successful method=radius-accounting server=radius-rup2-et5020-2-10.47.128.42
Jul 25 00:02:50 10.47.0.33 authmgr[1886]: <522038> <1886> <NOTI> < 10.47.0.33>  username=wrvDlMOYwpRcY8K6wrnDgMKlwqVuwol3wrXClcOAecOEwqXDkcKnw6PCnMOYw5HCkcOIwpLDmsKTw6fChQ== MAC=dc:8b:28:2c:94:3f IP=10.22.92.191 Result=Successful method=radius-accounting server=radius-rup2-et5020-2-10.23.0.41
Jul 25 00:02:50 10.47.0.32 dot1x-proc:3[2749]: <522038> <2749> <NOTI> < 10.47.0.32>  username=w4nDnsOMwoXCnMKQwqjDm8Kiw5PDosKgwpJdw4jDh8OeTQ== MAC=8a:72:30:f3:6e:af IP=0.0.0.0 Result=Successful method=802.1x server=radius-atki-et5020-2-10.23.0.40
Jul 25 00:02:50 10.47.0.32 authmgr[1863]: <522008> <1863> <NOTI> < 10.47.0.32>  User Authentication Successful: username=w4nDnsOMwoXCnMKQwqjDm8Kiw5PDosKgwpJdw4jDh8OeTQ== MAC=8a:72:30:f3:6e:af IP=10.220.85.109 role=ur_eduroam_guest VLAN=310 AP=EXT-EPICG122-AP275-1 SSID=eduroam AAA profile=aaa-uncc-dot1x auth method=802.1x auth server=radius-atki-et5020-2-10.23.0.40
Jul 25 00:02:50 10.47.0.32 authmgr[1863]: <522008> <1863> <NOTI> < 10.47.0.32>  User Authentication Successful: username=w4nDnsOMwoXCnMKQwqjDm8Kiw5PDosKgwpJdw4jDh8OeTQ== MAC=8a:72:30:f3:6e:af IP=fe80::1486:a6a1:25d8:ec62 role=ur_eduroam_guest VLAN=310 AP=EXT-EPICG122-AP275-1 SSID=eduroam AAA profile=aaa-uncc-dot1x auth method=802.1x auth server=radius-atki-et5020-2-10.23.0.40
Jul 25 00:02:51 Aruba-MM-01 wms[6492]: <126068> <6492> <WARN> <Aruba-MM-01 10.47.128.140> |ids| AP(38:17:c3:84:9c:30@Grig360-AP345-1): Adhoc Network Using Valid SSID: An AP detected an adhoc node 2c:b0:fe:22:ff:ff (BSSID 38:17:c3:84:8b:51 and SSID NinerWiFi-Guest on CHANNEL 157) using a valid/protected SSID. SNR is 0.
Jul 25 00:02:51 10.44.28.24 stm[2616]:  <501093> <NOTI> |AP EXT-BelH306-AP275-1@10.44.28.24 stm|  Auth success: 72:40:16:91:a3:21: AP 10.44.28.24-b4:5d:50:13:74:81-EXT-BelH306-AP275-1
Jul 25 00:02:51 10.47.0.33 authmgr[1886]: <522038> <1886> <NOTI> < 10.47.0.33>  username=w4nDl8OGwo7Cl8KBw5bCpcK0w6XDocKdwpJdw4jDh8OeTQ== MAC=24:f6:77:0d:c5:c0 IP=fe80::8a:6c8c:bb73:74e Result=Successful method=radius-accounting server=radius-rup2-et5020-2-10.23.0.41
Jul 25 00:02:52 Aruba-MM-01 wms[6492]: <126005> <6492> <WARN> <Aruba-MM-01 10.47.128.140> |ids| Interfering AP: The system classified an access point (BSSID 00:54:af:55:fb:00 and SSID HotspotFB00 on CHANNEL 1) as interfering. Additional Info: Detector-AP-Name:EXT-Bioi131-AP275-1; Detector-AP-MAC:b4:5d:50:13:2c:80; Detector-AP-Radio:2.
Jul 25 00:02:52 10.45.88.206 stm[2861]:  <501093> <NOTI> |AP UREC114-AP345-1@10.45.88.206 stm|  Auth success: 76:47:08:0b:a5:49: AP 10.45.88.206-48:4a:e9:97:88:f1-UREC114-AP345-1
Jul 25 00:02:52 10.45.88.206 stm[2861]:  <501095> <NOTI> |AP UREC114-AP345-1@10.45.88.206 stm|  Assoc request @ 00:02:52.264950: 76:47:08:0b:a5:49 (SN 2188): AP 10.45.88.206-48:4a:e9:97:88:f1-UREC114-AP345-1
Jul 25 00:02:52 10.45.88.206 stm[2861]:  <501100> <NOTI> |AP UREC114-AP345-1@10.45.88.206 stm|  Assoc success @ 00:02:52.269770: 76:47:08:0b:a5:49: AP 10.45.88.206-48:4a:e9:97:88:f1-UREC114-AP345-1
Jul 25 00:02:52 10.47.0.32 stm[1897]: <501218> <1897> <NOTI> < 10.47.0.32>  stm_sta_assign_vlan 21120: VLAN: sta 76:47:08:0b:a5:49, STM assigns MAC based vlan_id 1
Jul 25 00:02:52 10.47.0.32 stm[1897]: <501100> <1897> <NOTI> < 10.47.0.32>  Assoc success @ 00:02:52.270769: 76:47:08:0b:a5:49: AP 10.45.88.206-48:4a:e9:97:88:f1-UREC114-AP345-1
Jul 25 00:02:52 10.44.76.121 stm[3639]:  <501093> <NOTI> |AP Rees211-AP325-1@10.44.76.121 stm|  Auth success: d4:6a:6a:65:bc:c7: AP 10.44.76.121-ac:a3:1e:5a:a3:60-Rees211-AP325-1
Jul 25 00:02:52 10.44.76.121 stm[3639]:  <501095> <NOTI> |AP Rees211-AP325-1@10.44.76.121 stm|  Assoc request @ 00:02:52.889339: d4:6a:6a:65:bc:c7 (SN 0): AP 10.44.76.121-ac:a3:1e:5a:a3:60-Rees211-AP325-1
Jul 25 00:02:52 10.44.76.121 stm[3639]:  <501068> <WARN> |AP Rees211-AP325-1@10.44.76.121 stm|  Source: d4:6a:6a:65:bc:c7 Failed AP 10.44.76.121-ac:a3:1e:5a:a3:60-Rees211-AP325-1 Multicast Encryption Mismatch
Jul 25 00:02:52 10.44.76.121 stm[3639]:  <501101> <NOTI> |AP Rees211-AP325-1@10.44.76.121 stm|  Assoc failure: d4:6a:6a:65:bc:c7: AP 10.44.76.121-ac:a3:1e:5a:a3:60-Rees211-AP325-1 Reason Capability requested by STA unsupported by AP
Jul 25 00:02:52 10.44.76.121 stm[3639]:  <501080> <NOTI> |AP Rees211-AP325-1@10.44.76.121 stm|  Deauth to sta: d4:6a:6a:65:bc:c7: Ageout AP 10.44.76.121-ac:a3:1e:5a:a3:60-Rees211-AP325-1 Capability requested by STA unsupported by AP
Jul 25 00:02:54 10.45.14.97 sapd[2899]: <326268> <ERRS> |AP Winn211-AP345-1@10.45.14.97 sapd|  An internal system error has occurred at file amon.c function amon_mcell_add_max_ssids_table line 2023 error invalid max_ssids 20 for 90:4c:81:8c:2b:70 .
Jul 25 00:02:55 10.44.76.109 stm[3639]:  <501093> <NOTI> |AP Rees140-AP325-1@10.44.76.109 stm|  Auth success: d4:6a:6a:65:bc:c7: AP 10.44.76.109-ac:a3:1e:5a:5f:e0-Rees140-AP325-1
Jul 25 00:02:55 10.44.76.109 stm[3639]:  <501095> <NOTI> |AP Rees140-AP325-1@10.44.76.109 stm|  Assoc request @ 00:02:55.888377: d4:6a:6a:65:bc:c7 (SN 0): AP 10.44.76.109-ac:a3:1e:5a:5f:e0-Rees140-AP325-1
Jul 25 00:02:55 10.44.76.109 stm[3639]:  <501068> <WARN> |AP Rees140-AP325-1@10.44.76.109 stm|  Source: d4:6a:6a:65:bc:c7 Failed AP 10.44.76.109-ac:a3:1e:5a:5f:e0-Rees140-AP325-1 Multicast Encryption Mismatch
Jul 25 00:02:55 10.44.76.109 stm[3639]:  <501101> <NOTI> |AP Rees140-AP325-1@10.44.76.109 stm|  Assoc failure: d4:6a:6a:65:bc:c7: AP 10.44.76.109-ac:a3:1e:5a:5f:e0-Rees140-AP325-1 Reason Capability requested by STA unsupported by AP
Jul 25 00:02:55 10.44.76.109 stm[3639]:  <501080> <NOTI> |AP Rees140-AP325-1@10.44.76.109 stm|  Deauth to sta: d4:6a:6a:65:bc:c7: Ageout AP 10.44.76.109-ac:a3:1e:5a:5f:e0-Rees140-AP325-1 Capability requested by STA unsupported by AP
Jul 25 00:02:56 10.45.83.5 stm[2863]:  <501093> <NOTI> |AP Wood390-AP345-2@10.45.83.5 stm|  Auth success: 24:f6:77:09:2c:94: AP 10.45.83.5-90:4c:81:8e:fd:50-Wood390-AP345-2
Jul 25 00:02:56 10.45.83.5 stm[2863]:  <501095> <NOTI> |AP Wood390-AP345-2@10.45.83.5 stm|  Assoc request @ 00:02:56.399390: 24:f6:77:09:2c:94 (SN 1278): AP 10.45.83.5-90:4c:81:8e:fd:50-Wood390-AP345-2
Jul 25 00:02:56 10.47.0.32 stm[1897]: <501218> <1897> <NOTI> < 10.47.0.32>  stm_sta_assign_vlan 21120: VLAN: sta 24:f6:77:09:2c:94, STM assigns MAC based vlan_id 1
Jul 25 00:02:56 10.47.0.32 stm[1897]: <501100> <1897> <NOTI> < 10.47.0.32>  Assoc success @ 00:02:56.403822: 24:f6:77:09:2c:94: AP 10.45.83.5-90:4c:81:8e:fd:50-Wood390-AP345-2
Jul 25 00:02:56 10.45.83.5 stm[2863]:  <501100> <NOTI> |AP Wood390-AP345-2@10.45.83.5 stm|  Assoc success @ 00:02:56.404183: 24:f6:77:09:2c:94: AP 10.45.83.5-90:4c:81:8e:fd:50-Wood390-AP345-2
Jul 25 00:02:56 Aruba-MM-01 wms[6492]: <126068> <6492> <WARN> <Aruba-MM-01 10.47.128.140> |ids| AP(38:17:c3:84:9c:30@Grig360-AP345-1): Adhoc Network Using Valid SSID: An AP detected an adhoc node 7a:7a:f6:00:ff:ff (BSSID 38:17:c3:84:8b:52 and SSID NinerWiFi-PSK on CHANNEL 157) using a valid/protected SSID. SNR is 0.
Jul 25 00:02:56 Aruba-MM-01 wms[6492]: <126068> <6492> <WARN> <Aruba-MM-01 10.47.128.140> |ids| AP(38:17:c3:84:9c:30@Grig360-AP345-1): Adhoc Network Using Valid SSID: An AP detected an adhoc node 0c:4a:c3:84:8b:52 (BSSID 38:17:c3:84:8b:52 and SSID NinerWiFi-PSK on CHANNEL 157) using a valid/protected SSID. SNR is 34.
Jul 25 00:02:56 Aruba-MM-01 wms[6492]: <126068> <6492> <WARN> <Aruba-MM-01 10.47.128.140> |ids| AP(38:17:c3:84:9c:30@Grig360-AP345-1): Adhoc Network Using Valid SSID: An AP detected an adhoc node 02:00:00:00:ff:ff (BSSID 38:17:c3:84:8b:52 and SSID NinerWiFi-PSK on CHANNEL 157) using a valid/protected SSID. SNR is 0.
Jul 25 00:02:56 Aruba-MM-01 wms[6492]: <126068> <6492> <WARN> <Aruba-MM-01 10.47.128.140> |ids| AP(38:17:c3:84:9c:30@Grig360-AP345-1): Adhoc Network Using Valid SSID: An AP detected an adhoc node 24:8a:47:f0:ff:ff (BSSID 38:17:c3:84:8b:52 and SSID NinerWiFi-PSK on CHANNEL 157) using a valid/protected SSID. SNR is 0.
Jul 25 00:02:56 Aruba-MM-01 wms[6492]: <126068> <6492> <WARN> <Aruba-MM-01 10.47.128.140> |ids| AP(38:17:c3:84:9c:30@Grig360-AP345-1): Adhoc Network Using Valid SSID: An AP detected an adhoc node 2c:90:ee:52:ff:ff (BSSID 38:17:c3:84:8b:52 and SSID NinerWiFi-PSK on CHANNEL 157) using a valid/protected SSID. SNR is 0.
Jul 25 00:02:56 Aruba-MM-01 wms[6492]: <126035> <6492> <WARN> <Aruba-MM-01 10.47.128.140> |ids| AP(ac:a3:1e:5a:5f:40@Rees412-AP325-1): Disconnect Station Attack: An AP detected a disconnect attack of client d4:6a:6a:65:bc:c7 and access point (BSSID ac:a3:1e:5a:5f:e0 and SSID eduroam on CHANNEL 1). SNR of client is 13. Additional Info: Avg-Deauth-Disassoc-PktRate(pps):0.8; Interval(sec):10.
Jul 25 00:02:57 Aruba-MM-01 wms[6492]: <126005> <6492> <WARN> <Aruba-MM-01 10.47.128.140> |ids| Interfering AP: The system classified an access point (BSSID 78:61:7c:6b:46:da and SSID McLaughlin Chevy on CHANNEL 11) as interfering. Additional Info: Detector-AP-Name:CenC503-AP325-1; Detector-AP-MAC:ac:a3:1e:5a:a7:a0; Detector-AP-Radio:2.
Jul 25 00:02:57 Aruba-MM-01 wms[6492]: <126065> <6492> <WARN> <Aruba-MM-01 10.47.128.140> |ids| AP(9c:8c:d8:71:8a:b0@MiltA012-AP555-1): Valid Client Not Using Encryption: An AP detected an unencrypted frame between a valid client (fe:de:b0:7a:49:9a) and access point (BSSID 9c:8c:d8:71:8a:b1), with source fe:de:b0:7a:49:9a and receiver b4:0c:25:e0:40:57. SNR value is 29.
Jul 25 00:02:57 10.44.212.218 stm[2526]:  <501093> <NOTI> |AP EXT-FOPS125A-AP275-1@10.44.212.218 stm|  Auth success: 4c:cc:34:0d:66:68: AP 10.44.212.218-c8:b5:ad:ba:39:51-EXT-FOPS125A-AP275-1
Jul 25 00:02:57 10.44.212.218 stm[2526]:  <501095> <NOTI> |AP EXT-FOPS125A-AP275-1@10.44.212.218 stm|  Assoc request @ 00:02:57.964356: 4c:cc:34:0d:66:68 (SN 1868): AP 10.44.212.218-c8:b5:ad:ba:39:51-EXT-FOPS125A-AP275-1
Jul 25 00:02:57 10.47.0.33 stm[1910]: <501218> <1910> <NOTI> < 10.47.0.33>  stm_sta_assign_vlan 21120: VLAN: sta 4c:cc:34:0d:66:68, STM assigns MAC based vlan_id 1
Jul 25 00:02:57 10.47.0.33 stm[1910]: <501080> <1910> <NOTI> < 10.47.0.33>  Deauth to sta: 4c:cc:34:0d:66:68: Ageout AP 10.44.214.243-c8:b5:ad:ba:5c:d1-EXT-Rece156C-AP275-1 STA has roamed to another AP
Jul 25 00:02:57 10.47.0.33 stm[1910]: <501100> <1910> <NOTI> < 10.47.0.33>  Assoc success @ 00:02:57.975884: 4c:cc:34:0d:66:68: AP 10.44.212.218-c8:b5:ad:ba:39:51-EXT-FOPS125A-AP275-1
Jul 25 00:02:57 10.44.212.218 stm[2526]:  <501100> <NOTI> |AP EXT-FOPS125A-AP275-1@10.44.212.218 stm|  Assoc success @ 00:02:57.970953: 4c:cc:34:0d:66:68: AP 10.44.212.218-c8:b5:ad:ba:39:51-EXT-FOPS125A-AP275-1
Jul 25 00:02:57 10.44.214.243 stm[2526]:  <501105> <NOTI> |AP EXT-Rece156C-AP275-1@10.44.214.243 stm|  Deauth from sta: 4c:cc:34:0d:66:68: AP 10.44.214.243-c8:b5:ad:ba:5c:d1-EXT-Rece156C-AP275-1 Reason STA has roamed to another AP
Jul 25 00:02:58 10.47.0.32 dot1x-proc:3[2749]: <522275> <2749> <WARN> < 10.47.0.32>  User Authentication failed. username=w4fDl8OYwpTCksKDw5PClA== userip=0.0.0.0 usermac=24:f6:77:09:2c:94 authmethod=802.1x servername=radius-atki-et5020-2-10.23.0.40 serverip=10.23.0.40 apname=Wood390-AP345-2 bssid=90:4c:81:8e:fd:50 
Jul 25 00:02:58 10.47.0.32 stm[1897]: <501106> <4008> <NOTI> < 10.47.0.32>  Deauth to sta: 24:f6:77:09:2c:94: Ageout AP 10.45.83.5-90:4c:81:8e:fd:50-Wood390-AP345-2 wifi_deauth_sta
Jul 25 00:02:58 10.47.0.32 stm[1897]: <501080> <4008> <NOTI> < 10.47.0.32>  Deauth to sta: 24:f6:77:09:2c:94: Ageout AP 10.45.83.5-90:4c:81:8e:fd:50-Wood390-AP345-2 Response to EAP Challenge Failed
Jul 25 00:02:58 10.45.83.5 stm[2863]:  <501102> <NOTI> |AP Wood390-AP345-2@10.45.83.5 stm|  Disassoc from sta: 24:f6:77:09:2c:94: AP 10.45.83.5-90:4c:81:8e:fd:50-Wood390-AP345-2 Reason STA has left and is disassociated
Jul 25 00:02:58 10.47.0.32 authmgr[1863]: <522038> <1863> <NOTI> < 10.47.0.32>  username=w4bDmcOGwpnCmVHCnMKpwrTDpcOhwp3Ckl3DiMOHw55N MAC=a8:be:27:c0:c2:94 IP=fe80::417:da7a:883a:5829 Result=Successful method=radius-accounting server=radius-rup2-et5020-2-10.47.128.42
Jul 25 00:02:58 10.47.0.32 authmgr[1863]: <522038> <1863> <NOTI> < 10.47.0.32>  username=wrvDjMOGworCksKSw4nCp8K0w6XDocKdwpJdw4jDh8OeTQ== MAC=f2:33:62:4f:35:c4 IP=10.216.19.28 Result=Successful method=radius-accounting server=radius-rup2-et5020-2-10.23.0.41
Jul 25 00:02:58 10.45.83.5 stm[2863]:  <501105> <NOTI> |AP Wood390-AP345-2@10.45.83.5 stm|  Deauth from sta: 24:f6:77:09:2c:94: AP 10.45.83.5-90:4c:81:8e:fd:50-Wood390-AP345-2 Reason Response to EAP Challenge Failed
Jul 25 00:02:58 10.47.0.32 authmgr[1863]: <522038> <1863> <NOTI> < 10.47.0.32>  username=wr_DlMOYwojClsKFw5TDmMKU MAC=38:f9:d3:c1:47:ea IP=fe80::c2c:211d:fed0:2e71 Result=Successful method=radius-accounting server=radius-rup2-et5020-2-10.23.0.41
Jul 25 00:02:58 10.45.83.5 stm[2863]:  <501044> <NOTI> |AP Wood390-AP345-2@10.45.83.5 stm|  Station 24:f6:77:09:2c:94: No authentication found trying to de-authenticate to BSSID 90:4c:81:8e:fd:50 on AP Wood390-AP345-2
Jul 25 00:02:58 10.47.0.32 authmgr[1863]: <522038> <1863> <NOTI> < 10.47.0.32>  username=wrvDlMOYwpRccMKpw4bCv8Khwr3Ck2J7wpbClsOAecOEwqXDkcKnw6PCnMOYw5HCkcOIwpLDmsKTw6fChQ== MAC=3c:58:c2:61:f7:d3 IP=10.22.83.37 Result=Successful method=radius-accounting server=radius-rup2-et5020-2-10.47.128.42
Jul 25 00:02:58 10.47.0.32 authmgr[1863]: <522038> <1863> <NOTI> < 10.47.0.32>  username=wrfDm8OKwpLCn8KJw5TDoMK0w6XDocKdwpJdw4jDh8OeTQ== MAC=30:d9:d9:ea:58:dc IP=10.22.52.254 Result=Successful method=radius-accounting server=radius-rup2-et5020-2-10.47.128.42
Jul 25 00:02:58 10.47.0.32 authmgr[1863]: <522038> <1863> <NOTI> < 10.47.0.32>  username=wrfDm8OKwpLCn8KJw5TDoMK0w6XDocKdwpJdw4jDh8OeTQ== MAC=30:d9:d9:ea:58:dc IP=fe80::a2:7dc6:cf02:f9f Result=Successful method=radius-accounting server=radius-rup2-et5020-2-10.47.128.42
Jul 25 00:02:58 10.47.0.32 authmgr[1863]: <522038> <1863> <NOTI> < 10.47.0.32>  username=wrvDlMOYwpRcYcK8wrzDgMKiwr3CgsKJcsKlwpbDgHnDhMKlw5HCp8OjwpzDmMORwpHDiMKSw5rCk8OnwoU= MAC=b4:0e:de:df:d9:5f IP=fe80::44b4:628:fb74:75b5 Result=Successful method=radius-accounting server=radius-atki-et5020-2-10.23.0.40
Jul 25 00:02:58 10.47.0.32 authmgr[1863]: <522038> <1863> <NOTI> < 10.47.0.32>  username=wrjDiMOYwo3ClsKUw5DClA== MAC=34:ab:37:d6:cb:b9 IP=10.22.6.98 Result=Successful method=radius-accounting server=radius-atki-et5020-2-10.23.0.40
Jul 25 00:02:58 10.47.0.32 authmgr[1863]: <522038> <1863> <NOTI> < 10.47.0.32>  username=wrjDiMOUwozCmcKJwpzCpsK0w6XDocKdwpJdw4jDh8OeTQ== MAC=ec:2c:e2:7b:f7:ea IP=fe80::10a4:2cc5:430f:10ea Result=Successful method=radius-accounting server=radius-atki-et5020-2-10.23.0.40
Jul 25 00:02:58 10.47.0.32 authmgr[1863]: <522038> <1863> <NOTI> < 10.47.0.32>  username=wqjCs8KoY3VhwrrDgMODw4TDh39cfcK3wr_DlcKWw5LDpMOOwpHDl8Odw5LDjmDCmcKbwplP MAC=64:c7:53:d7:25:56 IP=fe80::7f:6e47:4898:e2f Result=Successful method=radius-accounting server=radius-atki-et5020-2-10.23.0.40
Jul 25 00:02:58 10.47.0.32 authmgr[1863]: <522038> <1863> <NOTI> < 10.47.0.32>  username=wrvDlMOYwpRcY8K8w4bDgMKywqbChmV7wpbClsOAecOEwqXDkcKnw6PCnMOYw5HCkcOIwpLDmsKTw6fChQ== MAC=3c:58:c2:52:cf:4c IP=10.22.82.141 Result=Successful method=radius-accounting server=radius-atki-et5020-2-10.23.0.40
Jul 25 00:02:58 10.47.0.32 authmgr[1863]: <522038> <1863> <NOTI> < 10.47.0.32>  username=wrvDlMOYwpRcYcK8wrzDgMK0w4vCjH_CiMK8wpXDgHnDhMKlw5HCp8OjwpzDmMORwpHDiMKSw5rCk8OnwoU= MAC=60:f2:62:ec:b7:ba IP=fe80::10d5:be96:2bb1:e57b Result=Successful method=radius-accounting server=radius-atki-et5020-2-10.23.0.40
Jul 25 00:02:58 10.47.0.32 authmgr[1863]: <522038> <1863> <NOTI> < 10.47.0.32>  username=wpnCssKywofCmsKUwpXCvcOiw6bDmMKowqPCnsOVw5zCiQ== MAC=00:12:cc:00:26:bc IP=10.22.82.153 Result=Successful method=radius-accounting server=radius-atki-et5020-2-10.47.128.40
Jul 25 00:02:58 10.47.0.32 authmgr[1863]: <522038> <1863> <NOTI> < 10.47.0.32>  username=wrvDlMOYwpRcZsK1wrbCucODwqbChGHCgcKYwpbCnMKEwrzDi8KbwpLDrsOcwpHDmMKcw4jDh8KjwpTDlsOawpM= MAC=3c:58:c2:e9:b8:80 IP=10.22.94.218 Result=Successful method=radius-accounting server=radius-atki-et5020-2-10.23.0.40
Jul 25 00:02:58 10.47.0.32 authmgr[1863]: <522038> <1863> <NOTI> < 10.47.0.32>  username=wrzDi8OUwozCmMKFw5vCtMOpw57DlsKdXcKUw4fDmMKJ MAC=42:bf:bc:99:b6:8b IP=fe80::14c9:538d:3be7:b6f0 Result=Successful method=radius-accounting server=radius-atki-et5020-2-10.47.128.40
Jul 25 00:02:58 10.47.0.32 authmgr[1863]: <522038> <1863> <NOTI> < 10.47.0.32>  username=wrbDhsObwoXCn8KZwpnCpsK0w6XDocKdwpJdw4jDh8OeTQ== MAC=88:6b:6e:e5:78:fc IP=10.216.44.109 Result=Successful method=radius-accounting server=radius-atki-et5020-2-10.47.128.40
Jul 25 00:02:58 10.47.0.32 authmgr[1863]: <522038> <1863> <NOTI> < 10.47.0.32>  username=wrvDlMOYwpRcbMKrw4fCrcKlwrvCjcKGYsKWwrrCtcKBwp7Dm8OmwpzCo8Ojw5HDhsKRwpPDicOZwqTCkg== MAC=d8:3b:bf:dc:17:75 IP=fe80::5cce:679b:d392:c62e Result=Successful method=radius-accounting server=radius-atki-et5020-2-10.23.0.40
Jul 25 00:02:58 10.47.0.32 authmgr[1863]: <522038> <1863> <NOTI> < 10.47.0.32>  username=wrfDksOGwoPClcKBw4zDo8KU MAC=14:7d:da:a1:92:41 IP=10.22.44.96 Result=Successful method=radius-accounting server=radius-atki-et5020-2-10.23.0.40
Jul 25 00:02:58 10.47.0.32 authmgr[1863]: <522038> <1863> <NOTI> < 10.47.0.32>  username=w4jDk8OIwoPClcKBw5rDoMOjw6TDp8KfXMKdw5fCv8OKwqHDmMOjw5LCosOew5HCkMOWwpHDhsOSw6PClMOkw5jCkw== MAC=00:24:06:f4:cd:f1 IP=10.22.10.27 Result=Successful method=radius-accounting server=radius-atki-et5020-2-10.23.0.40
Jul 25 00:02:58 10.47.0.32 authmgr[1863]: <522038> <1863> <NOTI> < 10.47.0.32>  username=wrTDmsOdTcKawo_DisOdw6DDlcKgwqnCocKTw4jDlcOSwpvDl8KX MAC=d8:c4:97:fd:78:e5 IP=10.22.45.162 Result=Successful method=radius-accounting server=radius-atki-et5020-2-10.23.0.40
Jul 25 00:02:58 10.47.0.32 authmgr[1863]: <522038> <1863> <NOTI> < 10.47.0.32>  username=wrvDlMOYwpRcY8Kpw4bCuMKzwqfCjsKJYsKWwpbDgHnDhMKlw5HCp8OjwpzDmMORwpHDiMKSw5rCk8OnwoU= MAC=14:f6:d8:05:f4:97 IP=10.22.71.213 Result=Successful method=radius-accounting server=radius-atki-et5020-2-10.23.0.40
Jul 25 00:02:58 10.47.0.32 authmgr[1863]: <522038> <1863> <NOTI> < 10.47.0.32>  username=wrvDlMOYwpRcY8K8w4bDgMKow4HCksKCZsKWwpbDgHnDhMKlw5HCp8OjwpzDmMORwpHDiMKSw5rCk8OnwoU= MAC=84:c5:a6:09:4a:93 IP=fe80::45bf:e15d:9aff:d326 Result=Successful method=radius-accounting server=radius-atki-et5020-2-10.47.128.40
Jul 25 00:02:58 10.47.0.32 authmgr[1863]: <522038> <1863> <NOTI> < 10.47.0.32>  username=wrvDlMOYwpRcY8Krwr3CpMKlwqNqX3rCusK6w4DCgMKew5vDpsKcwqPDo8ORw4bCkcKTw4nDmcKkwpI= MAC=a0:c5:89:52:95:81 IP=fe80::2557:a261:c84c:4c80 Result=Successful method=radius-accounting server=radius-atki-et5020-2-10.47.128.40
Jul 25 00:02:58 10.44.128.152 stm[3664]:  <501093> <NOTI> |AP Robi110-AP325-1@10.44.128.152 stm|  Auth success: 98:f4:ab:da:30:37: AP 10.44.128.152-ac:a3:1e:5a:a6:41-Robi110-AP325-1
Jul 25 00:02:58 10.47.0.32 stm[1897]: <501218> <1897> <NOTI> < 10.47.0.32>  stm_sta_assign_vlan 21120: VLAN: sta 98:f4:ab:da:30:37, STM assigns MAC based vlan_id 1
Jul 25 00:02:58 10.44.128.152 stm[3664]:  <501095> <NOTI> |AP Robi110-AP325-1@10.44.128.152 stm|  Assoc request @ 00:02:58.765133: 98:f4:ab:da:30:37 (SN 0): AP 10.44.128.152-ac:a3:1e:5a:a6:41-Robi110-AP325-1
Jul 25 00:02:58 10.47.0.32 stm[1897]: <501100> <1897> <NOTI> < 10.47.0.32>  Assoc success @ 00:02:58.772146: 98:f4:ab:da:30:37: AP 10.44.128.152-ac:a3:1e:5a:a6:41-Robi110-AP325-1
Jul 25 00:02:58 10.44.128.152 stm[3664]:  <501100> <NOTI> |AP Robi110-AP325-1@10.44.128.152 stm|  Assoc success @ 00:02:58.768413: 98:f4:ab:da:30:37: AP 10.44.128.152-ac:a3:1e:5a:a6:41-Robi110-AP325-1
Jul 25 00:02:58 10.44.76.109 stm[3639]:  <501093> <NOTI> |AP Rees140-AP325-1@10.44.76.109 stm|  Auth success: d4:6a:6a:65:bc:c7: AP 10.44.76.109-ac:a3:1e:5a:5f:e0-Rees140-AP325-1
Jul 25 00:02:58 10.44.76.109 stm[3639]:  <501095> <NOTI> |AP Rees140-AP325-1@10.44.76.109 stm|  Assoc request @ 00:02:58.888658: d4:6a:6a:65:bc:c7 (SN 0): AP 10.44.76.109-ac:a3:1e:5a:5f:e0-Rees140-AP325-1
Jul 25 00:02:58 10.44.76.109 stm[3639]:  <501068> <WARN> |AP Rees140-AP325-1@10.44.76.109 stm|  Source: d4:6a:6a:65:bc:c7 Failed AP 10.44.76.109-ac:a3:1e:5a:5f:e0-Rees140-AP325-1 Multicast Encryption Mismatch
Jul 25 00:02:58 10.44.76.109 stm[3639]:  <501101> <NOTI> |AP Rees140-AP325-1@10.44.76.109 stm|  Assoc failure: d4:6a:6a:65:bc:c7: AP 10.44.76.109-ac:a3:1e:5a:5f:e0-Rees140-AP325-1 Reason Capability requested by STA unsupported by AP
Jul 25 00:02:58 10.44.76.109 stm[3639]:  <501080> <NOTI> |AP Rees140-AP325-1@10.44.76.109 stm|  Deauth to sta: d4:6a:6a:65:bc:c7: Ageout AP 10.44.76.109-ac:a3:1e:5a:5f:e0-Rees140-AP325-1 Capability requested by STA unsupported by AP
Jul 25 00:02:59 10.47.0.32 authmgr[1863]: <522038> <1863> <NOTI> < 10.47.0.32>  username=wrbDiMOUwo7CpMKBwpnCpMK0w6XDocKdwpJdw4jDh8OeTQ== MAC=38:f9:d3:c0:f9:54 IP=fe80::10e6:8126:4909:2e0 Result=Successful method=radius-accounting server=radius-rup2-et5020-2-10.47.128.42
Jul 25 00:02:59 10.47.0.32 authmgr[1863]: <522038> <1863> <NOTI> < 10.47.0.32>  username=wqjCs8KoY3VhwrrDgMODw4TDh39cfcK3wr_DlcKWw5LDpMOOwpHDl8Odw5LDjmDCmcKcwplP MAC=64:c7:53:d7:c7:da IP=10.22.56.53 Result=Successful method=radius-accounting server=radius-rup2-et5020-2-10.23.0.41
Jul 25 00:02:59 10.47.0.32 authmgr[1863]: <522038> <1863> <NOTI> < 10.47.0.32>  username=wrvDlMOYwpRcZsKxw4LCtcK0wrZwdcKDwrPCmsKcwoTCvMOLwpvCksOuw5zCkcOYwpzDiMOHwqPClMOWw5rCkw== MAC=68:54:5a:80:15:24 IP=10.22.71.117 Result=Successful method=radius-accounting server=radius-atki-et5020-2-10.23.0.40
Jul 25 00:02:59 10.47.0.32 authmgr[1863]: <522038> <1863> <NOTI> < 10.47.0.32>  username=wr3DisOTwofCmcKVw5bDmMK0w6XDocKdwpJdw4jDh8OeTQ== MAC=f0:18:98:8e:4f:0b IP=fe80::c12:2a90:1f07:4046 Result=Successful method=radius-accounting server=radius-rup2-et5020-2-10.47.128.42
Jul 25 00:02:59 10.47.0.32 authmgr[1863]: <522038> <1863> <NOTI> < 10.47.0.32>  username=w4jDk8OIwoPClcKBw5rDoMOjw6TDp8KfXMKdw5fCv8OKwqHDmMOjw5LCosOew5HCkMOWwpHDhsOSw6PClMOkw5jCkw== MAC=00:24:06:f4:71:f0 IP=fe80::224:6ff:fef4:71f0 Result=Successful method=radius-accounting server=radius-rup2-et5020-2-10.23.0.41
Jul 25 00:02:59 10.47.0.32 authmgr[1863]: <522038> <1863> <NOTI> < 10.47.0.32>  username=w4rDl8OUwpPCklHCqMOpw6LDk8OWaMKUwpPDmMKD MAC=c0:d3:c0:61:58:c3 IP=10.22.95.204 Result=Successful method=radius-accounting server=radius-atki-et5020-2-10.23.0.40
Jul 25 00:02:59 10.47.0.32 authmgr[1863]: <522038> <1863> <NOTI> < 10.47.0.32>  username=w4DDksOOwpTCkMKIwqHCpcK0w6XDocKdwpJdw4jDh8OeTQ== MAC=38:f9:d3:42:61:91 IP=fe80::6d:f559:636e:3d0b Result=Successful method=radius-accounting server=radius-atki-et5020-2-10.23.0.40
Jul 25 00:02:59 10.47.0.32 authmgr[1863]: <522038> <1863> <NOTI> < 10.47.0.32>  username=wrvDlMOYwpRcY8Krwr3CpMKpwqNqYGbCvcK6w4DCgMKew5vDpsKcwqPDo8ORw4bCkcKTw4nDmcKkwpI= MAC=00:21:6b:f9:19:ba IP=10.22.33.86 Result=Successful method=radius-accounting server=radius-atki-et5020-2-10.23.0.40
Jul 25 00:02:59 10.47.0.32 authmgr[1863]: <522038> <1863> <NOTI> < 10.47.0.32>  username=wrvDlMOYwpRcdcKpwrfCu8OGwqbChmB9wpXCusK1woHCnsObw6bCnMKjw6PDkcOGwpHCk8OJw5nCpMKS MAC=34:41:5d:85:95:49 IP=fe80::753e:60ff:eee8:4432 Result=Successful method=radius-accounting server=radius-atki-et5020-2-10.23.0.40
Jul 25 00:02:59 10.47.0.32 authmgr[1863]: <522038> <1863> <NOTI> < 10.47.0.32>  username=wrvDjMOGworCksKSw4nCp8K0w6XDocKdwpJdw4jDh8OeTQ== MAC=d6:f5:a3:09:1f:d4 IP=fe80::d4f5:a3ff:fe09:1fd4 Result=Successful method=radius-accounting server=radius-atki-et5020-2-10.23.0.40
Jul 25 00:02:59 10.47.0.32 authmgr[1863]: <522038> <1863> <NOTI> < 10.47.0.32>  username=wrvDlMOYwpRcY8K3wrnCvsKkwqnCkHpiwpbCusK1woHCnsObw6bCnMKjw6PDkcOGwpHCk8OJw5nCpMKS MAC=14:f6:d8:f1:12:10 IP=10.22.6.191 Result=Successful method=radius-accounting server=radius-atki-et5020-2-10.47.128.40
Jul 25 00:02:59 10.47.0.32 authmgr[1863]: <522038> <1863> <NOTI> < 10.47.0.32>  username=wrvDlMOYwpRcYcKsw4HDgsKgwqRyYGTCmMKWwr1uwrLCpcORwqfDo8Kcw5jDkcKRw4jCksOawpPDp8KF MAC=c4:9d:ed:a7:97:c4 IP=10.22.45.107 Result=Successful method=radius-accounting server=radius-atki-et5020-2-10.47.128.40
Jul 25 00:02:59 10.47.0.32 authmgr[1863]: <522038> <1863> <NOTI> < 10.47.0.32>  username=w4jDk8OIwoPClcKBw5rDoMOjw6TDp8KfXMKdw5fCv8OKwqHDmMOjw5LCosOew5HCkMOWwpHDhsOSw6PClMOkw5jCkw== MAC=00:24:06:f4:cd:f1 IP=fe80::224:6ff:fef4:cdf1 Result=Successful method=radius-accounting server=radius-atki-et5020-2-10.23.0.40
Jul 25 00:02:59 10.47.0.32 authmgr[1863]: <522038> <1863> <NOTI> < 10.47.0.32>  username=wrvDlMOYwpRcY8K6wrnDgMK0wrXChsKJfMKYwpbDgHnDhMKlw5HCp8OjwpzDmMORwpHDiMKSw5rCk8OnwoU= MAC=dc:1b:a1:71:2f:fa IP=fe80::d1a0:f835:8a5d:34e0 Result=Successful method=radius-accounting server=radius-atki-et5020-2-10.47.128.40
Jul 25 00:02:59 10.44.128.152 stm[3664]:  <501102> <NOTI> |AP Robi110-AP325-1@10.44.128.152 stm|  Disassoc from sta: 98:f4:ab:da:30:37: AP 10.44.128.152-ac:a3:1e:5a:a6:41-Robi110-AP325-1 Reason STA has left and is disassociated
Jul 25 00:03:00 10.47.0.33 stm[1910]: <501106> <4021> <NOTI> < 10.47.0.33>  Deauth to sta: 74:40:bb:55:76:44: Ageout AP 10.44.134.214-40:e3:d6:52:44:c0-Colv5021-AP325-1 wifi_deauth_sta
Jul 25 00:03:00 10.47.0.33 stm[1910]: <501080> <4021> <NOTI> < 10.47.0.33>  Deauth to sta: 74:40:bb:55:76:44: Ageout AP 10.44.134.214-40:e3:d6:52:44:c0-Colv5021-AP325-1 APAE Disconnect
Jul 25 00:03:00 10.44.134.214 stm[3653]:  <501105> <NOTI> |AP Colv5021-AP325-1@10.44.134.214 stm|  Deauth from sta: 74:40:bb:55:76:44: AP 10.44.134.214-40:e3:d6:52:44:c0-Colv5021-AP325-1 Reason APAE Disconnect
Jul 25 00:03:00 10.44.134.184 stm[3653]:  <501093> <NOTI> |AP Colv5COR2-AP325-1@10.44.134.184 stm|  Auth success: 74:40:bb:55:76:44: AP 10.44.134.184-40:e3:d6:54:f6:60-Colv5COR2-AP325-1
Jul 25 00:03:00 10.44.134.184 stm[3653]:  <501095> <NOTI> |AP Colv5COR2-AP325-1@10.44.134.184 stm|  Assoc request @ 00:03:00.729639: 74:40:bb:55:76:44 (SN 0): AP 10.44.134.184-40:e3:d6:54:f6:60-Colv5COR2-AP325-1
Jul 25 00:03:00 10.47.0.33 stm[1910]: <501218> <1910> <NOTI> < 10.47.0.33>  stm_sta_assign_vlan 21120: VLAN: sta 74:40:bb:55:76:44, STM assigns MAC based vlan_id 1
Jul 25 00:03:00 10.44.134.184 stm[3653]:  <501100> <NOTI> |AP Colv5COR2-AP325-1@10.44.134.184 stm|  Assoc success @ 00:03:00.734669: 74:40:bb:55:76:44: AP 10.44.134.184-40:e3:d6:54:f6:60-Colv5COR2-AP325-1
Jul 25 00:03:00 10.47.0.33 stm[1910]: <501100> <1910> <NOTI> < 10.47.0.33>  Assoc success @ 00:03:00.738195: 74:40:bb:55:76:44: AP 10.44.134.184-40:e3:d6:54:f6:60-Colv5COR2-AP325-1
Jul 25 00:03:00 10.44.4.50 stm[2526]:  <501093> <NOTI> |AP EXT-MilH200-AP275-1@10.44.4.50 stm|  Auth success: 00:fa:21:55:cc:4d: AP 10.44.4.50-b4:5d:50:13:79:c1-EXT-MilH200-AP275-1
Jul 25 00:03:00 10.47.0.33 stm[1910]: <501218> <1910> <NOTI> < 10.47.0.33>  stm_sta_assign_vlan 21120: VLAN: sta 00:fa:21:55:cc:4d, STM assigns MAC based vlan_id 1
Jul 25 00:03:00 10.47.0.33 stm[1910]: <501100> <1910> <NOTI> < 10.47.0.33>  Assoc success @ 00:03:00.939950: 00:fa:21:55:cc:4d: AP 10.44.4.50-b4:5d:50:13:79:c1-EXT-MilH200-AP275-1
Jul 25 00:03:00 10.44.4.50 stm[2526]:  <501095> <NOTI> |AP EXT-MilH200-AP275-1@10.44.4.50 stm|  Assoc request @ 00:03:00.934257: 00:fa:21:55:cc:4d (SN 568): AP 10.44.4.50-b4:5d:50:13:79:c1-EXT-MilH200-AP275-1
Jul 25 00:03:00 10.44.4.50 stm[2526]:  <501100> <NOTI> |AP EXT-MilH200-AP275-1@10.44.4.50 stm|  Assoc success @ 00:03:00.938586: 00:fa:21:55:cc:4d: AP 10.44.4.50-b4:5d:50:13:79:c1-EXT-MilH200-AP275-1
Jul 25 00:03:01 10.44.76.109 stm[3639]:  <501093> <NOTI> |AP Rees140-AP325-1@10.44.76.109 stm|  Auth success: d4:6a:6a:65:bc:c7: AP 10.44.76.109-ac:a3:1e:5a:5f:e0-Rees140-AP325-1
Jul 25 00:03:01 10.44.76.109 stm[3639]:  <501095> <NOTI> |AP Rees140-AP325-1@10.44.76.109 stm|  Assoc request @ 00:03:01.897655: d4:6a:6a:65:bc:c7 (SN 0): AP 10.44.76.109-ac:a3:1e:5a:5f:e0-Rees140-AP325-1
Jul 25 00:03:01 10.44.76.109 stm[3639]:  <501068> <WARN> |AP Rees140-AP325-1@10.44.76.109 stm|  Source: d4:6a:6a:65:bc:c7 Failed AP 10.44.76.109-ac:a3:1e:5a:5f:e0-Rees140-AP325-1 Multicast Encryption Mismatch
Jul 25 00:03:01 10.44.76.109 stm[3639]:  <501101> <NOTI> |AP Rees140-AP325-1@10.44.76.109 stm|  Assoc failure: d4:6a:6a:65:bc:c7: AP 10.44.76.109-ac:a3:1e:5a:5f:e0-Rees140-AP325-1 Reason Capability requested by STA unsupported by AP
Jul 25 00:03:01 10.44.76.109 stm[3639]:  <501080> <NOTI> |AP Rees140-AP325-1@10.44.76.109 stm|  Deauth to sta: d4:6a:6a:65:bc:c7: Ageout AP 10.44.76.109-ac:a3:1e:5a:5f:e0-Rees140-AP325-1 Capability requested by STA unsupported by AP
Jul 25 00:03:04 10.47.0.32 authmgr[1863]: <124006> <1863> <WARN> < 10.47.0.32>  {289222} UDP srcip=10.22.28.246 srcport=138 dstip=10.22.31.255 dstport=138, action=deny, role=ur_facstaff_uncc_device, policy=block_netbios
Jul 25 00:03:04 10.44.76.109 stm[3639]:  <501093> <NOTI> |AP Rees140-AP325-1@10.44.76.109 stm|  Auth success: d4:6a:6a:65:bc:c7: AP 10.44.76.109-ac:a3:1e:5a:5f:e0-Rees140-AP325-1
Jul 25 00:03:04 10.44.76.109 stm[3639]:  <501095> <NOTI> |AP Rees140-AP325-1@10.44.76.109 stm|  Assoc request @ 00:03:04.893406: d4:6a:6a:65:bc:c7 (SN 0): AP 10.44.76.109-ac:a3:1e:5a:5f:e0-Rees140-AP325-1
Jul 25 00:03:04 10.44.76.109 stm[3639]:  <501068> <WARN> |AP Rees140-AP325-1@10.44.76.109 stm|  Source: d4:6a:6a:65:bc:c7 Failed AP 10.44.76.109-ac:a3:1e:5a:5f:e0-Rees140-AP325-1 Multicast Encryption Mismatch
Jul 25 00:03:04 10.44.76.109 stm[3639]:  <501101> <NOTI> |AP Rees140-AP325-1@10.44.76.109 stm|  Assoc failure: d4:6a:6a:65:bc:c7: AP 10.44.76.109-ac:a3:1e:5a:5f:e0-Rees140-AP325-1 Reason Capability requested by STA unsupported by AP
Jul 25 00:03:04 10.44.76.109 stm[3639]:  <501080> <NOTI> |AP Rees140-AP325-1@10.44.76.109 stm|  Deauth to sta: d4:6a:6a:65:bc:c7: Ageout AP 10.44.76.109-ac:a3:1e:5a:5f:e0-Rees140-AP325-1 Capability requested by STA unsupported by AP
Jul 25 00:03:05 10.47.0.33 stm[1910]: <305061> <1910> <WARN> < 10.47.0.33>  sapm_proc_hello_req: AP 10.44.242.222 90:4c:81:c0:bc:08 GSM CLUSTER_AAC is not copied to assigned A-AAC, ignore HELLO
Jul 25 00:03:06 10.44.6.63 stm[3644]:  <501105> <NOTI> |AP Faci228-AP325-1@10.44.6.63 stm|  Deauth from sta: 64:51:06:66:77:c4: AP 10.44.6.63-40:e3:d6:54:d6:20-Faci228-AP325-1 Reason STA has left and is deauthenticated
Jul 25 00:03:06 Aruba-MM-01 wms[6492]: <126068> <6492> <WARN> <Aruba-MM-01 10.47.128.140> |ids| AP(38:17:c3:84:9c:30@Grig360-AP345-1): Adhoc Network Using Valid SSID: An AP detected an adhoc node 0c:90:c3:82:b9:d0 (BSSID 38:17:c3:82:b9:d0 and SSID eduroam on CHANNEL 161) using a valid/protected SSID. SNR is 10.
Jul 25 00:03:07 10.44.22.177 sapd[2843]: <326268> <ERRS> |AP Grig360-AP345-1@10.44.22.177 sapd|  An internal system error has occurred at file amon.c function amon_mcell_add_max_ssids_table line 2023 error invalid max_ssids 239 for 38:17:c3:82:d3:50 .
Jul 25 00:03:07 10.44.76.109 stm[3639]:  <501093> <NOTI> |AP Rees140-AP325-1@10.44.76.109 stm|  Auth success: d4:6a:6a:65:bc:c7: AP 10.44.76.109-ac:a3:1e:5a:5f:e0-Rees140-AP325-1
Jul 25 00:03:07 10.44.76.109 stm[3639]:  <501095> <NOTI> |AP Rees140-AP325-1@10.44.76.109 stm|  Assoc request @ 00:03:07.894468: d4:6a:6a:65:bc:c7 (SN 0): AP 10.44.76.109-ac:a3:1e:5a:5f:e0-Rees140-AP325-1
Jul 25 00:03:07 10.44.76.109 stm[3639]:  <501068> <WARN> |AP Rees140-AP325-1@10.44.76.109 stm|  Source: d4:6a:6a:65:bc:c7 Failed AP 10.44.76.109-ac:a3:1e:5a:5f:e0-Rees140-AP325-1 Multicast Encryption Mismatch
Jul 25 00:03:07 10.44.76.109 stm[3639]:  <501101> <NOTI> |AP Rees140-AP325-1@10.44.76.109 stm|  Assoc failure: d4:6a:6a:65:bc:c7: AP 10.44.76.109-ac:a3:1e:5a:5f:e0-Rees140-AP325-1 Reason Capability requested by STA unsupported by AP
Jul 25 00:03:07 10.44.76.109 stm[3639]:  <501080> <NOTI> |AP Rees140-AP325-1@10.44.76.109 stm|  Deauth to sta: d4:6a:6a:65:bc:c7: Ageout AP 10.44.76.109-ac:a3:1e:5a:5f:e0-Rees140-AP325-1 Capability requested by STA unsupported by AP
Jul 25 00:03:07 10.44.6.57 stm[3681]:  <501093> <NOTI> |AP Faci217-AP325-1@10.44.6.57 stm|  Auth success: 64:51:06:66:77:c4: AP 10.44.6.57-ac:a3:1e:5a:68:e0-Faci217-AP325-1
Jul 25 00:03:07 10.47.0.32 stm[1897]: <501218> <1897> <NOTI> < 10.47.0.32>  stm_sta_assign_vlan 21120: VLAN: sta 64:51:06:66:77:c4, STM assigns MAC based vlan_id 1
Jul 25 00:03:07 10.47.0.32 stm[1897]: <501100> <1897> <NOTI> < 10.47.0.32>  Assoc success @ 00:03:07.955978: 64:51:06:66:77:c4: AP 10.44.6.57-ac:a3:1e:5a:68:e0-Faci217-AP325-1
Jul 25 00:03:07 10.44.6.57 stm[3681]:  <501095> <NOTI> |AP Faci217-AP325-1@10.44.6.57 stm|  Assoc request @ 00:03:07.949923: 64:51:06:66:77:c4 (SN 0): AP 10.44.6.57-ac:a3:1e:5a:68:e0-Faci217-AP325-1
Jul 25 00:03:07 10.44.6.57 stm[3681]:  <501100> <NOTI> |AP Faci217-AP325-1@10.44.6.57 stm|  Assoc success @ 00:03:07.954172: 64:51:06:66:77:c4: AP 10.44.6.57-ac:a3:1e:5a:68:e0-Faci217-AP325-1
Jul 25 00:03:10 10.44.76.109 stm[3639]:  <501093> <NOTI> |AP Rees140-AP325-1@10.44.76.109 stm|  Auth success: d4:6a:6a:65:bc:c7: AP 10.44.76.109-ac:a3:1e:5a:5f:e0-Rees140-AP325-1
Jul 25 00:03:10 10.44.76.109 stm[3639]:  <501095> <NOTI> |AP Rees140-AP325-1@10.44.76.109 stm|  Assoc request @ 00:03:10.894312: d4:6a:6a:65:bc:c7 (SN 0): AP 10.44.76.109-ac:a3:1e:5a:5f:e0-Rees140-AP325-1
Jul 25 00:03:10 10.44.76.109 stm[3639]:  <501068> <WARN> |AP Rees140-AP325-1@10.44.76.109 stm|  Source: d4:6a:6a:65:bc:c7 Failed AP 10.44.76.109-ac:a3:1e:5a:5f:e0-Rees140-AP325-1 Multicast Encryption Mismatch
Jul 25 00:03:10 10.44.76.109 stm[3639]:  <501101> <NOTI> |AP Rees140-AP325-1@10.44.76.109 stm|  Assoc failure: d4:6a:6a:65:bc:c7: AP 10.44.76.109-ac:a3:1e:5a:5f:e0-Rees140-AP325-1 Reason Capability requested by STA unsupported by AP
Jul 25 00:03:10 10.44.76.109 stm[3639]:  <501080> <NOTI> |AP Rees140-AP325-1@10.44.76.109 stm|  Deauth to sta: d4:6a:6a:65:bc:c7: Ageout AP 10.44.76.109-ac:a3:1e:5a:5f:e0-Rees140-AP325-1 Capability requested by STA unsupported by AP
Jul 25 00:03:11 10.44.10.231 stm[2528]:  <501093> <NOTI> |AP EXT-BaTF-1@10.44.10.231 stm|  Auth success: c0:ee:fb:e3:78:fa: AP 10.44.10.231-20:a6:cd:21:b5:c1-EXT-BaTF-1
Jul 25 00:03:11 10.44.10.231 stm[2528]:  <501095> <NOTI> |AP EXT-BaTF-1@10.44.10.231 stm|  Assoc request @ 00:03:11.423813: c0:ee:fb:e3:78:fa (SN 2388): AP 10.44.10.231-20:a6:cd:21:b5:c1-EXT-BaTF-1
Jul 25 00:03:11 10.47.0.32 stm[1897]: <501218> <1897> <NOTI> < 10.47.0.32>  stm_sta_assign_vlan 21120: VLAN: sta c0:ee:fb:e3:78:fa, STM assigns MAC based vlan_id 1
Jul 25 00:03:11 10.47.0.32 stm[1897]: <501080> <1897> <NOTI> < 10.47.0.32>  Deauth to sta: c0:ee:fb:e3:78:fa: Ageout AP 10.44.11.231-48:4a:e9:d5:5c:f1-EXT-SoTF-AP375-2 STA has roamed to another AP
Jul 25 00:03:11 10.47.0.32 stm[1897]: <501100> <1897> <NOTI> < 10.47.0.32>  Assoc success @ 00:03:11.435111: c0:ee:fb:e3:78:fa: AP 10.44.10.231-20:a6:cd:21:b5:c1-EXT-BaTF-1
Jul 25 00:03:11 10.44.10.231 stm[2528]:  <501100> <NOTI> |AP EXT-BaTF-1@10.44.10.231 stm|  Assoc success @ 00:03:11.430899: c0:ee:fb:e3:78:fa: AP 10.44.10.231-20:a6:cd:21:b5:c1-EXT-BaTF-1
Jul 25 00:03:11 10.44.11.231 stm[3550]:  <501105> <NOTI> |AP EXT-SoTF-AP375-2@10.44.11.231 stm|  Deauth from sta: c0:ee:fb:e3:78:fa: AP 10.44.11.231-48:4a:e9:d5:5c:f1-EXT-SoTF-AP375-2 Reason STA has roamed to another AP
Jul 25 00:03:11 10.44.15.167 stm[3655]:  <501093> <NOTI> |AP EPIC1182-AP325-1@10.44.15.167 stm|  Auth success: 8a:72:30:f3:6e:af: AP 10.44.15.167-ac:a3:1e:5a:65:90-EPIC1182-AP325-1
Jul 25 00:03:11 10.47.0.32 stm[1897]: <501218> <1897> <NOTI> < 10.47.0.32>  stm_sta_assign_vlan 21120: VLAN: sta 8a:72:30:f3:6e:af, STM assigns MAC based vlan_id 1
Jul 25 00:03:11 10.47.0.32 stm[1897]: <501080> <1897> <NOTI> < 10.47.0.32>  Deauth to sta: 8a:72:30:f3:6e:af: Ageout AP 10.44.15.138-b4:5d:50:13:89:f0-EXT-EPICG122-AP275-1 STA has roamed to another AP
Jul 25 00:03:11 10.44.15.167 stm[3655]:  <501095> <NOTI> |AP EPIC1182-AP325-1@10.44.15.167 stm|  Assoc request @ 00:03:11.554205: 8a:72:30:f3:6e:af (SN 0): AP 10.44.15.167-ac:a3:1e:5a:65:90-EPIC1182-AP325-1
Jul 25 00:03:11 10.47.0.32 stm[1897]: <501100> <1897> <NOTI> < 10.47.0.32>  Assoc success @ 00:03:11.560245: 8a:72:30:f3:6e:af: AP 10.44.15.167-ac:a3:1e:5a:65:90-EPIC1182-AP325-1
Jul 25 00:03:11 10.44.15.167 stm[3655]:  <501100> <NOTI> |AP EPIC1182-AP325-1@10.44.15.167 stm|  Assoc success @ 00:03:11.556798: 8a:72:30:f3:6e:af: AP 10.44.15.167-ac:a3:1e:5a:65:90-EPIC1182-AP325-1
Jul 25 00:03:11 10.44.15.138 stm[2530]:  <501105> <NOTI> |AP EXT-EPICG122-AP275-1@10.44.15.138 stm|  Deauth from sta: 8a:72:30:f3:6e:af: AP 10.44.15.138-b4:5d:50:13:89:f0-EXT-EPICG122-AP275-1 Reason STA has roamed to another AP
Jul 25 00:03:12 10.47.0.32 dot1x-proc:3[2749]: <522038> <2749> <NOTI> < 10.47.0.32>  username=w4nDnsOMwoXCnMKQwqjDm8Kiw5PDosKgwpJdw4jDh8OeTQ== MAC=8a:72:30:f3:6e:af IP=0.0.0.0 Result=Successful method=802.1x server=radius-atki-et5020-2-10.23.0.40
Jul 25 00:03:12 10.47.0.32 authmgr[1863]: <522008> <1863> <NOTI> < 10.47.0.32>  User Authentication Successful: username=w4nDnsOMwoXCnMKQwqjDm8Kiw5PDosKgwpJdw4jDh8OeTQ== MAC=8a:72:30:f3:6e:af IP=10.220.85.109 role=ur_eduroam_guest VLAN=310 AP=EPIC1182-AP325-1 SSID=eduroam AAA profile=aaa-uncc-dot1x auth method=802.1x auth server=radius-atki-et5020-2-10.23.0.40
Jul 25 00:03:12 10.47.0.32 authmgr[1863]: <522008> <1863> <NOTI> < 10.47.0.32>  User Authentication Successful: username=w4nDnsOMwoXCnMKQwqjDm8Kiw5PDosKgwpJdw4jDh8OeTQ== MAC=8a:72:30:f3:6e:af IP=fe80::1486:a6a1:25d8:ec62 role=ur_eduroam_guest VLAN=310 AP=EPIC1182-AP325-1 SSID=eduroam AAA profile=aaa-uncc-dot1x auth method=802.1x auth server=radius-atki-et5020-2-10.23.0.40
Jul 25 00:03:12 10.47.0.33 stm[1910]: <305061> <1910> <WARN> < 10.47.0.33>  sapm_proc_hello_req: AP 10.44.26.101 70:3a:0e:cd:21:34 GSM CLUSTER_AAC is not copied to assigned A-AAC, ignore HELLO
Jul 25 00:03:13 10.44.76.109 stm[3639]:  <501093> <NOTI> |AP Rees140-AP325-1@10.44.76.109 stm|  Auth success: d4:6a:6a:65:bc:c7: AP 10.44.76.109-ac:a3:1e:5a:5f:e0-Rees140-AP325-1
Jul 25 00:03:13 10.44.76.109 stm[3639]:  <501095> <NOTI> |AP Rees140-AP325-1@10.44.76.109 stm|  Assoc request @ 00:03:13.897030: d4:6a:6a:65:bc:c7 (SN 0): AP 10.44.76.109-ac:a3:1e:5a:5f:e0-Rees140-AP325-1
Jul 25 00:03:13 10.44.76.109 stm[3639]:  <501068> <WARN> |AP Rees140-AP325-1@10.44.76.109 stm|  Source: d4:6a:6a:65:bc:c7 Failed AP 10.44.76.109-ac:a3:1e:5a:5f:e0-Rees140-AP325-1 Multicast Encryption Mismatch
Jul 25 00:03:13 10.44.76.109 stm[3639]:  <501101> <NOTI> |AP Rees140-AP325-1@10.44.76.109 stm|  Assoc failure: d4:6a:6a:65:bc:c7: AP 10.44.76.109-ac:a3:1e:5a:5f:e0-Rees140-AP325-1 Reason Capability requested by STA unsupported by AP
Jul 25 00:03:13 10.44.76.109 stm[3639]:  <501080> <NOTI> |AP Rees140-AP325-1@10.44.76.109 stm|  Deauth to sta: d4:6a:6a:65:bc:c7: Ageout AP 10.44.76.109-ac:a3:1e:5a:5f:e0-Rees140-AP325-1 Capability requested by STA unsupported by AP
Jul 25 00:03:13 10.44.208.231 stm[2970]:  <501093> <NOTI> |AP Smit204-AP335-1@10.44.208.231 stm|  Auth success: 74:40:bb:e5:9d:15: AP 10.44.208.231-70:3a:0e:50:94:c0-Smit204-AP335-1
Jul 25 00:03:13 10.44.208.231 stm[2970]:  <501095> <NOTI> |AP Smit204-AP335-1@10.44.208.231 stm|  Assoc request @ 00:03:13.953648: 74:40:bb:e5:9d:15 (SN 0): AP 10.44.208.231-70:3a:0e:50:94:c0-Smit204-AP335-1
Jul 25 00:03:13 10.47.0.32 stm[1897]: <501218> <1897> <NOTI> < 10.47.0.32>  stm_sta_assign_vlan 21120: VLAN: sta 74:40:bb:e5:9d:15, STM assigns MAC based vlan_id 1
Jul 25 00:03:13 10.47.0.32 stm[1897]: <501100> <1897> <NOTI> < 10.47.0.32>  Assoc success @ 00:03:13.961323: 74:40:bb:e5:9d:15: AP 10.44.208.231-70:3a:0e:50:94:c0-Smit204-AP335-1
Jul 25 00:03:13 10.44.208.231 stm[2970]:  <501100> <NOTI> |AP Smit204-AP335-1@10.44.208.231 stm|  Assoc success @ 00:03:13.959435: 74:40:bb:e5:9d:15: AP 10.44.208.231-70:3a:0e:50:94:c0-Smit204-AP335-1
Jul 25 00:03:14 10.47.0.33 stm[1910]: <501106> <4021> <NOTI> < 10.47.0.33>  Deauth to sta: d8:30:62:64:d0:1b: Ageout AP 10.44.208.151-70:3a:0e:50:7b:90-Smit134-AP335-1 wifi_deauth_sta
Jul 25 00:03:14 10.47.0.33 stm[1910]: <501080> <4021> <NOTI> < 10.47.0.33>  Deauth to sta: d8:30:62:64:d0:1b: Ageout AP 10.44.208.151-70:3a:0e:50:7b:90-Smit134-AP335-1 APAE Disconnect
Jul 25 00:03:14 10.44.208.151 stm[2967]:  <501105> <NOTI> |AP Smit134-AP335-1@10.44.208.151 stm|  Deauth from sta: d8:30:62:64:d0:1b: AP 10.44.208.151-70:3a:0e:50:7b:90-Smit134-AP335-1 Reason APAE Disconnect
Jul 25 00:03:15 10.44.30.176 KERNEL(PORT200-AP325-1@10.44.30.176): [559591.053281] Cleanup bucketmap for essid eduroam(0)
Jul 25 00:03:15 10.44.30.176 KERNEL(PORT200-AP325-1@10.44.30.176): [559591.053281] Cleanup bucketmap for essid NinerWiFi-Guest(0)
Jul 25 00:03:15 10.44.30.176 KERNEL(PORT200-AP325-1@10.44.30.176): [559591.053281] Cleanup bucketmap for essid NinerWiFi-PSK(0)
Jul 25 00:03:15 10.44.30.176 KERNEL(PORT200-AP325-1@10.44.30.176): [559591.053281] Cleanup bucketmap for essid NinerWiFi-Services(0)
Jul 25 00:03:15 10.44.214.243 stm[2526]:  <501093> <NOTI> |AP EXT-Rece156C-AP275-1@10.44.214.243 stm|  Auth success: 4c:cc:34:0d:66:68: AP 10.44.214.243-c8:b5:ad:ba:5c:c1-EXT-Rece156C-AP275-1
Jul 25 00:03:15 10.44.214.243 stm[2526]:  <501095> <NOTI> |AP EXT-Rece156C-AP275-1@10.44.214.243 stm|  Assoc request @ 00:03:15.178040: 4c:cc:34:0d:66:68 (SN 2090): AP 10.44.214.243-c8:b5:ad:ba:5c:c1-EXT-Rece156C-AP275-1
Jul 25 00:03:15 10.47.0.33 stm[1910]: <501218> <1910> <NOTI> < 10.47.0.33>  stm_sta_assign_vlan 21120: VLAN: sta 4c:cc:34:0d:66:68, STM assigns MAC based vlan_id 1
Jul 25 00:03:15 10.47.0.33 stm[1910]: <501080> <1910> <NOTI> < 10.47.0.33>  Deauth to sta: 4c:cc:34:0d:66:68: Ageout AP 10.44.212.218-c8:b5:ad:ba:39:51-EXT-FOPS125A-AP275-1 STA has roamed to another AP
Jul 25 00:03:15 10.47.0.33 stm[1910]: <501100> <1910> <NOTI> < 10.47.0.33>  Assoc success @ 00:03:15.190900: 4c:cc:34:0d:66:68: AP 10.44.214.243-c8:b5:ad:ba:5c:c1-EXT-Rece156C-AP275-1
Jul 25 00:03:15 10.44.214.243 stm[2526]:  <501100> <NOTI> |AP EXT-Rece156C-AP275-1@10.44.214.243 stm|  Assoc success @ 00:03:15.184827: 4c:cc:34:0d:66:68: AP 10.44.214.243-c8:b5:ad:ba:5c:c1-EXT-Rece156C-AP275-1
Jul 25 00:03:15 10.44.212.218 stm[2526]:  <501105> <NOTI> |AP EXT-FOPS125A-AP275-1@10.44.212.218 stm|  Deauth from sta: 4c:cc:34:0d:66:68: AP 10.44.212.218-c8:b5:ad:ba:39:51-EXT-FOPS125A-AP275-1 Reason STA has roamed to another AP
Jul 25 00:03:16 10.44.4.50 stm[2526]:  <501093> <NOTI> |AP EXT-MilH200-AP275-1@10.44.4.50 stm|  Auth success: 00:fa:21:55:cc:4d: AP 10.44.4.50-b4:5d:50:13:79:d1-EXT-MilH200-AP275-1
Jul 25 00:03:16 10.44.4.50 stm[2526]:  <501095> <NOTI> |AP EXT-MilH200-AP275-1@10.44.4.50 stm|  Assoc request @ 00:03:16.089413: 00:fa:21:55:cc:4d (SN 618): AP 10.44.4.50-b4:5d:50:13:79:d1-EXT-MilH200-AP275-1
Jul 25 00:03:16 10.44.4.50 stm[2526]:  <501080> <NOTI> |AP EXT-MilH200-AP275-1@10.44.4.50 stm|  Deauth to sta: 00:fa:21:55:cc:4d: Ageout AP 10.44.4.50-b4:5d:50:13:79:c1-EXT-MilH200-AP275-1 STA has roamed to another AP
Jul 25 00:03:16 10.47.0.33 stm[1910]: <501218> <1910> <NOTI> < 10.47.0.33>  stm_sta_assign_vlan 21120: VLAN: sta 00:fa:21:55:cc:4d, STM assigns MAC based vlan_id 1
Jul 25 00:03:16 10.47.0.33 stm[1910]: <501100> <1910> <NOTI> < 10.47.0.33>  Assoc success @ 00:03:16.105418: 00:fa:21:55:cc:4d: AP 10.44.4.50-b4:5d:50:13:79:d1-EXT-MilH200-AP275-1
Jul 25 00:03:16 10.44.4.50 stm[2526]:  <501100> <NOTI> |AP EXT-MilH200-AP275-1@10.44.4.50 stm|  Assoc success @ 00:03:16.100955: 00:fa:21:55:cc:4d: AP 10.44.4.50-b4:5d:50:13:79:d1-EXT-MilH200-AP275-1
Jul 25 00:03:16 10.44.208.149 stm[2969]:  <501093> <NOTI> |AP Smit133-AP335-1@10.44.208.149 stm|  Auth success: d8:30:62:64:d0:1b: AP 10.44.208.149-70:3a:0e:50:79:90-Smit133-AP335-1
